Archive member included to satisfy reference by file (symbol)

c:/msys64/home/kyleo/qmk_utils/avr8-gnu-toolchain/bin/../lib/gcc/avr/8.3.0/../../../../avr/lib/avr5\libm.a(addsf3.o)
                              .build/obj_clueboard_66_rev3_default/quantum/rgblight.o (__subsf3)
c:/msys64/home/kyleo/qmk_utils/avr8-gnu-toolchain/bin/../lib/gcc/avr/8.3.0/../../../../avr/lib/avr5\libm.a(addsf3x.o)
                              c:/msys64/home/kyleo/qmk_utils/avr8-gnu-toolchain/bin/../lib/gcc/avr/8.3.0/../../../../avr/lib/avr5\libm.a(addsf3.o) (__addsf3x)
c:/msys64/home/kyleo/qmk_utils/avr8-gnu-toolchain/bin/../lib/gcc/avr/8.3.0/../../../../avr/lib/avr5\libm.a(divsf3.o)
                              .build/obj_clueboard_66_rev3_default/quantum/rgblight.o (__divsf3)
c:/msys64/home/kyleo/qmk_utils/avr8-gnu-toolchain/bin/../lib/gcc/avr/8.3.0/../../../../avr/lib/avr5\libm.a(divsf3x.o)
                              c:/msys64/home/kyleo/qmk_utils/avr8-gnu-toolchain/bin/../lib/gcc/avr/8.3.0/../../../../avr/lib/avr5\libm.a(divsf3.o) (__divsf3x)
c:/msys64/home/kyleo/qmk_utils/avr8-gnu-toolchain/bin/../lib/gcc/avr/8.3.0/../../../../avr/lib/avr5\libm.a(exp.o)
                              .build/obj_clueboard_66_rev3_default/quantum/rgblight.o (exp)
c:/msys64/home/kyleo/qmk_utils/avr8-gnu-toolchain/bin/../lib/gcc/avr/8.3.0/../../../../avr/lib/avr5\libm.a(fixunssfsi.o)
                              .build/obj_clueboard_66_rev3_default/quantum/rgblight.o (__fixunssfsi)
c:/msys64/home/kyleo/qmk_utils/avr8-gnu-toolchain/bin/../lib/gcc/avr/8.3.0/../../../../avr/lib/avr5\libm.a(floatsisf.o)
                              .build/obj_clueboard_66_rev3_default/quantum/rgblight.o (__floatsisf)
c:/msys64/home/kyleo/qmk_utils/avr8-gnu-toolchain/bin/../lib/gcc/avr/8.3.0/../../../../avr/lib/avr5\libm.a(fp_inf.o)
                              c:/msys64/home/kyleo/qmk_utils/avr8-gnu-toolchain/bin/../lib/gcc/avr/8.3.0/../../../../avr/lib/avr5\libm.a(addsf3x.o) (__fp_inf)
c:/msys64/home/kyleo/qmk_utils/avr8-gnu-toolchain/bin/../lib/gcc/avr/8.3.0/../../../../avr/lib/avr5\libm.a(fp_nan.o)
                              c:/msys64/home/kyleo/qmk_utils/avr8-gnu-toolchain/bin/../lib/gcc/avr/8.3.0/../../../../avr/lib/avr5\libm.a(addsf3x.o) (__fp_nan)
c:/msys64/home/kyleo/qmk_utils/avr8-gnu-toolchain/bin/../lib/gcc/avr/8.3.0/../../../../avr/lib/avr5\libm.a(fp_powser.o)
                              c:/msys64/home/kyleo/qmk_utils/avr8-gnu-toolchain/bin/../lib/gcc/avr/8.3.0/../../../../avr/lib/avr5\libm.a(exp.o) (__fp_powser)
c:/msys64/home/kyleo/qmk_utils/avr8-gnu-toolchain/bin/../lib/gcc/avr/8.3.0/../../../../avr/lib/avr5\libm.a(fp_pscA.o)
                              c:/msys64/home/kyleo/qmk_utils/avr8-gnu-toolchain/bin/../lib/gcc/avr/8.3.0/../../../../avr/lib/avr5\libm.a(addsf3x.o) (__fp_pscA)
c:/msys64/home/kyleo/qmk_utils/avr8-gnu-toolchain/bin/../lib/gcc/avr/8.3.0/../../../../avr/lib/avr5\libm.a(fp_pscB.o)
                              c:/msys64/home/kyleo/qmk_utils/avr8-gnu-toolchain/bin/../lib/gcc/avr/8.3.0/../../../../avr/lib/avr5\libm.a(addsf3x.o) (__fp_pscB)
c:/msys64/home/kyleo/qmk_utils/avr8-gnu-toolchain/bin/../lib/gcc/avr/8.3.0/../../../../avr/lib/avr5\libm.a(fp_round.o)
                              c:/msys64/home/kyleo/qmk_utils/avr8-gnu-toolchain/bin/../lib/gcc/avr/8.3.0/../../../../avr/lib/avr5\libm.a(addsf3.o) (__fp_round)
c:/msys64/home/kyleo/qmk_utils/avr8-gnu-toolchain/bin/../lib/gcc/avr/8.3.0/../../../../avr/lib/avr5\libm.a(fp_split3.o)
                              c:/msys64/home/kyleo/qmk_utils/avr8-gnu-toolchain/bin/../lib/gcc/avr/8.3.0/../../../../avr/lib/avr5\libm.a(addsf3x.o) (__fp_split3)
c:/msys64/home/kyleo/qmk_utils/avr8-gnu-toolchain/bin/../lib/gcc/avr/8.3.0/../../../../avr/lib/avr5\libm.a(fp_zero.o)
                              c:/msys64/home/kyleo/qmk_utils/avr8-gnu-toolchain/bin/../lib/gcc/avr/8.3.0/../../../../avr/lib/avr5\libm.a(addsf3x.o) (__fp_zero)
c:/msys64/home/kyleo/qmk_utils/avr8-gnu-toolchain/bin/../lib/gcc/avr/8.3.0/../../../../avr/lib/avr5\libm.a(inverse.o)
                              c:/msys64/home/kyleo/qmk_utils/avr8-gnu-toolchain/bin/../lib/gcc/avr/8.3.0/../../../../avr/lib/avr5\libm.a(exp.o) (inverse)
c:/msys64/home/kyleo/qmk_utils/avr8-gnu-toolchain/bin/../lib/gcc/avr/8.3.0/../../../../avr/lib/avr5\libm.a(ldexp.o)
                              c:/msys64/home/kyleo/qmk_utils/avr8-gnu-toolchain/bin/../lib/gcc/avr/8.3.0/../../../../avr/lib/avr5\libm.a(exp.o) (ldexp)
c:/msys64/home/kyleo/qmk_utils/avr8-gnu-toolchain/bin/../lib/gcc/avr/8.3.0/../../../../avr/lib/avr5\libm.a(modf.o)
                              c:/msys64/home/kyleo/qmk_utils/avr8-gnu-toolchain/bin/../lib/gcc/avr/8.3.0/../../../../avr/lib/avr5\libm.a(exp.o) (modf)
c:/msys64/home/kyleo/qmk_utils/avr8-gnu-toolchain/bin/../lib/gcc/avr/8.3.0/../../../../avr/lib/avr5\libm.a(mulsf3.o)
                              .build/obj_clueboard_66_rev3_default/quantum/rgblight.o (__mulsf3)
[...]
Memory Configuration

Name             Origin             Length             Attributes
text             0x00000000         0x00020000         xr
data             0x00800060         0x0000ffa0         rw !x
eeprom           0x00810000         0x00010000         rw !x
fuse             0x00820000         0x00000400         rw !x
lock             0x00830000         0x00000400         rw !x
signature        0x00840000         0x00000400         rw !x
user_signatures  0x00850000         0x00000400         rw !x
*default*        0x00000000         0xffffffff

Linker script and memory map

Address of section .data set to 0x800100
LOAD c:/msys64/home/kyleo/qmk_utils/avr8-gnu-toolchain/bin/../lib/gcc/avr/8.3.0/../../../../avr/lib/avr5/crtatmega32u4.o
LOAD .build/obj_clueboard_66_rev3_default/keyboards/clueboard/66/rev3/rev3.o
LOAD .build/obj_clueboard_66_rev3_default/keyboards/clueboard/66/keymaps/default/keymap.o
LOAD .build/obj_clueboard_66_rev3_default/quantum/quantum.o
LOAD .build/obj_clueboard_66_rev3_default/quantum/keymap_common.o
LOAD .build/obj_clueboard_66_rev3_default/quantum/keycode_config.o
LOAD .build/obj_clueboard_66_rev3_default/quantum/matrix_common.o
LOAD .build/obj_clueboard_66_rev3_default/quantum/matrix.o
LOAD .build/obj_clueboard_66_rev3_default/quantum/debounce/sym_g.o
LOAD .build/obj_clueboard_66_rev3_default/quantum/color.o
LOAD .build/obj_clueboard_66_rev3_default/quantum/rgblight.o
LOAD .build/obj_clueboard_66_rev3_default/quantum/process_keycode/process_rgb.o
LOAD .build/obj_clueboard_66_rev3_default/quantum/backlight/backlight.o
LOAD .build/obj_clueboard_66_rev3_default/quantum/process_keycode/process_backlight.o
LOAD .build/obj_clueboard_66_rev3_default/ws2812.o
LOAD .build/obj_clueboard_66_rev3_default/quantum/led_tables.o
LOAD .build/obj_clueboard_66_rev3_default/quantum/process_keycode/process_space_cadet.o
LOAD .build/obj_clueboard_66_rev3_default/quantum/process_keycode/process_magic.o
LOAD .build/obj_clueboard_66_rev3_default/quantum/process_keycode/process_grave_esc.o
LOAD .build/obj_clueboard_66_rev3_default/common/host.o
LOAD .build/obj_clueboard_66_rev3_default/common/keyboard.o
LOAD .build/obj_clueboard_66_rev3_default/common/action.o
LOAD .build/obj_clueboard_66_rev3_default/common/action_tapping.o
LOAD .build/obj_clueboard_66_rev3_default/common/action_macro.o
LOAD .build/obj_clueboard_66_rev3_default/common/action_layer.o
LOAD .build/obj_clueboard_66_rev3_default/common/action_util.o
LOAD .build/obj_clueboard_66_rev3_default/common/print.o
LOAD .build/obj_clueboard_66_rev3_default/common/debug.o
LOAD .build/obj_clueboard_66_rev3_default/common/util.o
LOAD .build/obj_clueboard_66_rev3_default/common/eeconfig.o
LOAD .build/obj_clueboard_66_rev3_default/common/report.o
LOAD .build/obj_clueboard_66_rev3_default/common/avr/suspend.o
LOAD .build/obj_clueboard_66_rev3_default/common/avr/timer.o
LOAD .build/obj_clueboard_66_rev3_default/common/avr/bootloader.o
LOAD .build/obj_clueboard_66_rev3_default/common/avr/xprintf.o
LOAD .build/obj_clueboard_66_rev3_default/common/magic.o
LOAD .build/obj_clueboard_66_rev3_default/common/mousekey.o
LOAD .build/obj_clueboard_66_rev3_default/lufa.o
LOAD .build/obj_clueboard_66_rev3_default/usb_descriptor.o
LOAD .build/obj_clueboard_66_rev3_default/outputselect.o
LOAD .build/obj_clueboard_66_rev3_default/lib/lufa/LUFA/Drivers/USB/Class/Common/HIDParser.o
LOAD .build/obj_clueboard_66_rev3_default/lib/lufa/LUFA/Drivers/USB/Core/AVR8/Device_AVR8.o
LOAD .build/obj_clueboard_66_rev3_default/lib/lufa/LUFA/Drivers/USB/Core/AVR8/EndpointStream_AVR8.o
LOAD .build/obj_clueboard_66_rev3_default/lib/lufa/LUFA/Drivers/USB/Core/AVR8/Endpoint_AVR8.o
LOAD .build/obj_clueboard_66_rev3_default/lib/lufa/LUFA/Drivers/USB/Core/AVR8/Host_AVR8.o
LOAD .build/obj_clueboard_66_rev3_default/lib/lufa/LUFA/Drivers/USB/Core/AVR8/PipeStream_AVR8.o
LOAD .build/obj_clueboard_66_rev3_default/lib/lufa/LUFA/Drivers/USB/Core/AVR8/Pipe_AVR8.o
LOAD .build/obj_clueboard_66_rev3_default/lib/lufa/LUFA/Drivers/USB/Core/AVR8/USBController_AVR8.o
LOAD .build/obj_clueboard_66_rev3_default/lib/lufa/LUFA/Drivers/USB/Core/AVR8/USBInterrupt_AVR8.o
LOAD .build/obj_clueboard_66_rev3_default/lib/lufa/LUFA/Drivers/USB/Core/ConfigDescriptors.o
LOAD .build/obj_clueboard_66_rev3_default/lib/lufa/LUFA/Drivers/USB/Core/DeviceStandardReq.o
LOAD .build/obj_clueboard_66_rev3_default/lib/lufa/LUFA/Drivers/USB/Core/Events.o
LOAD .build/obj_clueboard_66_rev3_default/lib/lufa/LUFA/Drivers/USB/Core/HostStandardReq.o
LOAD .build/obj_clueboard_66_rev3_default/lib/lufa/LUFA/Drivers/USB/Core/USBTask.o
LOAD c:/msys64/home/kyleo/qmk_utils/avr8-gnu-toolchain/bin/../lib/gcc/avr/8.3.0/../../../../avr/lib/avr5\libm.a
START GROUP
LOAD c:/msys64/home/kyleo/qmk_utils/avr8-gnu-toolchain/bin/../lib/gcc/avr/8.3.0/avr5\libgcc.a
LOAD c:/msys64/home/kyleo/qmk_utils/avr8-gnu-toolchain/bin/../lib/gcc/avr/8.3.0/../../../../avr/lib/avr5\libm.a
LOAD c:/msys64/home/kyleo/qmk_utils/avr8-gnu-toolchain/bin/../lib/gcc/avr/8.3.0/../../../../avr/lib/avr5\libc.a
LOAD c:/msys64/home/kyleo/qmk_utils/avr8-gnu-toolchain/bin/../lib/gcc/avr/8.3.0/../../../../avr/lib/avr5\libatmega32u4.a
END GROUP
                0x00020000                __TEXT_REGION_LENGTH__ = DEFINED (__TEXT_REGION_LENGTH__)?__TEXT_REGION_LENGTH__:0x20000
                0x0000ffa0                __DATA_REGION_LENGTH__ = DEFINED (__DATA_REGION_LENGTH__)?__DATA_REGION_LENGTH__:0xffa0
                0x00010000                __EEPROM_REGION_LENGTH__ = DEFINED (__EEPROM_REGION_LENGTH__)?__EEPROM_REGION_LENGTH__:0x10000
                0x00000400                __FUSE_REGION_LENGTH__ = DEFINED (__FUSE_REGION_LENGTH__)?__FUSE_REGION_LENGTH__:0x400
                0x00000400                __LOCK_REGION_LENGTH__ = DEFINED (__LOCK_REGION_LENGTH__)?__LOCK_REGION_LENGTH__:0x400
                0x00000400                __SIGNATURE_REGION_LENGTH__ = DEFINED (__SIGNATURE_REGION_LENGTH__)?__SIGNATURE_REGION_LENGTH__:0x400
                0x00000400                __USER_SIGNATURE_REGION_LENGTH__ = DEFINED (__USER_SIGNATURE_REGION_LENGTH__)?__USER_SIGNATURE_REGION_LENGTH__:0x400

.hash
 *(.hash)

.dynsym
 *(.dynsym)

.dynstr
 *(.dynstr)

.gnu.version
 *(.gnu.version)

.gnu.version_d
 *(.gnu.version_d)

.gnu.version_r
 *(.gnu.version_r)

.rel.init
 *(.rel.init)

.rela.init
 *(.rela.init)

.rel.text
 *(.rel.text)
 *(.rel.text.*)
 *(.rel.gnu.linkonce.t*)

.rela.text
 *(.rela.text)
 *(.rela.text.*)
 *(.rela.gnu.linkonce.t*)

.rel.fini
 *(.rel.fini)

.rela.fini
 *(.rela.fini)

.rel.rodata
 *(.rel.rodata)
 *(.rel.rodata.*)
 *(.rel.gnu.linkonce.r*)

.rela.rodata
 *(.rela.rodata)
 *(.rela.rodata.*)
 *(.rela.gnu.linkonce.r*)

.rel.data
 *(.rel.data)
 *(.rel.data.*)
 *(.rel.gnu.linkonce.d*)

.rela.data
 *(.rela.data)
 *(.rela.data.*)
 *(.rela.gnu.linkonce.d*)

.rel.ctors
 *(.rel.ctors)

.rela.ctors
 *(.rela.ctors)

.rel.dtors
 *(.rel.dtors)

.rela.dtors
 *(.rela.dtors)

.rel.got
 *(.rel.got)

.rela.got
 *(.rela.got)

.rel.bss
 *(.rel.bss)

.rela.bss
 *(.rela.bss)

.rel.plt
 *(.rel.plt)

.rela.plt
 *(.rela.plt)

.text           0x00000000     0x65e0
 *(.vectors)
 .vectors       0x00000000       0xac c:/msys64/home/kyleo/qmk_utils/avr8-gnu-toolchain/bin/../lib/gcc/avr/8.3.0/../../../../avr/lib/avr5/crtatmega32u4.o
                0x00000000                __vector_default
                0x00000000                __vectors
 *(.vectors)
 *(.progmem.gcc*)
 .progmem.gcc_fplib
                0x000000ac       0x28 c:/msys64/home/kyleo/qmk_utils/avr8-gnu-toolchain/bin/../lib/gcc/avr/8.3.0/../../../../avr/lib/avr5\libm.a(exp.o)
 .progmem.gcc_fplib
                0x000000d4       0x1e c:/msys64/home/kyleo/qmk_utils/avr8-gnu-toolchain/bin/../lib/gcc/avr/8.3.0/../../../../avr/lib/avr5\libm.a(fp_sinus.o)
                0x000000f2                . = ALIGN (0x2)
                0x000000f2                __trampolines_start = .
 *(.trampolines)
 .trampolines   0x000000f2        0x0 linker stubs
 *(.trampolines*)
                0x000000f2                __trampolines_end = .
 *libprintf_flt.a:*(.progmem.data)
 *libc.a:*(.progmem.data)
 *(.progmem.*)
 .progmem.data.__c.6318
                0x000000f2       0x16 .build/obj_clueboard_66_rev3_default/keyboards/clueboard/66/rev3/rev3.o
 .progmem.data.keymaps
                0x00000108      0x1e0 .build/obj_clueboard_66_rev3_default/keyboards/clueboard/66/keymaps/default/keymap.o
                0x00000108                keymaps
 .progmem.data.__c.6415
                0x000002e8       0x12 .build/obj_clueboard_66_rev3_default/quantum/quantum.o
 .progmem.data.__c.6413
                0x000002fa       0x11 .build/obj_clueboard_66_rev3_default/quantum/quantum.o
 .progmem.data.fn_actions
                0x0000030b        0x0 .build/obj_clueboard_66_rev3_default/quantum/keymap_common.o
                0x0000030b                fn_actions
 .progmem.data.__c.1968
                0x0000030b        0x2 .build/obj_clueboard_66_rev3_default/quantum/matrix_common.o
 .progmem.data.__c.1966
                0x0000030d        0x5 .build/obj_clueboard_66_rev3_default/quantum/matrix_common.o
 .progmem.data.__c.1964
                0x00000312        0x3 .build/obj_clueboard_66_rev3_default/quantum/matrix_common.o
 .progmem.data.__c.1962
                0x00000315        0x5 .build/obj_clueboard_66_rev3_default/quantum/matrix_common.o
 .progmem.data.__c.1959
                0x0000031a        0xf .build/obj_clueboard_66_rev3_default/quantum/matrix_common.o
 .progmem.data.__c.3228
                0x00000329       0x19 .build/obj_clueboard_66_rev3_default/quantum/rgblight.o
 .progmem.data.__c.3223
                0x00000342       0x19 .build/obj_clueboard_66_rev3_default/quantum/rgblight.o
 .progmem.data.__c.3099
                0x0000035b       0x27 .build/obj_clueboard_66_rev3_default/quantum/rgblight.o
 .progmem.data.__c.3097
                0x00000382       0x25 .build/obj_clueboard_66_rev3_default/quantum/rgblight.o
 .progmem.data.__c.3092
                0x000003a7       0x27 .build/obj_clueboard_66_rev3_default/quantum/rgblight.o
 .progmem.data.__c.2998
                0x000003ce       0x38 .build/obj_clueboard_66_rev3_default/quantum/rgblight.o
 .progmem.data.__c.2988
                0x00000406       0x37 .build/obj_clueboard_66_rev3_default/quantum/rgblight.o
 .progmem.data.__c.2978
                0x0000043d       0x37 .build/obj_clueboard_66_rev3_default/quantum/rgblight.o
 .progmem.data.__c.2967
                0x00000474       0x1e .build/obj_clueboard_66_rev3_default/quantum/rgblight.o
 .progmem.data.__c.2965
                0x00000492       0x1c .build/obj_clueboard_66_rev3_default/quantum/rgblight.o
 .progmem.data.__c.2922
                0x000004ae       0x49 .build/obj_clueboard_66_rev3_default/quantum/rgblight.o
 .progmem.data.__c.2920
                0x000004f7       0x28 .build/obj_clueboard_66_rev3_default/quantum/rgblight.o
 .progmem.data.__c.2918
                0x0000051f       0x16 .build/obj_clueboard_66_rev3_default/quantum/rgblight.o
 .progmem.data.__c.2916
                0x00000535       0x17 .build/obj_clueboard_66_rev3_default/quantum/rgblight.o
 .progmem.data.__c.2911
                0x0000054c       0x1c .build/obj_clueboard_66_rev3_default/quantum/rgblight.o
 .progmem.data.__c.2909
                0x00000568       0x1a .build/obj_clueboard_66_rev3_default/quantum/rgblight.o
 .progmem.data.__c.2907
                0x00000582       0x1a .build/obj_clueboard_66_rev3_default/quantum/rgblight.o
 .progmem.data.__c.2905
                0x0000059c       0x1a .build/obj_clueboard_66_rev3_default/quantum/rgblight.o
 .progmem.data.__c.2903
                0x000005b6       0x1b .build/obj_clueboard_66_rev3_default/quantum/rgblight.o
 .progmem.data.__c.2901
                0x000005d1       0x1d .build/obj_clueboard_66_rev3_default/quantum/rgblight.o
 .progmem.data.__c.2899
                0x000005ee       0x19 .build/obj_clueboard_66_rev3_default/quantum/rgblight.o
 .progmem.data.RGBLED_RGBTEST_INTERVALS
                0x00000607        0x2 .build/obj_clueboard_66_rev3_default/quantum/rgblight.o
                0x00000607                RGBLED_RGBTEST_INTERVALS
 .progmem.data.RGBLED_KNIGHT_INTERVALS
                0x00000609        0x3 .build/obj_clueboard_66_rev3_default/quantum/rgblight.o
                0x00000609                RGBLED_KNIGHT_INTERVALS
 .progmem.data.RGBLED_SNAKE_INTERVALS
                0x0000060c        0x3 .build/obj_clueboard_66_rev3_default/quantum/rgblight.o
                0x0000060c                RGBLED_SNAKE_INTERVALS
 .progmem.data.RGBLED_RAINBOW_SWIRL_INTERVALS
                0x0000060f        0x3 .build/obj_clueboard_66_rev3_default/quantum/rgblight.o
                0x0000060f                RGBLED_RAINBOW_SWIRL_INTERVALS
 .progmem.data.RGBLED_RAINBOW_MOOD_INTERVALS
                0x00000612        0x3 .build/obj_clueboard_66_rev3_default/quantum/rgblight.o
                0x00000612                RGBLED_RAINBOW_MOOD_INTERVALS
 .progmem.data.RGBLED_BREATHING_INTERVALS
                0x00000615        0x4 .build/obj_clueboard_66_rev3_default/quantum/rgblight.o
                0x00000615                RGBLED_BREATHING_INTERVALS
 .progmem.data.RGBLED_GRADIENT_RANGES
                0x00000619        0x5 .build/obj_clueboard_66_rev3_default/quantum/rgblight.o
                0x00000619                RGBLED_GRADIENT_RANGES
 .progmem.data.__c.6345
                0x0000061e       0x14 .build/obj_clueboard_66_rev3_default/quantum/backlight/backlight.o
 .progmem.data.__c.6337
                0x00000632       0x13 .build/obj_clueboard_66_rev3_default/quantum/backlight/backlight.o
 .progmem.data.__c.6332
                0x00000645       0x12 .build/obj_clueboard_66_rev3_default/quantum/backlight/backlight.o
 .progmem.data.__c.6327
                0x00000657       0x16 .build/obj_clueboard_66_rev3_default/quantum/backlight/backlight.o
 .progmem.data.__c.6321
                0x0000066d       0x18 .build/obj_clueboard_66_rev3_default/quantum/backlight/backlight.o
 .progmem.data.__c.6316
                0x00000685       0x18 .build/obj_clueboard_66_rev3_default/quantum/backlight/backlight.o
 .progmem.data.CIE1931_CURVE
                0x0000069d      0x100 .build/obj_clueboard_66_rev3_default/quantum/led_tables.o
                0x0000069d                CIE1931_CURVE
 .progmem.data.__c.5032
                0x0000079d        0x2 .build/obj_clueboard_66_rev3_default/common/host.o
 .progmem.data.__c.5027
                0x0000079f        0x6 .build/obj_clueboard_66_rev3_default/common/host.o
 .progmem.data.__c.5024
                0x000007a5       0x12 .build/obj_clueboard_66_rev3_default/common/host.o
 .progmem.data.__c.6010
                0x000007b7        0x2 .build/obj_clueboard_66_rev3_default/common/keyboard.o
 .progmem.data.__c.6008
                0x000007b9        0x5 .build/obj_clueboard_66_rev3_default/common/keyboard.o
 .progmem.data.__c.6006
                0x000007be       0x13 .build/obj_clueboard_66_rev3_default/common/keyboard.o
 .progmem.data.__c.5055
                0x000007d1       0x1e .build/obj_clueboard_66_rev3_default/common/report.o
 .progmem.data.__c.5049
                0x000007ef       0x1e .build/obj_clueboard_66_rev3_default/common/report.o
 .progmem.data.__c.4935
                0x0000080d        0x3 .build/obj_clueboard_66_rev3_default/common/mousekey.o
 .progmem.data.__c.4933
                0x00000810        0x3 .build/obj_clueboard_66_rev3_default/common/mousekey.o
 .progmem.data.__c.4931
                0x00000813        0x2 .build/obj_clueboard_66_rev3_default/common/mousekey.o
 .progmem.data.__c.4929
                0x00000815        0x3 .build/obj_clueboard_66_rev3_default/common/mousekey.o
 .progmem.data.__c.4927
                0x00000818        0x3 .build/obj_clueboard_66_rev3_default/common/mousekey.o
 .progmem.data.__c.4925
                0x0000081b        0x3 .build/obj_clueboard_66_rev3_default/common/mousekey.o
 .progmem.data.__c.4923
                0x0000081e        0x2 .build/obj_clueboard_66_rev3_default/common/mousekey.o
 .progmem.data.__c.4921
                0x00000820        0x3 .build/obj_clueboard_66_rev3_default/common/mousekey.o
 .progmem.data.__c.4919
                0x00000823        0x2 .build/obj_clueboard_66_rev3_default/common/mousekey.o
 .progmem.data.__c.4917
                0x00000825        0x3 .build/obj_clueboard_66_rev3_default/common/mousekey.o
 .progmem.data.__c.4915
                0x00000828        0x2 .build/obj_clueboard_66_rev3_default/common/mousekey.o
 .progmem.data.__c.4913
                0x0000082a        0x3 .build/obj_clueboard_66_rev3_default/common/mousekey.o
 .progmem.data.__c.4911
                0x0000082d        0x2 .build/obj_clueboard_66_rev3_default/common/mousekey.o
 .progmem.data.__c.4909
                0x0000082f        0x5 .build/obj_clueboard_66_rev3_default/common/mousekey.o
 .progmem.data.__c.4907
                0x00000834       0x23 .build/obj_clueboard_66_rev3_default/common/mousekey.o
 .progmem.data.__c.6525
                0x00000857        0x4 .build/obj_clueboard_66_rev3_default/lufa.o
 .progmem.data.__c.6523
                0x0000085b       0x11 .build/obj_clueboard_66_rev3_default/lufa.o
 .progmem.data.__c.6414
                0x0000086c        0x4 .build/obj_clueboard_66_rev3_default/lufa.o
 .progmem.data.__c.6410
                0x00000870        0x4 .build/obj_clueboard_66_rev3_default/lufa.o
 .progmem.data.__c.6406
                0x00000874        0x4 .build/obj_clueboard_66_rev3_default/lufa.o
 .progmem.data.__c.6401
                0x00000878        0x4 .build/obj_clueboard_66_rev3_default/lufa.o
 .progmem.data.__c.6396
                0x0000087c        0x4 .build/obj_clueboard_66_rev3_default/lufa.o
 .progmem.data.SerialNumberString
                0x00000880        0x6 .build/obj_clueboard_66_rev3_default/usb_descriptor.o
                0x00000880                SerialNumberString
 .progmem.data.ProductString
                0x00000886       0x16 .build/obj_clueboard_66_rev3_default/usb_descriptor.o
                0x00000886                ProductString
 .progmem.data.ManufacturerString
                0x0000089c       0x16 .build/obj_clueboard_66_rev3_default/usb_descriptor.o
                0x0000089c                ManufacturerString
 .progmem.data.LanguageString
                0x000008b2        0x4 .build/obj_clueboard_66_rev3_default/usb_descriptor.o
                0x000008b2                LanguageString
 .progmem.data.ConfigurationDescriptor
                0x000008b6       0x5b .build/obj_clueboard_66_rev3_default/usb_descriptor.o
                0x000008b6                ConfigurationDescriptor
 .progmem.data.DeviceDescriptor
                0x00000911       0x12 .build/obj_clueboard_66_rev3_default/usb_descriptor.o
                0x00000911                DeviceDescriptor
 .progmem.data.ConsoleReport
                0x00000923       0x22 .build/obj_clueboard_66_rev3_default/usb_descriptor.o
                0x00000923                ConsoleReport
 .progmem.data.SharedReport
                0x00000945       0xbc .build/obj_clueboard_66_rev3_default/usb_descriptor.o
                0x00000945                SharedReport
 .progmem.data.KeyboardReport
                0x00000a01       0x40 .build/obj_clueboard_66_rev3_default/usb_descriptor.o
                0x00000a01                KeyboardReport
                0x00000a42                . = ALIGN (0x2)
 *fill*         0x00000a41        0x1 
 *(.lowtext)
 *(.lowtext*)
                0x00000a42                __ctors_start = .
 *(.ctors)
                0x00000a42                __ctors_end = .
                0x00000a42                __dtors_start = .
 *(.dtors)
                0x00000a42                __dtors_end = .
 SORT_BY_NAME(*)(.ctors)
 SORT_BY_NAME(*)(.dtors)
 *(.init0)
 .init0         0x00000a42        0x0 c:/msys64/home/kyleo/qmk_utils/avr8-gnu-toolchain/bin/../lib/gcc/avr/8.3.0/../../../../avr/lib/avr5/crtatmega32u4.o
                0x00000a42                __init
 *(.init0)
 *(.init1)
 *(.init1)
 *(.init2)
 .init2         0x00000a42        0xc c:/msys64/home/kyleo/qmk_utils/avr8-gnu-toolchain/bin/../lib/gcc/avr/8.3.0/../../../../avr/lib/avr5/crtatmega32u4.o
 *(.init2)
 *(.init3)
 .init3         0x00000a4e       0x54 .build/obj_clueboard_66_rev3_default/common/avr/bootloader.o
                0x00000a4e                bootloader_jump_after_watchdog_reset
 *(.init3)
 *(.init4)
 .init4         0x00000aa2       0x16 c:/msys64/home/kyleo/qmk_utils/avr8-gnu-toolchain/bin/../lib/gcc/avr/8.3.0/avr5\libgcc.a(_copy_data.o)
                0x00000aa2                __do_copy_data
 .init4         0x00000ab8       0x10 c:/msys64/home/kyleo/qmk_utils/avr8-gnu-toolchain/bin/../lib/gcc/avr/8.3.0/avr5\libgcc.a(_clear_bss.o)
                0x00000ab8                __do_clear_bss
 *(.init4)
 *(.init5)
 *(.init5)
 *(.init6)
 *(.init6)
 *(.init7)
 *(.init7)
 *(.init8)
 *(.init8)
 *(.init9)
 .init9         0x00000ac8        0x8 c:/msys64/home/kyleo/qmk_utils/avr8-gnu-toolchain/bin/../lib/gcc/avr/8.3.0/../../../../avr/lib/avr5/crtatmega32u4.o
 *(.init9)
 *(.text)
 .text          0x00000ad0        0x4 c:/msys64/home/kyleo/qmk_utils/avr8-gnu-toolchain/bin/../lib/gcc/avr/8.3.0/../../../../avr/lib/avr5/crtatmega32u4.o
                0x00000ad0                __vector_38
                0x00000ad0                __vector_22
                0x00000ad0                __vector_28
                0x00000ad0                __vector_1
                0x00000ad0                __vector_32
                0x00000ad0                __vector_34
                0x00000ad0                __vector_24
                0x00000ad0                __bad_interrupt
                0x00000ad0                __vector_6
                0x00000ad0                __vector_31
                0x00000ad0                __vector_35
                0x00000ad0                __vector_39
                0x00000ad0                __vector_3
                0x00000ad0                __vector_23
                0x00000ad0                __vector_30
                0x00000ad0                __vector_25
                0x00000ad0                __vector_13
                0x00000ad0                __vector_17
                0x00000ad0                __vector_19
                0x00000ad0                __vector_7
                0x00000ad0                __vector_41
                0x00000ad0                __vector_27
                0x00000ad0                __vector_5
                0x00000ad0                __vector_33
                0x00000ad0                __vector_37
                0x00000ad0                __vector_4
                0x00000ad0                __vector_9
                0x00000ad0                __vector_2
                0x00000ad0                __vector_15
                0x00000ad0                __vector_36
                0x00000ad0                __vector_29
                0x00000ad0                __vector_40
                0x00000ad0                __vector_8
                0x00000ad0                __vector_26
                0x00000ad0                __vector_14
                0x00000ad0                __vector_16
                0x00000ad0                __vector_18
                0x00000ad0                __vector_20
                0x00000ad0                __vector_42
 .text          0x00000ad4      0x15c .build/obj_clueboard_66_rev3_default/common/avr/xprintf.o
                0x00000ad4                xputc
                0x00000aec                xputs
                0x00000afa                xitoa
                0x00000c1e                __xprintf
                0x00000c30                . = ALIGN (0x2)
 *(.text.*)
 .text.matrix_scan_kb
                0x00000c30        0x4 .build/obj_clueboard_66_rev3_default/keyboards/clueboard/66/rev3/rev3.o
                0x00000c30                matrix_scan_kb
 .text.backlight_init_ports
                0x00000c34       0x16 .build/obj_clueboard_66_rev3_default/keyboards/clueboard/66/rev3/rev3.o
                0x00000c34                backlight_init_ports
 .text.backlight_set
                0x00000c4a       0x14 .build/obj_clueboard_66_rev3_default/keyboards/clueboard/66/rev3/rev3.o
                0x00000c4a                backlight_set
 .text.led_init_ports
                0x00000c5e        0x4 .build/obj_clueboard_66_rev3_default/keyboards/clueboard/66/rev3/rev3.o
                0x00000c5e                led_init_ports
 .text.matrix_init_kb
                0x00000c62        0x8 .build/obj_clueboard_66_rev3_default/keyboards/clueboard/66/rev3/rev3.o
                0x00000c62                matrix_init_kb
 .text.led_set_kb
                0x00000c6a        0xe .build/obj_clueboard_66_rev3_default/keyboards/clueboard/66/rev3/rev3.o
                0x00000c6a                led_set_kb
 .text.process_action_kb
                0x00000c78        0x4 .build/obj_clueboard_66_rev3_default/quantum/quantum.o
                0x00000c78                process_action_kb
 .text.process_record_user
                0x00000c7c        0x4 .build/obj_clueboard_66_rev3_default/quantum/quantum.o
                0x00000c7c                process_record_user
 .text.process_record_kb
                0x00000c80        0x4 .build/obj_clueboard_66_rev3_default/quantum/quantum.o
                0x00000c80                process_record_kb
 .text.post_process_record_user
                0x00000c84        0x2 .build/obj_clueboard_66_rev3_default/quantum/quantum.o
                0x00000c84                post_process_record_user
 .text.post_process_record_kb
                0x00000c86        0x4 .build/obj_clueboard_66_rev3_default/quantum/quantum.o
                0x00000c86                post_process_record_kb
 .text.get_event_keycode
                0x00000c8a       0x62 .build/obj_clueboard_66_rev3_default/quantum/quantum.o
                0x00000c8a                get_event_keycode
 .text.get_record_keycode
                0x00000cec       0x10 .build/obj_clueboard_66_rev3_default/quantum/quantum.o
                0x00000cec                get_record_keycode
 .text.post_process_record_quantum
                0x00000cfc       0x14 .build/obj_clueboard_66_rev3_default/quantum/quantum.o
                0x00000cfc                post_process_record_quantum
 .text.matrix_init_quantum
                0x00000d10       0x14 .build/obj_clueboard_66_rev3_default/quantum/quantum.o
                0x00000d10                matrix_init_quantum
 .text.matrix_scan_quantum
                0x00000d24        0x4 .build/obj_clueboard_66_rev3_default/quantum/quantum.o
                0x00000d24                matrix_scan_quantum
 .text.led_update_user
                0x00000d28        0x4 .build/obj_clueboard_66_rev3_default/quantum/quantum.o
                0x00000d28                led_update_user
 .text.led_update_kb
                0x00000d2c        0x4 .build/obj_clueboard_66_rev3_default/quantum/quantum.o
                0x00000d2c                led_update_kb
 .text.led_set  0x00000d30       0x10 .build/obj_clueboard_66_rev3_default/quantum/quantum.o
                0x00000d30                led_set
 .text.shutdown_user
                0x00000d40        0x2 .build/obj_clueboard_66_rev3_default/quantum/quantum.o
                0x00000d40                shutdown_user
 .text.reset_keyboard
                0x00000d42       0x1e .build/obj_clueboard_66_rev3_default/quantum/quantum.o
                0x00000d42                reset_keyboard
 .text.process_record_quantum
                0x00000d60       0xba .build/obj_clueboard_66_rev3_default/quantum/quantum.o
                0x00000d60                process_record_quantum
 .text.action_get_macro
                0x00000e1a        0x6 .build/obj_clueboard_66_rev3_default/quantum/keymap_common.o
                0x00000e1a                action_get_macro
 .text.action_function
                0x00000e20        0x2 .build/obj_clueboard_66_rev3_default/quantum/keymap_common.o
                0x00000e20                action_function
 .text.keymap_key_to_keycode
                0x00000e22       0x2a .build/obj_clueboard_66_rev3_default/quantum/keymap_common.o
                0x00000e22                keymap_key_to_keycode
 .text.keymap_function_id_to_action
                0x00000e4c       0x10 .build/obj_clueboard_66_rev3_default/quantum/keymap_common.o
                0x00000e4c                keymap_function_id_to_action
 .text.action_for_key
                0x00000e5c      0x22a .build/obj_clueboard_66_rev3_default/quantum/keymap_common.o
                0x00000e5c                action_for_key
 .text.keycode_config
                0x00001086      0x12e .build/obj_clueboard_66_rev3_default/quantum/keycode_config.o
                0x00001086                keycode_config
 .text.mod_config
                0x000011b4       0x86 .build/obj_clueboard_66_rev3_default/quantum/keycode_config.o
                0x000011b4                mod_config
 .text.matrix_init_user
                0x0000123a        0x2 .build/obj_clueboard_66_rev3_default/quantum/matrix_common.o
                0x0000123a                matrix_init_user
 .text.matrix_scan_user
                0x0000123c        0x2 .build/obj_clueboard_66_rev3_default/quantum/matrix_common.o
                0x0000123c                matrix_scan_user
 .text.matrix_get_row
                0x0000123e        0xc .build/obj_clueboard_66_rev3_default/quantum/matrix_common.o
                0x0000123e                matrix_get_row
 .text.matrix_print
                0x0000124a       0x8c .build/obj_clueboard_66_rev3_default/quantum/matrix_common.o
                0x0000124a                matrix_print
 .text.matrix_io_delay
                0x000012d6        0x8 .build/obj_clueboard_66_rev3_default/quantum/matrix_common.o
                0x000012d6                matrix_io_delay
 .text.matrix_init
                0x000012de       0x8c .build/obj_clueboard_66_rev3_default/quantum/matrix.o
                0x000012de                matrix_init
 .text.matrix_scan
                0x0000136a      0x11a .build/obj_clueboard_66_rev3_default/quantum/matrix.o
                0x0000136a                matrix_scan
 .text.debounce_init
                0x00001484        0x2 .build/obj_clueboard_66_rev3_default/quantum/debounce/sym_g.o
                0x00001484                debounce_init
 .text.debounce
                0x00001486       0x6c .build/obj_clueboard_66_rev3_default/quantum/debounce/sym_g.o
                0x00001486                debounce
 .text.hsv_to_rgb
                0x000014f2      0x124 .build/obj_clueboard_66_rev3_default/quantum/color.o
                0x000014f2                hsv_to_rgb
 .text.rgblight_effect_dummy
                0x00001616        0x2 .build/obj_clueboard_66_rev3_default/quantum/rgblight.o
 .text.sethsv_raw
                0x00001618       0x1c .build/obj_clueboard_66_rev3_default/quantum/rgblight.o
                0x00001618                sethsv_raw
 .text.rgblight_check_config
                0x00001634       0x1e .build/obj_clueboard_66_rev3_default/quantum/rgblight.o
                0x00001634                rgblight_check_config
 .text.eeconfig_read_rgblight
                0x00001652        0x8 .build/obj_clueboard_66_rev3_default/quantum/rgblight.o
                0x00001652                eeconfig_read_rgblight
 .text.eeconfig_update_rgblight
                0x0000165a       0x24 .build/obj_clueboard_66_rev3_default/quantum/rgblight.o
                0x0000165a                eeconfig_update_rgblight
 .text.eeconfig_update_rgblight_default
                0x0000167e       0x1e .build/obj_clueboard_66_rev3_default/quantum/rgblight.o
                0x0000167e                eeconfig_update_rgblight_default
 .text.eeconfig_debug_rgblight
                0x0000169c       0xf6 .build/obj_clueboard_66_rev3_default/quantum/rgblight.o
                0x0000169c                eeconfig_debug_rgblight
 .text.rgblight_get_mode
                0x00001792       0x10 .build/obj_clueboard_66_rev3_default/quantum/rgblight.o
                0x00001792                rgblight_get_mode
 .text.rgblight_increase_speed
                0x000017a2       0x22 .build/obj_clueboard_66_rev3_default/quantum/rgblight.o
                0x000017a2                rgblight_increase_speed
 .text.rgblight_decrease_speed
                0x000017c4       0x22 .build/obj_clueboard_66_rev3_default/quantum/rgblight.o
                0x000017c4                rgblight_decrease_speed
 .text.rgblight_set
                0x000017e6       0x46 .build/obj_clueboard_66_rev3_default/quantum/rgblight.o
                0x000017e6                rgblight_set
 .text.rgblight_setrgb
                0x0000182c       0x32 .build/obj_clueboard_66_rev3_default/quantum/rgblight.o
                0x0000182c                rgblight_setrgb
 .text.rgblight_sethsv_noeeprom_old
                0x0000185e       0x34 .build/obj_clueboard_66_rev3_default/quantum/rgblight.o
                0x0000185e                rgblight_sethsv_noeeprom_old
 .text.rgblight_effect_breathing
                0x00001892       0x68 .build/obj_clueboard_66_rev3_default/quantum/rgblight.o
                0x00001892                rgblight_effect_breathing
 .text.rgblight_effect_rainbow_mood
                0x000018fa       0x20 .build/obj_clueboard_66_rev3_default/quantum/rgblight.o
                0x000018fa                rgblight_effect_rainbow_mood
 .text.rgblight_effect_rgbtest
                0x0000191a       0x7e .build/obj_clueboard_66_rev3_default/quantum/rgblight.o
                0x0000191a                rgblight_effect_rgbtest
 .text.rgblight_sethsv_eeprom_helper
                0x00001998      0x1cc .build/obj_clueboard_66_rev3_default/quantum/rgblight.o
                0x00001998                rgblight_sethsv_eeprom_helper
 .text.rgblight_increase_hue_helper
                0x00001b64       0x14 .build/obj_clueboard_66_rev3_default/quantum/rgblight.o
                0x00001b64                rgblight_increase_hue_helper
 .text.rgblight_increase_hue
                0x00001b78        0x6 .build/obj_clueboard_66_rev3_default/quantum/rgblight.o
                0x00001b78                rgblight_increase_hue
 .text.rgblight_decrease_hue_helper
                0x00001b7e       0x14 .build/obj_clueboard_66_rev3_default/quantum/rgblight.o
                0x00001b7e                rgblight_decrease_hue_helper
 .text.rgblight_decrease_hue
                0x00001b92        0x6 .build/obj_clueboard_66_rev3_default/quantum/rgblight.o
                0x00001b92                rgblight_decrease_hue
 .text.rgblight_increase_sat_helper
                0x00001b98       0x18 .build/obj_clueboard_66_rev3_default/quantum/rgblight.o
                0x00001b98                rgblight_increase_sat_helper
 .text.rgblight_increase_sat
                0x00001bb0        0x6 .build/obj_clueboard_66_rev3_default/quantum/rgblight.o
                0x00001bb0                rgblight_increase_sat
 .text.rgblight_decrease_sat_helper
                0x00001bb6       0x18 .build/obj_clueboard_66_rev3_default/quantum/rgblight.o
                0x00001bb6                rgblight_decrease_sat_helper
 .text.rgblight_decrease_sat
                0x00001bce        0x6 .build/obj_clueboard_66_rev3_default/quantum/rgblight.o
                0x00001bce                rgblight_decrease_sat
 .text.rgblight_increase_val_helper
                0x00001bd4       0x18 .build/obj_clueboard_66_rev3_default/quantum/rgblight.o
                0x00001bd4                rgblight_increase_val_helper
 .text.rgblight_increase_val
                0x00001bec        0x6 .build/obj_clueboard_66_rev3_default/quantum/rgblight.o
                0x00001bec                rgblight_increase_val
 .text.rgblight_decrease_val_helper
                0x00001bf2       0x18 .build/obj_clueboard_66_rev3_default/quantum/rgblight.o
                0x00001bf2                rgblight_decrease_val_helper
 .text.rgblight_decrease_val
                0x00001c0a        0x6 .build/obj_clueboard_66_rev3_default/quantum/rgblight.o
                0x00001c0a                rgblight_decrease_val
 .text.rgblight_sethsv_noeeprom
                0x00001c10        0x6 .build/obj_clueboard_66_rev3_default/quantum/rgblight.o
                0x00001c10                rgblight_sethsv_noeeprom
 .text.rgblight_effect_rainbow_swirl
                0x00001c16       0x7a .build/obj_clueboard_66_rev3_default/quantum/rgblight.o
                0x00001c16                rgblight_effect_rainbow_swirl
 .text.rgblight_effect_snake
                0x00001c90       0xf4 .build/obj_clueboard_66_rev3_default/quantum/rgblight.o
                0x00001c90                rgblight_effect_snake
 .text.rgblight_effect_knight
                0x00001d84       0xd4 .build/obj_clueboard_66_rev3_default/quantum/rgblight.o
                0x00001d84                rgblight_effect_knight
 .text.rgblight_effect_christmas
                0x00001e58       0x6c .build/obj_clueboard_66_rev3_default/quantum/rgblight.o
                0x00001e58                rgblight_effect_christmas
 .text.rgblight_effect_alternating
                0x00001ec4       0x7a .build/obj_clueboard_66_rev3_default/quantum/rgblight.o
                0x00001ec4                rgblight_effect_alternating
 .text.rgblight_timer_enable
                0x00001f3e       0x44 .build/obj_clueboard_66_rev3_default/quantum/rgblight.o
                0x00001f3e                rgblight_timer_enable
 .text.rgblight_timer_disable
                0x00001f82       0x1e .build/obj_clueboard_66_rev3_default/quantum/rgblight.o
                0x00001f82                rgblight_timer_disable
 .text.rgblight_mode_eeprom_helper
                0x00001fa0       0xb2 .build/obj_clueboard_66_rev3_default/quantum/rgblight.o
                0x00001fa0                rgblight_mode_eeprom_helper
 .text.rgblight_step_helper
                0x00002052       0x16 .build/obj_clueboard_66_rev3_default/quantum/rgblight.o
                0x00002052                rgblight_step_helper
 .text.rgblight_step
                0x00002068        0x6 .build/obj_clueboard_66_rev3_default/quantum/rgblight.o
                0x00002068                rgblight_step
 .text.rgblight_step_reverse_helper
                0x0000206e       0x14 .build/obj_clueboard_66_rev3_default/quantum/rgblight.o
                0x0000206e                rgblight_step_reverse_helper
 .text.rgblight_step_reverse
                0x00002082        0x6 .build/obj_clueboard_66_rev3_default/quantum/rgblight.o
                0x00002082                rgblight_step_reverse
 .text.rgblight_mode
                0x00002088        0x6 .build/obj_clueboard_66_rev3_default/quantum/rgblight.o
                0x00002088                rgblight_mode
 .text.rgblight_enable
                0x0000208e       0x36 .build/obj_clueboard_66_rev3_default/quantum/rgblight.o
                0x0000208e                rgblight_enable
 .text.rgblight_mode_noeeprom
                0x000020c4        0x6 .build/obj_clueboard_66_rev3_default/quantum/rgblight.o
                0x000020c4                rgblight_mode_noeeprom
 .text.rgblight_init
                0x000020ca       0xca .build/obj_clueboard_66_rev3_default/quantum/rgblight.o
                0x000020ca                rgblight_init
 .text.rgblight_disable
                0x00002194       0x5e .build/obj_clueboard_66_rev3_default/quantum/rgblight.o
                0x00002194                rgblight_disable
 .text.rgblight_toggle
                0x000021f2       0x36 .build/obj_clueboard_66_rev3_default/quantum/rgblight.o
                0x000021f2                rgblight_toggle
 .text.rgblight_task
                0x00002228      0x136 .build/obj_clueboard_66_rev3_default/quantum/rgblight.o
                0x00002228                rgblight_task
 .text.handleKeycodeRGB
                0x0000235e        0xa .build/obj_clueboard_66_rev3_default/quantum/process_keycode/process_rgb.o
 .text.handleKeycodeRGBMode
                0x00002368       0x2a .build/obj_clueboard_66_rev3_default/quantum/process_keycode/process_rgb.o
 .text.process_rgb
                0x00002392       0xe0 .build/obj_clueboard_66_rev3_default/quantum/process_keycode/process_rgb.o
                0x00002392                process_rgb
 .text.backlight_init
                0x00002472       0x38 .build/obj_clueboard_66_rev3_default/quantum/backlight/backlight.o
                0x00002472                backlight_init
 .text.backlight_increase
                0x000024aa       0x56 .build/obj_clueboard_66_rev3_default/quantum/backlight/backlight.o
                0x000024aa                backlight_increase
 .text.backlight_decrease
                0x00002500       0x60 .build/obj_clueboard_66_rev3_default/quantum/backlight/backlight.o
                0x00002500                backlight_decrease
 .text.backlight_enable
                0x00002560       0x48 .build/obj_clueboard_66_rev3_default/quantum/backlight/backlight.o
                0x00002560                backlight_enable
 .text.backlight_disable
                0x000025a8       0x32 .build/obj_clueboard_66_rev3_default/quantum/backlight/backlight.o
                0x000025a8                backlight_disable
 .text.backlight_toggle
                0x000025da       0x38 .build/obj_clueboard_66_rev3_default/quantum/backlight/backlight.o
                0x000025da                backlight_toggle
 .text.backlight_step
                0x00002612       0x7c .build/obj_clueboard_66_rev3_default/quantum/backlight/backlight.o
                0x00002612                backlight_step
 .text.backlight_level_noeeprom
                0x0000268e       0x30 .build/obj_clueboard_66_rev3_default/quantum/backlight/backlight.o
                0x0000268e                backlight_level_noeeprom
 .text.backlight_level
                0x000026be        0xc .build/obj_clueboard_66_rev3_default/quantum/backlight/backlight.o
                0x000026be                backlight_level
 .text.process_backlight
                0x000026ca       0x60 .build/obj_clueboard_66_rev3_default/quantum/process_keycode/process_backlight.o
                0x000026ca                process_backlight
 .text.ws2812_setleds_pin
                0x0000272a       0x78 .build/obj_clueboard_66_rev3_default/ws2812.o
                0x0000272a                ws2812_setleds_pin
 .text.ws2812_setleds
                0x000027a2        0x6 .build/obj_clueboard_66_rev3_default/ws2812.o
                0x000027a2                ws2812_setleds
 .text.perform_space_cadet
                0x000027a8       0xda .build/obj_clueboard_66_rev3_default/quantum/process_keycode/process_space_cadet.o
                0x000027a8                perform_space_cadet
 .text.process_space_cadet
                0x00002882       0x82 .build/obj_clueboard_66_rev3_default/quantum/process_keycode/process_space_cadet.o
                0x00002882                process_space_cadet
 .text.process_magic
                0x00002904      0x246 .build/obj_clueboard_66_rev3_default/quantum/process_keycode/process_magic.o
                0x00002904                process_magic
 .text.process_grave_esc
                0x00002b4a       0x54 .build/obj_clueboard_66_rev3_default/quantum/process_keycode/process_grave_esc.o
                0x00002b4a                process_grave_esc
 .text.host_set_driver
                0x00002b9e        0xa .build/obj_clueboard_66_rev3_default/common/host.o
                0x00002b9e                host_set_driver
 .text.host_keyboard_leds
                0x00002ba8       0x18 .build/obj_clueboard_66_rev3_default/common/host.o
                0x00002ba8                host_keyboard_leds
 .text.host_keyboard_send
                0x00002bc0       0xb6 .build/obj_clueboard_66_rev3_default/common/host.o
                0x00002bc0                host_keyboard_send
 .text.host_mouse_send
                0x00002c76       0x1c .build/obj_clueboard_66_rev3_default/common/host.o
                0x00002c76                host_mouse_send
 .text.host_system_send
                0x00002c92       0x2c .build/obj_clueboard_66_rev3_default/common/host.o
                0x00002c92                host_system_send
 .text.host_consumer_send
                0x00002cbe       0x2c .build/obj_clueboard_66_rev3_default/common/host.o
                0x00002cbe                host_consumer_send
 .text.disable_jtag
                0x00002cea        0xe .build/obj_clueboard_66_rev3_default/common/keyboard.o
                0x00002cea                disable_jtag
 .text.keyboard_pre_init_user
                0x00002cf8        0x2 .build/obj_clueboard_66_rev3_default/common/keyboard.o
                0x00002cf8                keyboard_pre_init_user
 .text.matrix_setup
                0x00002cfa        0x2 .build/obj_clueboard_66_rev3_default/common/keyboard.o
                0x00002cfa                matrix_setup
 .text.keyboard_pre_init_kb
                0x00002cfc        0x4 .build/obj_clueboard_66_rev3_default/common/keyboard.o
                0x00002cfc                keyboard_pre_init_kb
 .text.keyboard_post_init_user
                0x00002d00        0x2 .build/obj_clueboard_66_rev3_default/common/keyboard.o
                0x00002d00                keyboard_post_init_user
 .text.keyboard_post_init_kb
                0x00002d02        0x4 .build/obj_clueboard_66_rev3_default/common/keyboard.o
                0x00002d02                keyboard_post_init_kb
 .text.keyboard_setup
                0x00002d06        0xc .build/obj_clueboard_66_rev3_default/common/keyboard.o
                0x00002d06                keyboard_setup
 .text.is_keyboard_master
                0x00002d12        0x4 .build/obj_clueboard_66_rev3_default/common/keyboard.o
                0x00002d12                is_keyboard_master
 .text.keyboard_init
                0x00002d16       0x18 .build/obj_clueboard_66_rev3_default/common/keyboard.o
                0x00002d16                keyboard_init
 .text.keyboard_set_leds
                0x00002d2e       0x50 .build/obj_clueboard_66_rev3_default/common/keyboard.o
                0x00002d2e                keyboard_set_leds
 .text.keyboard_task
                0x00002d7e      0x138 .build/obj_clueboard_66_rev3_default/common/keyboard.o
                0x00002d7e                keyboard_task
 .text.action_exec
                0x00002eb6       0x54 .build/obj_clueboard_66_rev3_default/common/action.o
                0x00002eb6                action_exec
 .text.process_record_tap_hint
                0x00002f0a        0xa .build/obj_clueboard_66_rev3_default/common/action.o
                0x00002f0a                process_record_tap_hint
 .text.register_code
                0x00002f14      0x124 .build/obj_clueboard_66_rev3_default/common/action.o
                0x00002f14                register_code
 .text.unregister_code
                0x00003038       0xac .build/obj_clueboard_66_rev3_default/common/action.o
                0x00003038                unregister_code
 .text.tap_code
                0x000030e4       0x26 .build/obj_clueboard_66_rev3_default/common/action.o
                0x000030e4                tap_code
 .text.register_mods
                0x0000310a        0xe .build/obj_clueboard_66_rev3_default/common/action.o
                0x0000310a                register_mods
 .text.unregister_mods
                0x00003118        0xe .build/obj_clueboard_66_rev3_default/common/action.o
                0x00003118                unregister_mods
 .text.process_action
                0x00003126      0x498 .build/obj_clueboard_66_rev3_default/common/action.o
                0x00003126                process_action
 .text.process_record_handler
                0x000035be       0x2e .build/obj_clueboard_66_rev3_default/common/action.o
                0x000035be                process_record_handler
 .text.process_record
                0x000035ec       0x38 .build/obj_clueboard_66_rev3_default/common/action.o
                0x000035ec                process_record
 .text.clear_keyboard_but_mods_and_keys
                0x00003624       0x24 .build/obj_clueboard_66_rev3_default/common/action.o
                0x00003624                clear_keyboard_but_mods_and_keys
 .text.clear_keyboard_but_mods
                0x00003648        0x8 .build/obj_clueboard_66_rev3_default/common/action.o
                0x00003648                clear_keyboard_but_mods
 .text.clear_keyboard
                0x00003650        0x8 .build/obj_clueboard_66_rev3_default/common/action.o
                0x00003650                clear_keyboard
 .text.is_tap_action
                0x00003658       0x3e .build/obj_clueboard_66_rev3_default/common/action.o
                0x00003658                is_tap_action
 .text.is_tap_key
                0x00003696        0x8 .build/obj_clueboard_66_rev3_default/common/action.o
                0x00003696                is_tap_key
 .text.debug_event
                0x0000369e       0x1e .build/obj_clueboard_66_rev3_default/common/action.o
                0x0000369e                debug_event
 .text.debug_record
                0x000036bc       0x20 .build/obj_clueboard_66_rev3_default/common/action.o
                0x000036bc                debug_record
 .text.debug_waiting_buffer
                0x000036dc       0x42 .build/obj_clueboard_66_rev3_default/common/action_tapping.o
 .text.debug_tapping_key
                0x0000371e       0x1c .build/obj_clueboard_66_rev3_default/common/action_tapping.o
 .text.waiting_buffer_scan_tap
                0x0000373a       0xac .build/obj_clueboard_66_rev3_default/common/action_tapping.o
 .text.process_tapping
                0x000037e6      0x356 .build/obj_clueboard_66_rev3_default/common/action_tapping.o
 .text.action_tapping_process
                0x00003b3c      0x134 .build/obj_clueboard_66_rev3_default/common/action_tapping.o
                0x00003b3c                action_tapping_process
 .text.action_macro_play
                0x00003c70       0xf0 .build/obj_clueboard_66_rev3_default/common/action_macro.o
                0x00003c70                action_macro_play
 .text.default_layer_state_set_user
                0x00003d60        0x2 .build/obj_clueboard_66_rev3_default/common/action_layer.o
                0x00003d60                default_layer_state_set_user
 .text.default_layer_state_set_kb
                0x00003d62        0x4 .build/obj_clueboard_66_rev3_default/common/action_layer.o
                0x00003d62                default_layer_state_set_kb
 .text.default_layer_state_set
                0x00003d66       0x18 .build/obj_clueboard_66_rev3_default/common/action_layer.o
 .text.default_layer_debug
                0x00003d7e        0x2 .build/obj_clueboard_66_rev3_default/common/action_layer.o
                0x00003d7e                default_layer_debug
 .text.default_layer_set
                0x00003d80        0x4 .build/obj_clueboard_66_rev3_default/common/action_layer.o
                0x00003d80                default_layer_set
 .text.default_layer_or
                0x00003d84       0x24 .build/obj_clueboard_66_rev3_default/common/action_layer.o
                0x00003d84                default_layer_or
 .text.default_layer_and
                0x00003da8       0x24 .build/obj_clueboard_66_rev3_default/common/action_layer.o
                0x00003da8                default_layer_and
 .text.default_layer_xor
                0x00003dcc       0x24 .build/obj_clueboard_66_rev3_default/common/action_layer.o
                0x00003dcc                default_layer_xor
 .text.layer_state_set_user
                0x00003df0        0x4 .build/obj_clueboard_66_rev3_default/common/action_layer.o
                0x00003df0                layer_state_set_user
 .text.layer_state_set_kb
                0x00003df4        0x4 .build/obj_clueboard_66_rev3_default/common/action_layer.o
                0x00003df4                layer_state_set_kb
 .text.layer_state_set
                0x00003df8       0x18 .build/obj_clueboard_66_rev3_default/common/action_layer.o
                0x00003df8                layer_state_set
 .text.layer_clear
                0x00003e10        0xa .build/obj_clueboard_66_rev3_default/common/action_layer.o
                0x00003e10                layer_clear
 .text.layer_move
                0x00003e1a       0x2a .build/obj_clueboard_66_rev3_default/common/action_layer.o
                0x00003e1a                layer_move
 .text.layer_on
                0x00003e44       0x42 .build/obj_clueboard_66_rev3_default/common/action_layer.o
                0x00003e44                layer_on
 .text.layer_off
                0x00003e86       0x46 .build/obj_clueboard_66_rev3_default/common/action_layer.o
                0x00003e86                layer_off
 .text.layer_invert
                0x00003ecc       0x42 .build/obj_clueboard_66_rev3_default/common/action_layer.o
                0x00003ecc                layer_invert
 .text.layer_or
                0x00003f0e       0x24 .build/obj_clueboard_66_rev3_default/common/action_layer.o
                0x00003f0e                layer_or
 .text.layer_and
                0x00003f32       0x24 .build/obj_clueboard_66_rev3_default/common/action_layer.o
                0x00003f32                layer_and
 .text.layer_xor
                0x00003f56       0x24 .build/obj_clueboard_66_rev3_default/common/action_layer.o
                0x00003f56                layer_xor
 .text.layer_debug
                0x00003f7a        0x2 .build/obj_clueboard_66_rev3_default/common/action_layer.o
                0x00003f7a                layer_debug
 .text.update_source_layers_cache
                0x00003f7c       0x5a .build/obj_clueboard_66_rev3_default/common/action_layer.o
                0x00003f7c                update_source_layers_cache
 .text.read_source_layers_cache
                0x00003fd6       0x50 .build/obj_clueboard_66_rev3_default/common/action_layer.o
                0x00003fd6                read_source_layers_cache
 .text.layer_switch_get_layer
                0x00004026       0x84 .build/obj_clueboard_66_rev3_default/common/action_layer.o
                0x00004026                layer_switch_get_layer
 .text.layer_switch_get_action
                0x000040aa       0x14 .build/obj_clueboard_66_rev3_default/common/action_layer.o
                0x000040aa                layer_switch_get_action
 .text.store_or_get_action
                0x000040be       0x48 .build/obj_clueboard_66_rev3_default/common/action_layer.o
                0x000040be                store_or_get_action
 .text.add_key  0x00004106        0xe .build/obj_clueboard_66_rev3_default/common/action_util.o
                0x00004106                add_key
 .text.del_key  0x00004114        0xe .build/obj_clueboard_66_rev3_default/common/action_util.o
                0x00004114                del_key
 .text.clear_keys
                0x00004122        0xc .build/obj_clueboard_66_rev3_default/common/action_util.o
                0x00004122                clear_keys
 .text.get_oneshot_layer
                0x0000412e        0xc .build/obj_clueboard_66_rev3_default/common/action_util.o
                0x0000412e                get_oneshot_layer
 .text.get_oneshot_layer_state
                0x0000413a        0x8 .build/obj_clueboard_66_rev3_default/common/action_util.o
                0x0000413a                get_oneshot_layer_state
 .text.is_oneshot_layer_active
                0x00004142        0xe .build/obj_clueboard_66_rev3_default/common/action_util.o
                0x00004142                is_oneshot_layer_active
 .text.get_mods
                0x00004150        0x6 .build/obj_clueboard_66_rev3_default/common/action_util.o
                0x00004150                get_mods
 .text.add_mods
                0x00004156        0xc .build/obj_clueboard_66_rev3_default/common/action_util.o
                0x00004156                add_mods
 .text.del_mods
                0x00004162        0xe .build/obj_clueboard_66_rev3_default/common/action_util.o
                0x00004162                del_mods
 .text.clear_mods
                0x00004170        0x6 .build/obj_clueboard_66_rev3_default/common/action_util.o
                0x00004170                clear_mods
 .text.add_weak_mods
                0x00004176        0xc .build/obj_clueboard_66_rev3_default/common/action_util.o
                0x00004176                add_weak_mods
 .text.del_weak_mods
                0x00004182        0xe .build/obj_clueboard_66_rev3_default/common/action_util.o
                0x00004182                del_weak_mods
 .text.clear_weak_mods
                0x00004190        0x6 .build/obj_clueboard_66_rev3_default/common/action_util.o
                0x00004190                clear_weak_mods
 .text.add_macro_mods
                0x00004196        0xc .build/obj_clueboard_66_rev3_default/common/action_util.o
                0x00004196                add_macro_mods
 .text.del_macro_mods
                0x000041a2        0xe .build/obj_clueboard_66_rev3_default/common/action_util.o
                0x000041a2                del_macro_mods
 .text.clear_macro_mods
                0x000041b0        0x6 .build/obj_clueboard_66_rev3_default/common/action_util.o
                0x000041b0                clear_macro_mods
 .text.get_oneshot_mods
                0x000041b6        0x6 .build/obj_clueboard_66_rev3_default/common/action_util.o
                0x000041b6                get_oneshot_mods
 .text.oneshot_mods_changed_user
                0x000041bc        0x2 .build/obj_clueboard_66_rev3_default/common/action_util.o
                0x000041bc                oneshot_mods_changed_user
 .text.oneshot_mods_changed_kb
                0x000041be        0x4 .build/obj_clueboard_66_rev3_default/common/action_util.o
                0x000041be                oneshot_mods_changed_kb
 .text.set_oneshot_mods
                0x000041c2       0x12 .build/obj_clueboard_66_rev3_default/common/action_util.o
                0x000041c2                set_oneshot_mods
 .text.clear_oneshot_mods
                0x000041d4       0x14 .build/obj_clueboard_66_rev3_default/common/action_util.o
                0x000041d4                clear_oneshot_mods
 .text.send_keyboard_report
                0x000041e8       0x66 .build/obj_clueboard_66_rev3_default/common/action_util.o
                0x000041e8                send_keyboard_report
 .text.oneshot_layer_changed_user
                0x0000424e        0x2 .build/obj_clueboard_66_rev3_default/common/action_util.o
                0x0000424e                oneshot_layer_changed_user
 .text.oneshot_layer_changed_kb
                0x00004250        0x4 .build/obj_clueboard_66_rev3_default/common/action_util.o
                0x00004250                oneshot_layer_changed_kb
 .text.set_oneshot_layer
                0x00004254       0x20 .build/obj_clueboard_66_rev3_default/common/action_util.o
                0x00004254                set_oneshot_layer
 .text.reset_oneshot_layer
                0x00004274        0xa .build/obj_clueboard_66_rev3_default/common/action_util.o
                0x00004274                reset_oneshot_layer
 .text.clear_oneshot_layer_state
                0x0000427e       0x30 .build/obj_clueboard_66_rev3_default/common/action_util.o
                0x0000427e                clear_oneshot_layer_state
 .text.print_set_sendchar
                0x000042ae        0xa .build/obj_clueboard_66_rev3_default/common/print.o
                0x000042ae                print_set_sendchar
 .text.bitrev   0x000042b8       0x30 .build/obj_clueboard_66_rev3_default/common/util.o
                0x000042b8                bitrev
 .text.eeconfig_is_enabled
                0x000042e8       0x16 .build/obj_clueboard_66_rev3_default/common/eeconfig.o
                0x000042e8                eeconfig_is_enabled
 .text.eeconfig_read_debug
                0x000042fe        0x8 .build/obj_clueboard_66_rev3_default/common/eeconfig.o
                0x000042fe                eeconfig_read_debug
 .text.eeconfig_read_default_layer
                0x00004306        0x8 .build/obj_clueboard_66_rev3_default/common/eeconfig.o
                0x00004306                eeconfig_read_default_layer
 .text.eeconfig_read_keymap
                0x0000430e       0x1c .build/obj_clueboard_66_rev3_default/common/eeconfig.o
                0x0000430e                eeconfig_read_keymap
 .text.eeconfig_update_keymap
                0x0000432a       0x1a .build/obj_clueboard_66_rev3_default/common/eeconfig.o
                0x0000432a                eeconfig_update_keymap
 .text.eeconfig_read_backlight
                0x00004344        0x8 .build/obj_clueboard_66_rev3_default/common/eeconfig.o
                0x00004344                eeconfig_read_backlight
 .text.eeconfig_update_backlight
                0x0000434c        0xa .build/obj_clueboard_66_rev3_default/common/eeconfig.o
                0x0000434c                eeconfig_update_backlight
 .text.eeconfig_update_kb
                0x00004356        0xc .build/obj_clueboard_66_rev3_default/common/eeconfig.o
                0x00004356                eeconfig_update_kb
 .text.eeconfig_update_user
                0x00004362        0xc .build/obj_clueboard_66_rev3_default/common/eeconfig.o
                0x00004362                eeconfig_update_user
 .text.eeconfig_init_user
                0x0000436e        0xa .build/obj_clueboard_66_rev3_default/common/eeconfig.o
                0x0000436e                eeconfig_init_user
 .text.eeconfig_init_kb
                0x00004378        0xe .build/obj_clueboard_66_rev3_default/common/eeconfig.o
                0x00004378                eeconfig_init_kb
 .text.eeconfig_init_quantum
                0x00004386       0xae .build/obj_clueboard_66_rev3_default/common/eeconfig.o
                0x00004386                eeconfig_init_quantum
 .text.eeconfig_init
                0x00004434        0x4 .build/obj_clueboard_66_rev3_default/common/eeconfig.o
                0x00004434                eeconfig_init
 .text.eeconfig_update_handedness
                0x00004438        0xa .build/obj_clueboard_66_rev3_default/common/eeconfig.o
                0x00004438                eeconfig_update_handedness
 .text.has_anykey
                0x00004442       0x28 .build/obj_clueboard_66_rev3_default/common/report.o
                0x00004442                has_anykey
 .text.is_key_pressed
                0x0000446a       0x60 .build/obj_clueboard_66_rev3_default/common/report.o
                0x0000446a                is_key_pressed
 .text.add_key_byte
                0x000044ca       0x34 .build/obj_clueboard_66_rev3_default/common/report.o
                0x000044ca                add_key_byte
 .text.del_key_byte
                0x000044fe       0x1a .build/obj_clueboard_66_rev3_default/common/report.o
                0x000044fe                del_key_byte
 .text.add_key_bit
                0x00004518       0x4a .build/obj_clueboard_66_rev3_default/common/report.o
                0x00004518                add_key_bit
 .text.del_key_bit
                0x00004562       0x4c .build/obj_clueboard_66_rev3_default/common/report.o
                0x00004562                del_key_bit
 .text.add_key_to_report
                0x000045ae       0x16 .build/obj_clueboard_66_rev3_default/common/report.o
                0x000045ae                add_key_to_report
 .text.del_key_from_report
                0x000045c4       0x16 .build/obj_clueboard_66_rev3_default/common/report.o
                0x000045c4                del_key_from_report
 .text.clear_keys_from_report
                0x000045da       0x24 .build/obj_clueboard_66_rev3_default/common/report.o
                0x000045da                clear_keys_from_report
 .text.matrix_power_up
                0x000045fe        0x2 .build/obj_clueboard_66_rev3_default/common/avr/suspend.o
                0x000045fe                matrix_power_up
 .text.suspend_power_down_user
                0x00004600        0x2 .build/obj_clueboard_66_rev3_default/common/avr/suspend.o
                0x00004600                suspend_power_down_user
 .text.suspend_power_down_kb
                0x00004602        0x4 .build/obj_clueboard_66_rev3_default/common/avr/suspend.o
                0x00004602                suspend_power_down_kb
 .text.suspend_power_down
                0x00004606       0x66 .build/obj_clueboard_66_rev3_default/common/avr/suspend.o
                0x00004606                suspend_power_down
 .text.matrix_power_down
                0x0000466c        0x2 .build/obj_clueboard_66_rev3_default/common/avr/suspend.o
                0x0000466c                matrix_power_down
 .text.suspend_wakeup_condition
                0x0000466e       0x28 .build/obj_clueboard_66_rev3_default/common/avr/suspend.o
                0x0000466e                suspend_wakeup_condition
 .text.suspend_wakeup_init_user
                0x00004696        0x2 .build/obj_clueboard_66_rev3_default/common/avr/suspend.o
                0x00004696                suspend_wakeup_init_user
 .text.suspend_wakeup_init_kb
                0x00004698        0x4 .build/obj_clueboard_66_rev3_default/common/avr/suspend.o
                0x00004698                suspend_wakeup_init_kb
 .text.suspend_wakeup_init
                0x0000469c       0x14 .build/obj_clueboard_66_rev3_default/common/avr/suspend.o
                0x0000469c                suspend_wakeup_init
 .text.__vector_12
                0x000046b0       0x4e .build/obj_clueboard_66_rev3_default/common/avr/suspend.o
                0x000046b0                __vector_12
 .text.timer_init
                0x000046fe       0x12 .build/obj_clueboard_66_rev3_default/common/avr/timer.o
                0x000046fe                timer_init
 .text.timer_read
                0x00004710       0x18 .build/obj_clueboard_66_rev3_default/common/avr/timer.o
                0x00004710                timer_read
 .text.timer_elapsed
                0x00004728       0x1e .build/obj_clueboard_66_rev3_default/common/avr/timer.o
                0x00004728                timer_elapsed
 .text.__vector_21
                0x00004746       0x48 .build/obj_clueboard_66_rev3_default/common/avr/timer.o
                0x00004746                __vector_21
 .text.bootloader_jump
                0x0000478e       0x48 .build/obj_clueboard_66_rev3_default/common/avr/bootloader.o
                0x0000478e                bootloader_jump
 .text.magic    0x000047d6       0x30 .build/obj_clueboard_66_rev3_default/common/magic.o
                0x000047d6                magic
 .text.move_unit
                0x00004806       0x94 .build/obj_clueboard_66_rev3_default/common/mousekey.o
 .text.wheel_unit
                0x0000489a       0x72 .build/obj_clueboard_66_rev3_default/common/mousekey.o
 .text.mousekey_on
                0x0000490c       0xd0 .build/obj_clueboard_66_rev3_default/common/mousekey.o
                0x0000490c                mousekey_on
 .text.mousekey_off
                0x000049dc       0xfe .build/obj_clueboard_66_rev3_default/common/mousekey.o
                0x000049dc                mousekey_off
 .text.mousekey_send
                0x00004ada      0x11a .build/obj_clueboard_66_rev3_default/common/mousekey.o
                0x00004ada                mousekey_send
 .text.mousekey_task
                0x00004bf4      0x234 .build/obj_clueboard_66_rev3_default/common/mousekey.o
                0x00004bf4                mousekey_task
 .text.mousekey_clear
                0x00004e28       0x18 .build/obj_clueboard_66_rev3_default/common/mousekey.o
                0x00004e28                mousekey_clear
 .text.keyboard_leds
                0x00004e40        0x6 .build/obj_clueboard_66_rev3_default/lufa.o
 .text.sendchar
                0x00004e46       0xc4 .build/obj_clueboard_66_rev3_default/lufa.o
                0x00004e46                sendchar
 .text.send_extra
                0x00004f0a       0x66 .build/obj_clueboard_66_rev3_default/lufa.o
 .text.send_consumer
                0x00004f70       0x24 .build/obj_clueboard_66_rev3_default/lufa.o
 .text.send_system
                0x00004f94        0x8 .build/obj_clueboard_66_rev3_default/lufa.o
 .text.send_mouse
                0x00004f9c       0x56 .build/obj_clueboard_66_rev3_default/lufa.o
 .text.send_keyboard
                0x00004ff2       0x8c .build/obj_clueboard_66_rev3_default/lufa.o
 .text.EVENT_USB_Device_Connect
                0x0000507e       0x24 .build/obj_clueboard_66_rev3_default/lufa.o
                0x0000507e                EVENT_USB_Device_Connect
 .text.EVENT_USB_Device_Disconnect
                0x000050a2        0xe .build/obj_clueboard_66_rev3_default/lufa.o
                0x000050a2                EVENT_USB_Device_Disconnect
 .text.EVENT_USB_Device_Reset
                0x000050b0        0x8 .build/obj_clueboard_66_rev3_default/lufa.o
                0x000050b0                EVENT_USB_Device_Reset
 .text.EVENT_USB_Device_Suspend
                0x000050b8        0x8 .build/obj_clueboard_66_rev3_default/lufa.o
                0x000050b8                EVENT_USB_Device_Suspend
 .text.EVENT_USB_Device_WakeUp
                0x000050c0        0xc .build/obj_clueboard_66_rev3_default/lufa.o
                0x000050c0                EVENT_USB_Device_WakeUp
 .text.EVENT_USB_Device_StartOfFrame
                0x000050cc       0x82 .build/obj_clueboard_66_rev3_default/lufa.o
                0x000050cc                EVENT_USB_Device_StartOfFrame
 .text.EVENT_USB_Device_ConfigurationChanged
                0x0000514e       0x1e .build/obj_clueboard_66_rev3_default/lufa.o
                0x0000514e                EVENT_USB_Device_ConfigurationChanged
 .text.EVENT_USB_Device_ControlRequest
                0x0000516c      0x16e .build/obj_clueboard_66_rev3_default/lufa.o
                0x0000516c                EVENT_USB_Device_ControlRequest
 .text.startup.main
                0x000052da       0x96 .build/obj_clueboard_66_rev3_default/lufa.o
                0x000052da                main
 .text.CALLBACK_USB_GetDescriptor
                0x00005370        0x4 .build/obj_clueboard_66_rev3_default/lufa.o
                0x00005370                CALLBACK_USB_GetDescriptor
 .text.get_usb_descriptor
                0x00005374       0xba .build/obj_clueboard_66_rev3_default/usb_descriptor.o
                0x00005374                get_usb_descriptor
 .text.auto_detect_output
                0x0000542e       0x10 .build/obj_clueboard_66_rev3_default/outputselect.o
                0x0000542e                auto_detect_output
 .text.where_to_send
                0x0000543e        0xe .build/obj_clueboard_66_rev3_default/outputselect.o
                0x0000543e                where_to_send
 .text.USB_Device_SendRemoteWakeup
                0x0000544c       0x2c .build/obj_clueboard_66_rev3_default/lib/lufa/LUFA/Drivers/USB/Core/AVR8/Device_AVR8.o
                0x0000544c                USB_Device_SendRemoteWakeup
 .text.Endpoint_Write_Stream_LE
                0x00005478       0x9e .build/obj_clueboard_66_rev3_default/lib/lufa/LUFA/Drivers/USB/Core/AVR8/EndpointStream_AVR8.o
                0x00005478                Endpoint_Write_Stream_LE
 .text.Endpoint_Write_Control_Stream_LE
                0x00005516       0xbc .build/obj_clueboard_66_rev3_default/lib/lufa/LUFA/Drivers/USB/Core/AVR8/EndpointStream_AVR8.o
                0x00005516                Endpoint_Write_Control_Stream_LE
 .text.Endpoint_Write_Control_PStream_LE
                0x000055d2       0xbe .build/obj_clueboard_66_rev3_default/lib/lufa/LUFA/Drivers/USB/Core/AVR8/EndpointStream_AVR8.o
                0x000055d2                Endpoint_Write_Control_PStream_LE
 .text.Endpoint_ConfigureEndpoint_Prv
                0x00005690       0x68 .build/obj_clueboard_66_rev3_default/lib/lufa/LUFA/Drivers/USB/Core/AVR8/Endpoint_AVR8.o
                0x00005690                Endpoint_ConfigureEndpoint_Prv
 .text.Endpoint_ClearStatusStage
                0x000056f8       0x3e .build/obj_clueboard_66_rev3_default/lib/lufa/LUFA/Drivers/USB/Core/AVR8/Endpoint_AVR8.o
                0x000056f8                Endpoint_ClearStatusStage
 .text.Endpoint_WaitUntilReady
                0x00005736       0x62 .build/obj_clueboard_66_rev3_default/lib/lufa/LUFA/Drivers/USB/Core/AVR8/Endpoint_AVR8.o
                0x00005736                Endpoint_WaitUntilReady
 .text.USB_Disable
                0x00005798       0x34 .build/obj_clueboard_66_rev3_default/lib/lufa/LUFA/Drivers/USB/Core/AVR8/USBController_AVR8.o
                0x00005798                USB_Disable
 .text.USB_ResetInterface
                0x000057cc       0x86 .build/obj_clueboard_66_rev3_default/lib/lufa/LUFA/Drivers/USB/Core/AVR8/USBController_AVR8.o
                0x000057cc                USB_ResetInterface
 .text.USB_Init
                0x00005852       0x22 .build/obj_clueboard_66_rev3_default/lib/lufa/LUFA/Drivers/USB/Core/AVR8/USBController_AVR8.o
                0x00005852                USB_Init
 .text.USB_INT_DisableAllInterrupts
                0x00005874       0x10 .build/obj_clueboard_66_rev3_default/lib/lufa/LUFA/Drivers/USB/Core/AVR8/USBInterrupt_AVR8.o
                0x00005874                USB_INT_DisableAllInterrupts
 .text.USB_INT_ClearAllInterrupts
                0x00005884        0xa .build/obj_clueboard_66_rev3_default/lib/lufa/LUFA/Drivers/USB/Core/AVR8/USBInterrupt_AVR8.o
                0x00005884                USB_INT_ClearAllInterrupts
 .text.__vector_10
                0x0000588e      0x1a8 .build/obj_clueboard_66_rev3_default/lib/lufa/LUFA/Drivers/USB/Core/AVR8/USBInterrupt_AVR8.o
                0x0000588e                __vector_10
 .text.__vector_11
                0x00005a36       0x88 .build/obj_clueboard_66_rev3_default/lib/lufa/LUFA/Drivers/USB/Core/AVR8/USBInterrupt_AVR8.o
                0x00005a36                __vector_11
 .text.USB_Device_ProcessControlRequest
                0x00005abe      0x2a4 .build/obj_clueboard_66_rev3_default/lib/lufa/LUFA/Drivers/USB/Core/DeviceStandardReq.o
                0x00005abe                USB_Device_ProcessControlRequest
 .text.USB_USBTask
                0x00005d62       0x36 .build/obj_clueboard_66_rev3_default/lib/lufa/LUFA/Drivers/USB/Core/USBTask.o
                0x00005d62                USB_USBTask
 .text.avr-libc.fplib
                0x00005d98        0xe c:/msys64/home/kyleo/qmk_utils/avr8-gnu-toolchain/bin/../lib/gcc/avr/8.3.0/../../../../avr/lib/avr5\libm.a(addsf3.o)
                0x00005d98                __subsf3
                0x00005d9a                __addsf3
 .text.avr-libc.fplib
                0x00005da6       0xcc c:/msys64/home/kyleo/qmk_utils/avr8-gnu-toolchain/bin/../lib/gcc/avr/8.3.0/../../../../avr/lib/avr5\libm.a(addsf3x.o)
                0x00005dc8                __addsf3x
 .text.avr-libc.fplib
                0x00005e72        0x8 c:/msys64/home/kyleo/qmk_utils/avr8-gnu-toolchain/bin/../lib/gcc/avr/8.3.0/../../../../avr/lib/avr5\libm.a(divsf3.o)
                0x00005e72                __divsf3
 .text.avr-libc.fplib
                0x00005e7a       0xdc c:/msys64/home/kyleo/qmk_utils/avr8-gnu-toolchain/bin/../lib/gcc/avr/8.3.0/../../../../avr/lib/avr5\libm.a(divsf3x.o)
                0x00005e9a                __divsf3x
                0x00005ea0                __divsf3_pse
 .text.avr-libc.fplib
                0x00005f56       0x74 c:/msys64/home/kyleo/qmk_utils/avr8-gnu-toolchain/bin/../lib/gcc/avr/8.3.0/../../../../avr/lib/avr5\libm.a(exp.o)
                0x00005f66                exp
 .text.avr-libc.fplib
                0x00005fca       0x5e c:/msys64/home/kyleo/qmk_utils/avr8-gnu-toolchain/bin/../lib/gcc/avr/8.3.0/../../../../avr/lib/avr5\libm.a(fixunssfsi.o)
                0x00005fca                __fixunssfsi
 .text.avr-libc.fplib
                0x00006028       0x7a c:/msys64/home/kyleo/qmk_utils/avr8-gnu-toolchain/bin/../lib/gcc/avr/8.3.0/../../../../avr/lib/avr5\libm.a(floatsisf.o)
                0x00006028                __floatunsisf
                0x0000602c                __floatsisf
 .text.avr-libc.fplib
                0x000060a2        0xc c:/msys64/home/kyleo/qmk_utils/avr8-gnu-toolchain/bin/../lib/gcc/avr/8.3.0/../../../../avr/lib/avr5\libm.a(fp_inf.o)
                0x000060a2                __fp_inf
 .text.avr-libc.fplib
                0x000060ae        0x6 c:/msys64/home/kyleo/qmk_utils/avr8-gnu-toolchain/bin/../lib/gcc/avr/8.3.0/../../../../avr/lib/avr5\libm.a(fp_nan.o)
                0x000060ae                __fp_nan
 .text.avr-libc.fplib
                0x000060b4       0x4e c:/msys64/home/kyleo/qmk_utils/avr8-gnu-toolchain/bin/../lib/gcc/avr/8.3.0/../../../../avr/lib/avr5\libm.a(fp_powser.o)
                0x000060b4                __fp_powser
 .text.avr-libc.fplib
                0x00006102        0xe c:/msys64/home/kyleo/qmk_utils/avr8-gnu-toolchain/bin/../lib/gcc/avr/8.3.0/../../../../avr/lib/avr5\libm.a(fp_pscA.o)
                0x00006102                __fp_pscA
 .text.avr-libc.fplib
                0x00006110        0xe c:/msys64/home/kyleo/qmk_utils/avr8-gnu-toolchain/bin/../lib/gcc/avr/8.3.0/../../../../avr/lib/avr5\libm.a(fp_pscB.o)
                0x00006110                __fp_pscB
 .text.avr-libc.fplib
                0x0000611e       0x22 c:/msys64/home/kyleo/qmk_utils/avr8-gnu-toolchain/bin/../lib/gcc/avr/8.3.0/../../../../avr/lib/avr5\libm.a(fp_round.o)
                0x0000611e                __fp_round
 .text.avr-libc.fplib
                0x00006140       0x44 c:/msys64/home/kyleo/qmk_utils/avr8-gnu-toolchain/bin/../lib/gcc/avr/8.3.0/../../../../avr/lib/avr5\libm.a(fp_split3.o)
                0x00006140                __fp_split3
                0x00006150                __fp_splitA
 .text.avr-libc.fplib
                0x00006184        0xe c:/msys64/home/kyleo/qmk_utils/avr8-gnu-toolchain/bin/../lib/gcc/avr/8.3.0/../../../../avr/lib/avr5\libm.a(fp_zero.o)
                0x00006184                __fp_zero
                0x00006186                __fp_szero
 .text.avr-libc.fplib
                0x00006192       0x10 c:/msys64/home/kyleo/qmk_utils/avr8-gnu-toolchain/bin/../lib/gcc/avr/8.3.0/../../../../avr/lib/avr5\libm.a(inverse.o)
                0x00006192                inverse
 .text.avr-libc.fplib
                0x000061a2       0x74 c:/msys64/home/kyleo/qmk_utils/avr8-gnu-toolchain/bin/../lib/gcc/avr/8.3.0/../../../../avr/lib/avr5\libm.a(ldexp.o)
                0x000061aa                ldexp
 .text.avr-libc.fplib
                0x00006216       0x68 c:/msys64/home/kyleo/qmk_utils/avr8-gnu-toolchain/bin/../lib/gcc/avr/8.3.0/../../../../avr/lib/avr5\libm.a(modf.o)
                0x00006216                modf
                0x00006216                modff
 .text.avr-libc.fplib
                0x0000627e        0x8 c:/msys64/home/kyleo/qmk_utils/avr8-gnu-toolchain/bin/../lib/gcc/avr/8.3.0/../../../../avr/lib/avr5\libm.a(mulsf3.o)
                0x0000627e                __mulsf3
 .text.avr-libc.fplib
                0x00006286       0xd2 c:/msys64/home/kyleo/qmk_utils/avr8-gnu-toolchain/bin/../lib/gcc/avr/8.3.0/../../../../avr/lib/avr5\libm.a(mulsf3x.o)
                0x000062a4                __mulsf3x
                0x000062aa                __mulsf3_pse
 .text.avr-libc.fplib
                0x00006358       0x10 c:/msys64/home/kyleo/qmk_utils/avr8-gnu-toolchain/bin/../lib/gcc/avr/8.3.0/../../../../avr/lib/avr5\libm.a(sin.o)
                0x00006358                sin
 .text.avr-libc.fplib
                0x00006368       0x1c c:/msys64/home/kyleo/qmk_utils/avr8-gnu-toolchain/bin/../lib/gcc/avr/8.3.0/../../../../avr/lib/avr5\libm.a(fp_mpack.o)
                0x00006368                __fp_mpack
                0x0000636c                __fp_mpack_finite
 .text.avr-libc.fplib
                0x00006384       0x56 c:/msys64/home/kyleo/qmk_utils/avr8-gnu-toolchain/bin/../lib/gcc/avr/8.3.0/../../../../avr/lib/avr5\libm.a(fp_rempio2.o)
                0x00006388                __fp_rempio2
 .text.avr-libc.fplib
                0x000063da       0x28 c:/msys64/home/kyleo/qmk_utils/avr8-gnu-toolchain/bin/../lib/gcc/avr/8.3.0/../../../../avr/lib/avr5\libm.a(fp_sinus.o)
                0x000063da                __fp_sinus
 .text.avr-libc.fplib
                0x00006402       0x28 c:/msys64/home/kyleo/qmk_utils/avr8-gnu-toolchain/bin/../lib/gcc/avr/8.3.0/../../../../avr/lib/avr5\libm.a(fp_powsodd.o)
                0x00006402                __fp_powsodd
 .text.libgcc.div
                0x0000642a       0x18 c:/msys64/home/kyleo/qmk_utils/avr8-gnu-toolchain/bin/../lib/gcc/avr/8.3.0/avr5\libgcc.a(_udivmodqi4.o)
                0x0000642a                __udivmodqi4
 .text.libgcc.div
                0x00006442       0x1c c:/msys64/home/kyleo/qmk_utils/avr8-gnu-toolchain/bin/../lib/gcc/avr/8.3.0/avr5\libgcc.a(_divmodqi4.o)
                0x00006442                __divmodqi4
 .text.libgcc.div
                0x0000645e       0x28 c:/msys64/home/kyleo/qmk_utils/avr8-gnu-toolchain/bin/../lib/gcc/avr/8.3.0/avr5\libgcc.a(_udivmodhi4.o)
                0x0000645e                __udivmodhi4
 .text.libgcc.div
                0x00006486       0x28 c:/msys64/home/kyleo/qmk_utils/avr8-gnu-toolchain/bin/../lib/gcc/avr/8.3.0/avr5\libgcc.a(_divmodhi4.o)
                0x00006486                _div
                0x00006486                __divmodhi4
 .text.libgcc   0x000064ae        0xc c:/msys64/home/kyleo/qmk_utils/avr8-gnu-toolchain/bin/../lib/gcc/avr/8.3.0/avr5\libgcc.a(_tablejump2.o)
                0x000064ae                __tablejump2__
 .text.avr-libc
                0x000064ba       0x1a c:/msys64/home/kyleo/qmk_utils/avr8-gnu-toolchain/bin/../lib/gcc/avr/8.3.0/../../../../avr/lib/avr5\libc.a(memchr.o)
                0x000064ba                memchr
 .text.avr-libc
                0x000064d4       0x10 c:/msys64/home/kyleo/qmk_utils/avr8-gnu-toolchain/bin/../lib/gcc/avr/8.3.0/../../../../avr/lib/avr5\libatmega32u4.a(eerd_byte.o)
                0x000064d4                eeprom_read_byte
 .text.avr-libc
                0x000064e4        0xc c:/msys64/home/kyleo/qmk_utils/avr8-gnu-toolchain/bin/../lib/gcc/avr/8.3.0/../../../../avr/lib/avr5\libatmega32u4.a(eerd_dword.o)
                0x000064e4                eeprom_read_float
                0x000064e4                eeprom_read_dword
 .text.avr-libc
                0x000064f0        0xc c:/msys64/home/kyleo/qmk_utils/avr8-gnu-toolchain/bin/../lib/gcc/avr/8.3.0/../../../../avr/lib/avr5\libatmega32u4.a(eerd_word.o)
                0x000064f0                eeprom_read_word
 .text.avr-libc
                0x000064fc       0x24 c:/msys64/home/kyleo/qmk_utils/avr8-gnu-toolchain/bin/../lib/gcc/avr/8.3.0/../../../../avr/lib/avr5\libatmega32u4.a(eeupd_byte.o)
                0x000064fc                eeprom_update_byte
                0x000064fe                eeprom_update_r18
 .text.avr-libc
                0x00006520       0x18 c:/msys64/home/kyleo/qmk_utils/avr8-gnu-toolchain/bin/../lib/gcc/avr/8.3.0/../../../../avr/lib/avr5\libatmega32u4.a(eeupd_dword.o)
                0x00006520                eeprom_update_float
                0x00006520                eeprom_update_dword
 .text.avr-libc
                0x00006538        0xc c:/msys64/home/kyleo/qmk_utils/avr8-gnu-toolchain/bin/../lib/gcc/avr/8.3.0/../../../../avr/lib/avr5\libatmega32u4.a(eeupd_word.o)
                0x00006538                eeprom_update_word
 .text.avr-libc
                0x00006544       0x20 c:/msys64/home/kyleo/qmk_utils/avr8-gnu-toolchain/bin/../lib/gcc/avr/8.3.0/../../../../avr/lib/avr5\libatmega32u4.a(eerd_block.o)
                0x00006544                eeprom_read_block
                0x00006548                eeprom_read_blraw
                0x00006564                . = ALIGN (0x2)
 *(.fini9)
 .fini9         0x00006564        0x0 c:/msys64/home/kyleo/qmk_utils/avr8-gnu-toolchain/bin/../lib/gcc/avr/8.3.0/avr5\libgcc.a(_exit.o)
                0x00006564                _exit
                0x00006564                exit
 *(.fini9)
 *(.fini8)
 *(.fini8)
 *(.fini7)
 *(.fini7)
 *(.fini6)
 *(.fini6)
 *(.fini5)
 *(.fini5)
 *(.fini4)
 *(.fini4)
 *(.fini3)
 *(.fini3)
 *(.fini2)
 *(.fini2)
 *(.fini1)
 *(.fini1)
 *(.fini0)
 .fini0         0x00006564        0x4 c:/msys64/home/kyleo/qmk_utils/avr8-gnu-toolchain/bin/../lib/gcc/avr/8.3.0/avr5\libgcc.a(_exit.o)
 *(.fini0)
 *(.hightext)
 *(.hightext*)
 *(.progmemx.*)
                0x00006568                . = ALIGN (0x2)
 *(.jumptables)
 *(.jumptables*)
 .jumptables.gcc.process_rgb
                0x00006568       0x28 .build/obj_clueboard_66_rev3_default/quantum/process_keycode/process_rgb.o
 .jumptables.gcc.process_action
                0x00006590       0x20 .build/obj_clueboard_66_rev3_default/common/action.o
 .jumptables.gcc.is_tap_action
                0x000065b0       0x1c .build/obj_clueboard_66_rev3_default/common/action.o
 .jumptables.gcc.USB_Device_ProcessControlRequest
                0x000065cc       0x14 .build/obj_clueboard_66_rev3_default/lib/lufa/LUFA/Drivers/USB/Core/DeviceStandardReq.o
                0x000065e0                _etext = .

.data           0x00800100       0xce load address 0x000065e0
                0x00800100                PROVIDE (__data_start = .)
 *(.data)
 *(.data*)
 .data.increment.3292
                0x00800100        0x1 .build/obj_clueboard_66_rev3_default/quantum/rgblight.o
 .data.high_bound.3291
                0x00800101        0x1 .build/obj_clueboard_66_rev3_default/quantum/rgblight.o
 .data.effect_num_leds
                0x00800102        0x1 .build/obj_clueboard_66_rev3_default/quantum/rgblight.o
 .data.effect_end_pos
                0x00800103        0x1 .build/obj_clueboard_66_rev3_default/quantum/rgblight.o
 .data.clipping_num_leds
                0x00800104        0x1 .build/obj_clueboard_66_rev3_default/quantum/rgblight.o
 .data.static_effect_table
                0x00800105        0xb .build/obj_clueboard_66_rev3_default/quantum/rgblight.o
 .data.keyboard_report
                0x00800110        0x2 .build/obj_clueboard_66_rev3_default/common/action_util.o
                0x00800110                keyboard_report
 .data.mk_wheel_time_to_max
                0x00800112        0x1 .build/obj_clueboard_66_rev3_default/common/mousekey.o
                0x00800112                mk_wheel_time_to_max
 .data.mk_wheel_max_speed
                0x00800113        0x1 .build/obj_clueboard_66_rev3_default/common/mousekey.o
                0x00800113                mk_wheel_max_speed
 .data.mk_wheel_interval
                0x00800114        0x1 .build/obj_clueboard_66_rev3_default/common/mousekey.o
                0x00800114                mk_wheel_interval
 .data.mk_wheel_delay
                0x00800115        0x1 .build/obj_clueboard_66_rev3_default/common/mousekey.o
                0x00800115                mk_wheel_delay
 .data.mk_time_to_max
                0x00800116        0x1 .build/obj_clueboard_66_rev3_default/common/mousekey.o
                0x00800116                mk_time_to_max
 .data.mk_max_speed
                0x00800117        0x1 .build/obj_clueboard_66_rev3_default/common/mousekey.o
                0x00800117                mk_max_speed
 .data.mk_interval
                0x00800118        0x1 .build/obj_clueboard_66_rev3_default/common/mousekey.o
                0x00800118                mk_interval
 .data.mk_delay
                0x00800119        0x1 .build/obj_clueboard_66_rev3_default/common/mousekey.o
                0x00800119                mk_delay
 .data.lufa_driver
                0x0080011a        0xa .build/obj_clueboard_66_rev3_default/lufa.o
                0x0080011a                lufa_driver
 .data.keyboard_protocol
                0x00800124        0x1 .build/obj_clueboard_66_rev3_default/lufa.o
                0x00800124                keyboard_protocol
 *(.gnu.linkonce.d*)
 *(.rodata)
 *(.rodata*)
 .rodata.CSWTCH.1
                0x00800125       0x2e .build/obj_clueboard_66_rev3_default/quantum/keymap_common.o
 .rodata.CSWTCH.0
                0x00800153        0x3 .build/obj_clueboard_66_rev3_default/quantum/keymap_common.o
 .rodata.col_pins
                0x00800156        0x8 .build/obj_clueboard_66_rev3_default/quantum/matrix.o
 .rodata.row_pins
                0x0080015e        0xa .build/obj_clueboard_66_rev3_default/quantum/matrix.o
 .rodata.mode_base_table
                0x00800168       0x25 .build/obj_clueboard_66_rev3_default/quantum/rgblight.o
 .rodata.CSWTCH.17
                0x0080018d       0x2e .build/obj_clueboard_66_rev3_default/common/action.o
 .rodata.CSWTCH.16
                0x008001bb        0x3 .build/obj_clueboard_66_rev3_default/common/action.o
 .rodata.CSWTCH.2
                0x008001be        0x3 .build/obj_clueboard_66_rev3_default/usb_descriptor.o
 .rodata.CSWTCH.1
                0x008001c1        0x6 .build/obj_clueboard_66_rev3_default/usb_descriptor.o
 .rodata.CSWTCH.0
                0x008001c7        0x6 .build/obj_clueboard_66_rev3_default/usb_descriptor.o
 *(.gnu.linkonce.r*)
                0x008001ce                . = ALIGN (0x2)
 *fill*         0x008001cd        0x1 
                0x008001ce                _edata = .
                0x008001ce                PROVIDE (__data_end = .)

.bss            0x008001ce      0x15b
                0x008001ce                PROVIDE (__bss_start = .)
 *(.bss)
 .bss           0x008001ce        0x2 .build/obj_clueboard_66_rev3_default/common/avr/xprintf.o
                0x008001ce                xfunc_out
 *(.bss*)
 .bss.debouncing_time
                0x008001d0        0x2 .build/obj_clueboard_66_rev3_default/quantum/debounce/sym_g.o
 .bss.debouncing
                0x008001d2        0x1 .build/obj_clueboard_66_rev3_default/quantum/debounce/sym_g.o
 .bss.maxval.3313
                0x008001d3        0x1 .build/obj_clueboard_66_rev3_default/quantum/rgblight.o
 .bss.low_bound.3290
                0x008001d4        0x1 .build/obj_clueboard_66_rev3_default/quantum/rgblight.o
 .bss.pos.3274  0x008001d5        0x1 .build/obj_clueboard_66_rev3_default/quantum/rgblight.o
 .bss.effect_start_pos
                0x008001d6        0x1 .build/obj_clueboard_66_rev3_default/quantum/rgblight.o
 .bss.clipping_start_pos
                0x008001d7        0x1 .build/obj_clueboard_66_rev3_default/quantum/rgblight.o
 .bss.animation_status
                0x008001d8        0x6 .build/obj_clueboard_66_rev3_default/quantum/rgblight.o
                0x008001d8                animation_status
 .bss.is_rgblight_initialized
                0x008001de        0x1 .build/obj_clueboard_66_rev3_default/quantum/rgblight.o
                0x008001de                is_rgblight_initialized
 .bss.rgblight_status
                0x008001df        0x2 .build/obj_clueboard_66_rev3_default/quantum/rgblight.o
                0x008001df                rgblight_status
 .bss.sc_timer  0x008001e1        0x2 .build/obj_clueboard_66_rev3_default/quantum/process_keycode/process_space_cadet.o
 .bss.sc_last   0x008001e3        0x1 .build/obj_clueboard_66_rev3_default/quantum/process_keycode/process_space_cadet.o
 .bss.grave_esc_was_shifted
                0x008001e4        0x1 .build/obj_clueboard_66_rev3_default/quantum/process_keycode/process_grave_esc.o
 .bss.last_consumer_report
                0x008001e5        0x2 .build/obj_clueboard_66_rev3_default/common/host.o
 .bss.last_system_report
                0x008001e7        0x2 .build/obj_clueboard_66_rev3_default/common/host.o
 .bss.driver    0x008001e9        0x2 .build/obj_clueboard_66_rev3_default/common/host.o
 .bss.led_status.5986
                0x008001eb        0x1 .build/obj_clueboard_66_rev3_default/common/keyboard.o
 .bss.matrix_prev.5985
                0x008001ec        0xa .build/obj_clueboard_66_rev3_default/common/keyboard.o
 .bss.disable_action_cache
                0x008001f6        0x1 .build/obj_clueboard_66_rev3_default/common/action.o
                0x008001f6                disable_action_cache
 .bss.waiting_buffer_tail
                0x008001f7        0x1 .build/obj_clueboard_66_rev3_default/common/action_tapping.o
 .bss.waiting_buffer_head
                0x008001f8        0x1 .build/obj_clueboard_66_rev3_default/common/action_tapping.o
 .bss.waiting_buffer
                0x008001f9       0x30 .build/obj_clueboard_66_rev3_default/common/action_tapping.o
 .bss.tapping_key
                0x00800229        0x6 .build/obj_clueboard_66_rev3_default/common/action_tapping.o
 .bss.source_layers_cache
                0x0080022f       0x32 .build/obj_clueboard_66_rev3_default/common/action_layer.o
                0x0080022f                source_layers_cache
 .bss.layer_state
                0x00800261        0x4 .build/obj_clueboard_66_rev3_default/common/action_layer.o
                0x00800261                layer_state
 .bss.default_layer_state
                0x00800265        0x4 .build/obj_clueboard_66_rev3_default/common/action_layer.o
                0x00800265                default_layer_state
 .bss.oneshot_layer_data
                0x00800269        0x1 .build/obj_clueboard_66_rev3_default/common/action_util.o
 .bss.oneshot_mods
                0x0080026a        0x1 .build/obj_clueboard_66_rev3_default/common/action_util.o
 .bss.__compound_literal.0
                0x0080026b       0x20 .build/obj_clueboard_66_rev3_default/common/action_util.o
 .bss.macro_mods
                0x0080028b        0x1 .build/obj_clueboard_66_rev3_default/common/action_util.o
 .bss.weak_mods
                0x0080028c        0x1 .build/obj_clueboard_66_rev3_default/common/action_util.o
 .bss.real_mods
                0x0080028d        0x1 .build/obj_clueboard_66_rev3_default/common/action_util.o
 .bss.debug_config
                0x0080028e        0x1 .build/obj_clueboard_66_rev3_default/common/debug.o
                0x0080028e                debug_config
 .bss.wdt_timeout
                0x0080028f        0x1 .build/obj_clueboard_66_rev3_default/common/avr/suspend.o
 .bss.last_timer_w
                0x00800290        0x2 .build/obj_clueboard_66_rev3_default/common/mousekey.o
 .bss.last_timer_c
                0x00800292        0x2 .build/obj_clueboard_66_rev3_default/common/mousekey.o
 .bss.last_timer
                0x00800294        0x2 .build/obj_clueboard_66_rev3_default/common/mousekey.o
 .bss.mousekey_repeat
                0x00800296        0x1 .build/obj_clueboard_66_rev3_default/common/mousekey.o
 .bss.mousekey_accel
                0x00800297        0x1 .build/obj_clueboard_66_rev3_default/common/mousekey.o
 .bss.mouse_report
                0x00800298        0x6 .build/obj_clueboard_66_rev3_default/common/mousekey.o