Archive member included to satisfy reference by file (symbol)

c:/msys64/home/kyleo/qmk_utils/avr8-gnu-toolchain/bin/../lib/gcc/avr/8.3.0/avr5\libgcc.a(_divmodqi4.o)
                              .build/obj_lily58_rev1_default/quantum/rgblight.o (__divmodqi4)
c:/msys64/home/kyleo/qmk_utils/avr8-gnu-toolchain/bin/../lib/gcc/avr/8.3.0/avr5\libgcc.a(_udivmodhi4.o)
                              .build/obj_lily58_rev1_default/quantum/color.o (__udivmodhi4)
c:/msys64/home/kyleo/qmk_utils/avr8-gnu-toolchain/bin/../lib/gcc/avr/8.3.0/avr5\libgcc.a(_divmodhi4.o)
                              .build/obj_lily58_rev1_default/ssd1306.o (__divmodhi4)
c:/msys64/home/kyleo/qmk_utils/avr8-gnu-toolchain/bin/../lib/gcc/avr/8.3.0/avr5\libgcc.a(_exit.o)
                              c:/msys64/home/kyleo/qmk_utils/avr8-gnu-toolchain/bin/../lib/gcc/avr/8.3.0/../../../../avr/lib/avr5/crtatmega32u4.o (exit)
c:/msys64/home/kyleo/qmk_utils/avr8-gnu-toolchain/bin/../lib/gcc/avr/8.3.0/avr5\libgcc.a(_tablejump2.o)
                              .build/obj_lily58_rev1_default/quantum/process_keycode/process_rgb.o (__tablejump2__)
c:/msys64/home/kyleo/qmk_utils/avr8-gnu-toolchain/bin/../lib/gcc/avr/8.3.0/avr5\libgcc.a(_copy_data.o)
                              .build/obj_lily58_rev1_default/ssd1306.o (__do_copy_data)
c:/msys64/home/kyleo/qmk_utils/avr8-gnu-toolchain/bin/../lib/gcc/avr/8.3.0/avr5\libgcc.a(_clear_bss.o)
                              .build/obj_lily58_rev1_default/i2c.o (__do_clear_bss)
c:/msys64/home/kyleo/qmk_utils/avr8-gnu-toolchain/bin/../lib/gcc/avr/8.3.0/avr5\libgcc.a(_udivmodqi4.o)
                              c:/msys64/home/kyleo/qmk_utils/avr8-gnu-toolchain/bin/../lib/gcc/avr/8.3.0/avr5\libgcc.a(_divmodqi4.o) (__udivmodqi4)
c:/msys64/home/kyleo/qmk_utils/avr8-gnu-toolchain/bin/../lib/gcc/avr/8.3.0/../../../../avr/lib/avr5\libc.a(memchr.o)
                              .build/obj_lily58_rev1_default/quantum/rgblight.o (memchr)
c:/msys64/home/kyleo/qmk_utils/avr8-gnu-toolchain/bin/../lib/gcc/avr/8.3.0/../../../../avr/lib/avr5\libc.a(memcmp.o)
                              .build/obj_lily58_rev1_default/rev1/matrix.o (memcmp)
c:/msys64/home/kyleo/qmk_utils/avr8-gnu-toolchain/bin/../lib/gcc/avr/8.3.0/../../../../avr/lib/avr5\libc.a(memmove.o)
                              .build/obj_lily58_rev1_default/ssd1306.o (memmove)
c:/msys64/home/kyleo/qmk_utils/avr8-gnu-toolchain/bin/../lib/gcc/avr/8.3.0/../../../../avr/lib/avr5\libc.a(memset.o)
                              .build/obj_lily58_rev1_default/ssd1306.o (memset)
c:/msys64/home/kyleo/qmk_utils/avr8-gnu-toolchain/bin/../lib/gcc/avr/8.3.0/../../../../avr/lib/avr5\libc.a(strcpy.o)
                              .build/obj_lily58_rev1_default/./lib/layer_state_reader.o (strcpy)
c:/msys64/home/kyleo/qmk_utils/avr8-gnu-toolchain/bin/../lib/gcc/avr/8.3.0/../../../../avr/lib/avr5\libc.a(snprintf.o)
                              .build/obj_lily58_rev1_default/ssd1306.o (snprintf)
c:/msys64/home/kyleo/qmk_utils/avr8-gnu-toolchain/bin/../lib/gcc/avr/8.3.0/../../../../avr/lib/avr5\libc.a(vfprintf_std.o)
                              c:/msys64/home/kyleo/qmk_utils/avr8-gnu-toolchain/bin/../lib/gcc/avr/8.3.0/../../../../avr/lib/avr5\libc.a(snprintf.o) (vfprintf)
c:/msys64/home/kyleo/qmk_utils/avr8-gnu-toolchain/bin/../lib/gcc/avr/8.3.0/../../../../avr/lib/avr5\libc.a(strnlen_P.o)
                              c:/msys64/home/kyleo/qmk_utils/avr8-gnu-toolchain/bin/../lib/gcc/avr/8.3.0/../../../../avr/lib/avr5\libc.a(vfprintf_std.o) (strnlen_P)
c:/msys64/home/kyleo/qmk_utils/avr8-gnu-toolchain/bin/../lib/gcc/avr/8.3.0/../../../../avr/lib/avr5\libc.a(memcpy.o)
                              c:/msys64/home/kyleo/qmk_utils/avr8-gnu-toolchain/bin/../lib/gcc/avr/8.3.0/../../../../avr/lib/avr5\libc.a(memmove.o) (memcpy)
c:/msys64/home/kyleo/qmk_utils/avr8-gnu-toolchain/bin/../lib/gcc/avr/8.3.0/../../../../avr/lib/avr5\libc.a(strnlen.o)
                              c:/msys64/home/kyleo/qmk_utils/avr8-gnu-toolchain/bin/../lib/gcc/avr/8.3.0/../../../../avr/lib/avr5\libc.a(vfprintf_std.o) (strnlen)
c:/msys64/home/kyleo/qmk_utils/avr8-gnu-toolchain/bin/../lib/gcc/avr/8.3.0/../../../../avr/lib/avr5\libc.a(fputc.o)
                              c:/msys64/home/kyleo/qmk_utils/avr8-gnu-toolchain/bin/../lib/gcc/avr/8.3.0/../../../../avr/lib/avr5\libc.a(vfprintf_std.o) (fputc)
c:/msys64/home/kyleo/qmk_utils/avr8-gnu-toolchain/bin/../lib/gcc/avr/8.3.0/../../../../avr/lib/avr5\libc.a(ultoa_invert.o)
                              c:/msys64/home/kyleo/qmk_utils/avr8-gnu-toolchain/bin/../lib/gcc/avr/8.3.0/../../../../avr/lib/avr5\libc.a(vfprintf_std.o) (__ultoa_invert)
c:/msys64/home/kyleo/qmk_utils/avr8-gnu-toolchain/bin/../lib/gcc/avr/8.3.0/../../../../avr/lib/avr5\libatmega32u4.a(eerd_byte.o)
                              .build/obj_lily58_rev1_default/common/eeconfig.o (eeprom_read_byte)
[...]
Memory Configuration

Name             Origin             Length             Attributes
text             0x00000000         0x00020000         xr
data             0x00800060         0x0000ffa0         rw !x
eeprom           0x00810000         0x00010000         rw !x
fuse             0x00820000         0x00000400         rw !x
lock             0x00830000         0x00000400         rw !x
signature        0x00840000         0x00000400         rw !x
user_signatures  0x00850000         0x00000400         rw !x
*default*        0x00000000         0xffffffff

Linker script and memory map

Address of section .data set to 0x800100
LOAD c:/msys64/home/kyleo/qmk_utils/avr8-gnu-toolchain/bin/../lib/gcc/avr/8.3.0/../../../../avr/lib/avr5/crtatmega32u4.o
LOAD .build/obj_lily58_rev1_default/i2c.o
LOAD .build/obj_lily58_rev1_default/serial.o
LOAD .build/obj_lily58_rev1_default/ssd1306.o
LOAD .build/obj_lily58_rev1_default/rev1/matrix.o
LOAD .build/obj_lily58_rev1_default/rev1/split_util.o
LOAD .build/obj_lily58_rev1_default/rev1/split_scomm.o
LOAD .build/obj_lily58_rev1_default/./lib/glcdfont.o
LOAD .build/obj_lily58_rev1_default/./lib/rgb_state_reader.o
LOAD .build/obj_lily58_rev1_default/./lib/layer_state_reader.o
LOAD .build/obj_lily58_rev1_default/./lib/logo_reader.o
LOAD .build/obj_lily58_rev1_default/./lib/keylogger.o
LOAD .build/obj_lily58_rev1_default/keyboards/lily58/lily58.o
LOAD .build/obj_lily58_rev1_default/keyboards/lily58/rev1/rev1.o
LOAD .build/obj_lily58_rev1_default/keyboards/lily58/keymaps/default/keymap.o
LOAD .build/obj_lily58_rev1_default/quantum/quantum.o
LOAD .build/obj_lily58_rev1_default/quantum/keymap_common.o
LOAD .build/obj_lily58_rev1_default/quantum/keycode_config.o
LOAD .build/obj_lily58_rev1_default/quantum/debounce/sym_g.o
LOAD .build/obj_lily58_rev1_default/quantum/color.o
LOAD .build/obj_lily58_rev1_default/quantum/rgblight.o
LOAD .build/obj_lily58_rev1_default/quantum/process_keycode/process_rgb.o
LOAD .build/obj_lily58_rev1_default/ws2812.o
LOAD .build/obj_lily58_rev1_default/quantum/led_tables.o
LOAD .build/obj_lily58_rev1_default/quantum/encoder.o
LOAD .build/obj_lily58_rev1_default/quantum/process_keycode/process_space_cadet.o
LOAD .build/obj_lily58_rev1_default/quantum/process_keycode/process_magic.o
LOAD .build/obj_lily58_rev1_default/quantum/process_keycode/process_grave_esc.o
LOAD .build/obj_lily58_rev1_default/serial.a
LOAD .build/obj_lily58_rev1_default/common/host.o
LOAD .build/obj_lily58_rev1_default/common/keyboard.o
LOAD .build/obj_lily58_rev1_default/common/action.o
LOAD .build/obj_lily58_rev1_default/common/action_tapping.o
LOAD .build/obj_lily58_rev1_default/common/action_macro.o
LOAD .build/obj_lily58_rev1_default/common/action_layer.o
LOAD .build/obj_lily58_rev1_default/common/action_util.o
LOAD .build/obj_lily58_rev1_default/common/print.o
LOAD .build/obj_lily58_rev1_default/common/debug.o
LOAD .build/obj_lily58_rev1_default/common/util.o
LOAD .build/obj_lily58_rev1_default/common/eeconfig.o
LOAD .build/obj_lily58_rev1_default/common/report.o
LOAD .build/obj_lily58_rev1_default/common/avr/suspend.o
LOAD .build/obj_lily58_rev1_default/common/avr/timer.o
LOAD .build/obj_lily58_rev1_default/common/avr/bootloader.o
LOAD .build/obj_lily58_rev1_default/common/avr/xprintf.o
LOAD .build/obj_lily58_rev1_default/common/magic.o
LOAD .build/obj_lily58_rev1_default/lufa.o
LOAD .build/obj_lily58_rev1_default/usb_descriptor.o
LOAD .build/obj_lily58_rev1_default/outputselect.o
LOAD .build/obj_lily58_rev1_default/lib/lufa/LUFA/Drivers/USB/Class/Common/HIDParser.o
LOAD .build/obj_lily58_rev1_default/lib/lufa/LUFA/Drivers/USB/Core/AVR8/Device_AVR8.o
LOAD .build/obj_lily58_rev1_default/lib/lufa/LUFA/Drivers/USB/Core/AVR8/EndpointStream_AVR8.o
LOAD .build/obj_lily58_rev1_default/lib/lufa/LUFA/Drivers/USB/Core/AVR8/Endpoint_AVR8.o
LOAD .build/obj_lily58_rev1_default/lib/lufa/LUFA/Drivers/USB/Core/AVR8/Host_AVR8.o
LOAD .build/obj_lily58_rev1_default/lib/lufa/LUFA/Drivers/USB/Core/AVR8/PipeStream_AVR8.o
LOAD .build/obj_lily58_rev1_default/lib/lufa/LUFA/Drivers/USB/Core/AVR8/Pipe_AVR8.o
LOAD .build/obj_lily58_rev1_default/lib/lufa/LUFA/Drivers/USB/Core/AVR8/USBController_AVR8.o
LOAD .build/obj_lily58_rev1_default/lib/lufa/LUFA/Drivers/USB/Core/AVR8/USBInterrupt_AVR8.o
LOAD .build/obj_lily58_rev1_default/lib/lufa/LUFA/Drivers/USB/Core/ConfigDescriptors.o
LOAD .build/obj_lily58_rev1_default/lib/lufa/LUFA/Drivers/USB/Core/DeviceStandardReq.o
LOAD .build/obj_lily58_rev1_default/lib/lufa/LUFA/Drivers/USB/Core/Events.o
LOAD .build/obj_lily58_rev1_default/lib/lufa/LUFA/Drivers/USB/Core/HostStandardReq.o
LOAD .build/obj_lily58_rev1_default/lib/lufa/LUFA/Drivers/USB/Core/USBTask.o
LOAD c:/msys64/home/kyleo/qmk_utils/avr8-gnu-toolchain/bin/../lib/gcc/avr/8.3.0/../../../../avr/lib/avr5\libm.a
START GROUP
LOAD c:/msys64/home/kyleo/qmk_utils/avr8-gnu-toolchain/bin/../lib/gcc/avr/8.3.0/avr5\libgcc.a
LOAD c:/msys64/home/kyleo/qmk_utils/avr8-gnu-toolchain/bin/../lib/gcc/avr/8.3.0/../../../../avr/lib/avr5\libm.a
LOAD c:/msys64/home/kyleo/qmk_utils/avr8-gnu-toolchain/bin/../lib/gcc/avr/8.3.0/../../../../avr/lib/avr5\libc.a
LOAD c:/msys64/home/kyleo/qmk_utils/avr8-gnu-toolchain/bin/../lib/gcc/avr/8.3.0/../../../../avr/lib/avr5\libatmega32u4.a
END GROUP
                0x00020000                __TEXT_REGION_LENGTH__ = DEFINED (__TEXT_REGION_LENGTH__)?__TEXT_REGION_LENGTH__:0x20000
                0x0000ffa0                __DATA_REGION_LENGTH__ = DEFINED (__DATA_REGION_LENGTH__)?__DATA_REGION_LENGTH__:0xffa0
                0x00010000                __EEPROM_REGION_LENGTH__ = DEFINED (__EEPROM_REGION_LENGTH__)?__EEPROM_REGION_LENGTH__:0x10000
                0x00000400                __FUSE_REGION_LENGTH__ = DEFINED (__FUSE_REGION_LENGTH__)?__FUSE_REGION_LENGTH__:0x400
                0x00000400                __LOCK_REGION_LENGTH__ = DEFINED (__LOCK_REGION_LENGTH__)?__LOCK_REGION_LENGTH__:0x400
                0x00000400                __SIGNATURE_REGION_LENGTH__ = DEFINED (__SIGNATURE_REGION_LENGTH__)?__SIGNATURE_REGION_LENGTH__:0x400
                0x00000400                __USER_SIGNATURE_REGION_LENGTH__ = DEFINED (__USER_SIGNATURE_REGION_LENGTH__)?__USER_SIGNATURE_REGION_LENGTH__:0x400

.hash
 *(.hash)

.dynsym
 *(.dynsym)

.dynstr
 *(.dynstr)

.gnu.version
 *(.gnu.version)

.gnu.version_d
 *(.gnu.version_d)

.gnu.version_r
 *(.gnu.version_r)

.rel.init
 *(.rel.init)

.rela.init
 *(.rela.init)

.rel.text
 *(.rel.text)
 *(.rel.text.*)
 *(.rel.gnu.linkonce.t*)

.rela.text
 *(.rela.text)
 *(.rela.text.*)
 *(.rela.gnu.linkonce.t*)

.rel.fini
 *(.rel.fini)

.rela.fini
 *(.rela.fini)

.rel.rodata
 *(.rel.rodata)
 *(.rel.rodata.*)
 *(.rel.gnu.linkonce.r*)

.rela.rodata
 *(.rela.rodata)
 *(.rela.rodata.*)
 *(.rela.gnu.linkonce.r*)

.rel.data
 *(.rel.data)
 *(.rel.data.*)
 *(.rel.gnu.linkonce.d*)

.rela.data
 *(.rela.data)
 *(.rela.data.*)
 *(.rela.gnu.linkonce.d*)

.rel.ctors
 *(.rel.ctors)

.rela.ctors
 *(.rela.ctors)

.rel.dtors
 *(.rel.dtors)

.rela.dtors
 *(.rela.dtors)

.rel.got
 *(.rel.got)

.rela.got
 *(.rela.got)

.rel.bss
 *(.rel.bss)

.rela.bss
 *(.rela.bss)

.rel.plt
 *(.rel.plt)

.rela.plt
 *(.rela.plt)

.text           0x00000000     0x5fda
 *(.vectors)
 .vectors       0x00000000       0xac c:/msys64/home/kyleo/qmk_utils/avr8-gnu-toolchain/bin/../lib/gcc/avr/8.3.0/../../../../avr/lib/avr5/crtatmega32u4.o
                0x00000000                __vector_default
                0x00000000                __vectors
 *(.vectors)
 *(.progmem.gcc*)
                0x000000ac                . = ALIGN (0x2)
                0x000000ac                __trampolines_start = .
 *(.trampolines)
 .trampolines   0x000000ac        0x0 linker stubs
 *(.trampolines*)
                0x000000ac                __trampolines_end = .
 *libprintf_flt.a:*(.progmem.data)
 *libc.a:*(.progmem.data)
 *(.progmem.*)
 .progmem.data.font
                0x000000ac      0x540 .build/obj_lily58_rev1_default/./lib/glcdfont.o
                0x000000ac                font
 .progmem.data.keymaps
                0x000005ec      0x1e0 .build/obj_lily58_rev1_default/keyboards/lily58/keymaps/default/keymap.o
                0x000005ec                keymaps
 .progmem.data.RGBLED_RGBTEST_INTERVALS
                0x000007cc        0x2 .build/obj_lily58_rev1_default/quantum/rgblight.o
                0x000007cc                RGBLED_RGBTEST_INTERVALS
 .progmem.data.RGBLED_KNIGHT_INTERVALS
                0x000007ce        0x3 .build/obj_lily58_rev1_default/quantum/rgblight.o
                0x000007ce                RGBLED_KNIGHT_INTERVALS
 .progmem.data.RGBLED_SNAKE_INTERVALS
                0x000007d1        0x3 .build/obj_lily58_rev1_default/quantum/rgblight.o
                0x000007d1                RGBLED_SNAKE_INTERVALS
 .progmem.data.RGBLED_RAINBOW_SWIRL_INTERVALS
                0x000007d4        0x3 .build/obj_lily58_rev1_default/quantum/rgblight.o
                0x000007d4                RGBLED_RAINBOW_SWIRL_INTERVALS
 .progmem.data.RGBLED_RAINBOW_MOOD_INTERVALS
                0x000007d7        0x3 .build/obj_lily58_rev1_default/quantum/rgblight.o
                0x000007d7                RGBLED_RAINBOW_MOOD_INTERVALS
 .progmem.data.RGBLED_BREATHING_INTERVALS
                0x000007da        0x4 .build/obj_lily58_rev1_default/quantum/rgblight.o
                0x000007da                RGBLED_BREATHING_INTERVALS
 .progmem.data.rgblight_effect_breathe_table
                0x000007de      0x100 .build/obj_lily58_rev1_default/quantum/rgblight.o
                0x000007de                rgblight_effect_breathe_table
 .progmem.data.RGBLED_GRADIENT_RANGES
                0x000008de        0x5 .build/obj_lily58_rev1_default/quantum/rgblight.o
                0x000008de                RGBLED_GRADIENT_RANGES
 .progmem.data.CIE1931_CURVE
                0x000008e3      0x100 .build/obj_lily58_rev1_default/quantum/led_tables.o
                0x000008e3                CIE1931_CURVE
 .progmem.data.SerialNumberString
                0x000009e3        0x6 .build/obj_lily58_rev1_default/usb_descriptor.o
                0x000009e3                SerialNumberString
 .progmem.data.ProductString
                0x000009e9       0x10 .build/obj_lily58_rev1_default/usb_descriptor.o
                0x000009e9                ProductString
 .progmem.data.ManufacturerString
                0x000009f9       0x14 .build/obj_lily58_rev1_default/usb_descriptor.o
                0x000009f9                ManufacturerString
 .progmem.data.LanguageString
                0x00000a0d        0x4 .build/obj_lily58_rev1_default/usb_descriptor.o
                0x00000a0d                LanguageString
 .progmem.data.ConfigurationDescriptor
                0x00000a11       0x3b .build/obj_lily58_rev1_default/usb_descriptor.o
                0x00000a11                ConfigurationDescriptor
 .progmem.data.DeviceDescriptor
                0x00000a4c       0x12 .build/obj_lily58_rev1_default/usb_descriptor.o
                0x00000a4c                DeviceDescriptor
 .progmem.data.SharedReport
                0x00000a5e       0x32 .build/obj_lily58_rev1_default/usb_descriptor.o
                0x00000a5e                SharedReport
 .progmem.data.KeyboardReport
                0x00000a90       0x40 .build/obj_lily58_rev1_default/usb_descriptor.o
                0x00000a90                KeyboardReport
                0x00000ad0                . = ALIGN (0x2)
 *(.lowtext)
 *(.lowtext*)
                0x00000ad0                __ctors_start = .
 *(.ctors)
                0x00000ad0                __ctors_end = .
                0x00000ad0                __dtors_start = .
 *(.dtors)
                0x00000ad0                __dtors_end = .
 SORT_BY_NAME(*)(.ctors)
 SORT_BY_NAME(*)(.dtors)
 *(.init0)
 .init0         0x00000ad0        0x0 c:/msys64/home/kyleo/qmk_utils/avr8-gnu-toolchain/bin/../lib/gcc/avr/8.3.0/../../../../avr/lib/avr5/crtatmega32u4.o
                0x00000ad0                __init
 *(.init0)
 *(.init1)
 *(.init1)
 *(.init2)
 .init2         0x00000ad0        0xc c:/msys64/home/kyleo/qmk_utils/avr8-gnu-toolchain/bin/../lib/gcc/avr/8.3.0/../../../../avr/lib/avr5/crtatmega32u4.o
 *(.init2)
 *(.init3)
 .init3         0x00000adc       0x54 .build/obj_lily58_rev1_default/common/avr/bootloader.o
                0x00000adc                bootloader_jump_after_watchdog_reset
 *(.init3)
 *(.init4)
 .init4         0x00000b30       0x16 c:/msys64/home/kyleo/qmk_utils/avr8-gnu-toolchain/bin/../lib/gcc/avr/8.3.0/avr5\libgcc.a(_copy_data.o)
                0x00000b30                __do_copy_data
 .init4         0x00000b46       0x10 c:/msys64/home/kyleo/qmk_utils/avr8-gnu-toolchain/bin/../lib/gcc/avr/8.3.0/avr5\libgcc.a(_clear_bss.o)
                0x00000b46                __do_clear_bss
 *(.init4)
 *(.init5)
 *(.init5)
 *(.init6)
 *(.init6)
 *(.init7)
 *(.init7)
 *(.init8)
 *(.init8)
 *(.init9)
 .init9         0x00000b56        0x8 c:/msys64/home/kyleo/qmk_utils/avr8-gnu-toolchain/bin/../lib/gcc/avr/8.3.0/../../../../avr/lib/avr5/crtatmega32u4.o
 *(.init9)
 *(.text)
 .text          0x00000b5e        0x4 c:/msys64/home/kyleo/qmk_utils/avr8-gnu-toolchain/bin/../lib/gcc/avr/8.3.0/../../../../avr/lib/avr5/crtatmega32u4.o
                0x00000b5e                __vector_38
                0x00000b5e                __vector_22
                0x00000b5e                __vector_28
                0x00000b5e                __vector_1
                0x00000b5e                __vector_32
                0x00000b5e                __vector_34
                0x00000b5e                __vector_24
                0x00000b5e                __bad_interrupt
                0x00000b5e                __vector_6
                0x00000b5e                __vector_31
                0x00000b5e                __vector_35
                0x00000b5e                __vector_39
                0x00000b5e                __vector_23
                0x00000b5e                __vector_30
                0x00000b5e                __vector_25
                0x00000b5e                __vector_13
                0x00000b5e                __vector_17
                0x00000b5e                __vector_19
                0x00000b5e                __vector_7
                0x00000b5e                __vector_41
                0x00000b5e                __vector_27
                0x00000b5e                __vector_5
                0x00000b5e                __vector_33
                0x00000b5e                __vector_37
                0x00000b5e                __vector_4
                0x00000b5e                __vector_9
                0x00000b5e                __vector_2
                0x00000b5e                __vector_15
                0x00000b5e                __vector_29
                0x00000b5e                __vector_40
                0x00000b5e                __vector_8
                0x00000b5e                __vector_26
                0x00000b5e                __vector_14
                0x00000b5e                __vector_16
                0x00000b5e                __vector_18
                0x00000b5e                __vector_20
                0x00000b5e                __vector_42
                0x00000b62                . = ALIGN (0x2)
 *(.text.*)
 .text.i2c_delay
                0x00000b62       0x12 .build/obj_lily58_rev1_default/i2c.o
 .text.i2c_master_init
                0x00000b74        0xc .build/obj_lily58_rev1_default/i2c.o
                0x00000b74                i2c_master_init
 .text.i2c_master_start
                0x00000b80       0x4e .build/obj_lily58_rev1_default/i2c.o
                0x00000b80                i2c_master_start
 .text.i2c_master_stop
                0x00000bce       0x18 .build/obj_lily58_rev1_default/i2c.o
                0x00000bce                i2c_master_stop
 .text.i2c_master_write
                0x00000be6       0x1e .build/obj_lily58_rev1_default/i2c.o
                0x00000be6                i2c_master_write
 .text.__vector_36
                0x00000c04       0xbe .build/obj_lily58_rev1_default/i2c.o
                0x00000c04                __vector_36
 .text.sync_recv
                0x00000cc2       0x10 .build/obj_lily58_rev1_default/serial.o
 .text.sync_send
                0x00000cd2        0xc .build/obj_lily58_rev1_default/serial.o
 .text.serial_read_chunk
                0x00000cde       0x5a .build/obj_lily58_rev1_default/serial.o
 .text.serial_recive_packet
                0x00000d38       0x50 .build/obj_lily58_rev1_default/serial.o
 .text.soft_serial_initiator_init
                0x00000d88       0x12 .build/obj_lily58_rev1_default/serial.o
                0x00000d88                soft_serial_initiator_init
 .text.soft_serial_target_init
                0x00000d9a       0x1e .build/obj_lily58_rev1_default/serial.o
                0x00000d9a                soft_serial_target_init
 .text.serial_write_chunk
                0x00000db8       0x42 .build/obj_lily58_rev1_default/serial.o
                0x00000db8                serial_write_chunk
 .text.serial_send_packet
                0x00000dfa       0x34 .build/obj_lily58_rev1_default/serial.o
 .text.__vector_3
                0x00000e2e      0x11e .build/obj_lily58_rev1_default/serial.o
                0x00000e2e                __vector_3
 .text.soft_serial_transaction
                0x00000f4c       0xfc .build/obj_lily58_rev1_default/serial.o
                0x00000f4c                soft_serial_transaction
 .text._send_cmd1
                0x00001048       0x32 .build/obj_lily58_rev1_default/ssd1306.o
 .text._send_cmd2
                0x0000107a       0x1a .build/obj_lily58_rev1_default/ssd1306.o
 .text._send_cmd3.constprop.1
                0x00001094       0x24 .build/obj_lily58_rev1_default/ssd1306.o
 .text.iota_gfx_off
                0x000010b8        0x6 .build/obj_lily58_rev1_default/ssd1306.o
                0x000010b8                iota_gfx_off
 .text.iota_gfx_on
                0x000010be        0x6 .build/obj_lily58_rev1_default/ssd1306.o
                0x000010be                iota_gfx_on
 .text.matrix_write_char_inner
                0x000010c4       0x68 .build/obj_lily58_rev1_default/ssd1306.o
                0x000010c4                matrix_write_char_inner
 .text.matrix_write_char
                0x0000112c       0x4e .build/obj_lily58_rev1_default/ssd1306.o
                0x0000112c                matrix_write_char
 .text.matrix_write
                0x0000117a       0x3c .build/obj_lily58_rev1_default/ssd1306.o
                0x0000117a                matrix_write
 .text.matrix_write_ln
                0x000011b6       0x92 .build/obj_lily58_rev1_default/ssd1306.o
                0x000011b6                matrix_write_ln
 .text.matrix_clear
                0x00001248       0x2a .build/obj_lily58_rev1_default/ssd1306.o
                0x00001248                matrix_clear
 .text.matrix_render
                0x00001272       0xc8 .build/obj_lily58_rev1_default/ssd1306.o
                0x00001272                matrix_render
 .text.iota_gfx_flush
                0x0000133a        0x8 .build/obj_lily58_rev1_default/ssd1306.o
                0x0000133a                iota_gfx_flush
 .text.iota_gfx_init
                0x00001342      0x162 .build/obj_lily58_rev1_default/ssd1306.o
                0x00001342                iota_gfx_init
 .text.iota_gfx_task
                0x000014a4       0x34 .build/obj_lily58_rev1_default/ssd1306.o
                0x000014a4                iota_gfx_task
 .text.process_record_gfx
                0x000014d8        0x8 .build/obj_lily58_rev1_default/ssd1306.o
                0x000014d8                process_record_gfx
 .text.unselect_rows
                0x000014e0       0x42 .build/obj_lily58_rev1_default/rev1/matrix.o
 .text.matrix_init_kb
                0x00001522        0x4 .build/obj_lily58_rev1_default/rev1/matrix.o
                0x00001522                matrix_init_kb
 .text.matrix_scan_kb
                0x00001526        0x4 .build/obj_lily58_rev1_default/rev1/matrix.o
                0x00001526                matrix_scan_kb
 .text.matrix_init
                0x0000152a       0x66 .build/obj_lily58_rev1_default/rev1/matrix.o
                0x0000152a                matrix_init
 .text._matrix_scan
                0x00001590      0x12a .build/obj_lily58_rev1_default/rev1/matrix.o
                0x00001590                _matrix_scan
 .text.serial_transaction
                0x000016ba       0x44 .build/obj_lily58_rev1_default/rev1/matrix.o
                0x000016ba                serial_transaction
 .text.matrix_slave_scan
                0x000016fe       0x42 .build/obj_lily58_rev1_default/rev1/matrix.o
                0x000016fe                matrix_slave_scan
 .text.matrix_scan
                0x00001740       0xb6 .build/obj_lily58_rev1_default/rev1/matrix.o
                0x00001740                matrix_scan
 .text.matrix_get_row
                0x000017f6        0xc .build/obj_lily58_rev1_default/rev1/matrix.o
                0x000017f6                matrix_get_row
 .text.matrix_print
                0x00001802        0x2 .build/obj_lily58_rev1_default/rev1/matrix.o
                0x00001802                matrix_print
 .text.waitForUsb
                0x00001804       0x32 .build/obj_lily58_rev1_default/rev1/split_util.o
                0x00001804                waitForUsb
 .text.has_usb  0x00001836       0x28 .build/obj_lily58_rev1_default/rev1/split_util.o
                0x00001836                has_usb
 .text.is_keyboard_left
                0x0000185e        0x4 .build/obj_lily58_rev1_default/rev1/split_util.o
                0x0000185e                is_keyboard_left
 .text.split_keyboard_setup
                0x00001862       0x1e .build/obj_lily58_rev1_default/rev1/split_util.o
                0x00001862                split_keyboard_setup
 .text.serial_master_init
                0x00001880        0xc .build/obj_lily58_rev1_default/rev1/split_scomm.o
                0x00001880                serial_master_init
 .text.serial_slave_init
                0x0000188c        0xc .build/obj_lily58_rev1_default/rev1/split_scomm.o
                0x0000188c                serial_slave_init
 .text.serial_update_buffers
                0x00001898       0x7a .build/obj_lily58_rev1_default/rev1/split_scomm.o
                0x00001898                serial_update_buffers
 .text.read_layer_state
                0x00001912       0x98 .build/obj_lily58_rev1_default/./lib/layer_state_reader.o
                0x00001912                read_layer_state
 .text.read_logo
                0x000019aa        0x6 .build/obj_lily58_rev1_default/./lib/logo_reader.o
                0x000019aa                read_logo
 .text.set_keylog
                0x000019b0       0x94 .build/obj_lily58_rev1_default/./lib/keylogger.o
                0x000019b0                set_keylog
 .text.read_keylog
                0x00001a44        0x6 .build/obj_lily58_rev1_default/./lib/keylogger.o
                0x00001a44                read_keylog
 .text.read_keylogs
                0x00001a4a        0x6 .build/obj_lily58_rev1_default/./lib/keylogger.o
                0x00001a4a                read_keylogs
 .text.process_record_kb
                0x00001a50       0x2c .build/obj_lily58_rev1_default/keyboards/lily58/lily58.o
                0x00001a50                process_record_kb
 .text.led_set_kb
                0x00001a7c        0x2 .build/obj_lily58_rev1_default/keyboards/lily58/rev1/rev1.o
                0x00001a7c                led_set_kb
 .text.update_tri_layer_RGB
                0x00001a7e       0xa2 .build/obj_lily58_rev1_default/keyboards/lily58/keymaps/default/keymap.o
                0x00001a7e                update_tri_layer_RGB
 .text.matrix_init_user
                0x00001b20       0x1c .build/obj_lily58_rev1_default/keyboards/lily58/keymaps/default/keymap.o
                0x00001b20                matrix_init_user
 .text.encoder_update_user
                0x00001b3c       0x12 .build/obj_lily58_rev1_default/keyboards/lily58/keymaps/default/keymap.o
                0x00001b3c                encoder_update_user
 .text.matrix_scan_user
                0x00001b4e        0x4 .build/obj_lily58_rev1_default/keyboards/lily58/keymaps/default/keymap.o
                0x00001b4e                matrix_scan_user
 .text.matrix_render_user
                0x00001b52       0x46 .build/obj_lily58_rev1_default/keyboards/lily58/keymaps/default/keymap.o
                0x00001b52                matrix_render_user
 .text.matrix_update
                0x00001b98       0x38 .build/obj_lily58_rev1_default/keyboards/lily58/keymaps/default/keymap.o
                0x00001b98                matrix_update
 .text.iota_gfx_task_user
                0x00001bd0       0x48 .build/obj_lily58_rev1_default/keyboards/lily58/keymaps/default/keymap.o
                0x00001bd0                iota_gfx_task_user
 .text.process_record_user
                0x00001c18       0x96 .build/obj_lily58_rev1_default/keyboards/lily58/keymaps/default/keymap.o
                0x00001c18                process_record_user
 .text.process_action_kb
                0x00001cae        0x4 .build/obj_lily58_rev1_default/quantum/quantum.o
                0x00001cae                process_action_kb
 .text.post_process_record_user
                0x00001cb2        0x2 .build/obj_lily58_rev1_default/quantum/quantum.o
                0x00001cb2                post_process_record_user
 .text.post_process_record_kb
                0x00001cb4        0x4 .build/obj_lily58_rev1_default/quantum/quantum.o
                0x00001cb4                post_process_record_kb
 .text.get_event_keycode
                0x00001cb8       0x62 .build/obj_lily58_rev1_default/quantum/quantum.o
                0x00001cb8                get_event_keycode
 .text.get_record_keycode
                0x00001d1a       0x10 .build/obj_lily58_rev1_default/quantum/quantum.o
                0x00001d1a                get_record_keycode
 .text.post_process_record_quantum
                0x00001d2a       0x14 .build/obj_lily58_rev1_default/quantum/quantum.o
                0x00001d2a                post_process_record_quantum
 .text.set_single_persistent_default_layer
                0x00001d3e       0x26 .build/obj_lily58_rev1_default/quantum/quantum.o
                0x00001d3e                set_single_persistent_default_layer
 .text.matrix_init_quantum
                0x00001d64       0x14 .build/obj_lily58_rev1_default/quantum/quantum.o
                0x00001d64                matrix_init_quantum
 .text.matrix_scan_quantum
                0x00001d78        0x8 .build/obj_lily58_rev1_default/quantum/quantum.o
                0x00001d78                matrix_scan_quantum
 .text.led_update_user
                0x00001d80        0x4 .build/obj_lily58_rev1_default/quantum/quantum.o
                0x00001d80                led_update_user
 .text.led_update_kb
                0x00001d84        0x4 .build/obj_lily58_rev1_default/quantum/quantum.o
                0x00001d84                led_update_kb
 .text.led_set  0x00001d88       0x10 .build/obj_lily58_rev1_default/quantum/quantum.o
                0x00001d88                led_set
 .text.shutdown_user
                0x00001d98        0x2 .build/obj_lily58_rev1_default/quantum/quantum.o
                0x00001d98                shutdown_user
 .text.reset_keyboard
                0x00001d9a       0x1e .build/obj_lily58_rev1_default/quantum/quantum.o
                0x00001d9a                reset_keyboard
 .text.process_record_quantum
                0x00001db8       0x82 .build/obj_lily58_rev1_default/quantum/quantum.o
                0x00001db8                process_record_quantum
 .text.keymap_key_to_keycode
                0x00001e3a       0x28 .build/obj_lily58_rev1_default/quantum/keymap_common.o
                0x00001e3a                keymap_key_to_keycode
 .text.action_for_key
                0x00001e62      0x1d8 .build/obj_lily58_rev1_default/quantum/keymap_common.o
                0x00001e62                action_for_key
 .text.keycode_config
                0x0000203a      0x12e .build/obj_lily58_rev1_default/quantum/keycode_config.o
                0x0000203a                keycode_config
 .text.mod_config
                0x00002168       0x86 .build/obj_lily58_rev1_default/quantum/keycode_config.o
                0x00002168                mod_config
 .text.hsv_to_rgb
                0x000021ee      0x124 .build/obj_lily58_rev1_default/quantum/color.o
                0x000021ee                hsv_to_rgb
 .text.rgblight_effect_dummy
                0x00002312        0x2 .build/obj_lily58_rev1_default/quantum/rgblight.o
 .text.sethsv_raw
                0x00002314       0x1c .build/obj_lily58_rev1_default/quantum/rgblight.o
                0x00002314                sethsv_raw
 .text.sethsv   0x00002330        0xa .build/obj_lily58_rev1_default/quantum/rgblight.o
                0x00002330                sethsv
 .text.rgblight_check_config
                0x0000233a       0x2c .build/obj_lily58_rev1_default/quantum/rgblight.o
                0x0000233a                rgblight_check_config
 .text.eeconfig_read_rgblight
                0x00002366        0x8 .build/obj_lily58_rev1_default/quantum/rgblight.o
                0x00002366                eeconfig_read_rgblight
 .text.eeconfig_update_rgblight
                0x0000236e       0x24 .build/obj_lily58_rev1_default/quantum/rgblight.o
                0x0000236e                eeconfig_update_rgblight
 .text.eeconfig_update_rgblight_default
                0x00002392       0x20 .build/obj_lily58_rev1_default/quantum/rgblight.o
                0x00002392                eeconfig_update_rgblight_default
 .text.rgblight_get_mode
                0x000023b2       0x10 .build/obj_lily58_rev1_default/quantum/rgblight.o
                0x000023b2                rgblight_get_mode
 .text.rgblight_increase_speed
                0x000023c2       0x22 .build/obj_lily58_rev1_default/quantum/rgblight.o
                0x000023c2                rgblight_increase_speed
 .text.rgblight_decrease_speed
                0x000023e4       0x22 .build/obj_lily58_rev1_default/quantum/rgblight.o
                0x000023e4                rgblight_decrease_speed
 .text.rgblight_set
                0x00002406       0x46 .build/obj_lily58_rev1_default/quantum/rgblight.o
                0x00002406                rgblight_set
 .text.rgblight_setrgb
                0x0000244c       0x32 .build/obj_lily58_rev1_default/quantum/rgblight.o
                0x0000244c                rgblight_setrgb
 .text.rgblight_sethsv_noeeprom_old
                0x0000247e       0x34 .build/obj_lily58_rev1_default/quantum/rgblight.o
                0x0000247e                rgblight_sethsv_noeeprom_old
 .text.rgblight_effect_breathing
                0x000024b2       0x28 .build/obj_lily58_rev1_default/quantum/rgblight.o
                0x000024b2                rgblight_effect_breathing
 .text.rgblight_effect_rainbow_mood
                0x000024da       0x20 .build/obj_lily58_rev1_default/quantum/rgblight.o
                0x000024da                rgblight_effect_rainbow_mood
 .text.rgblight_effect_rgbtest
                0x000024fa       0x7e .build/obj_lily58_rev1_default/quantum/rgblight.o
                0x000024fa                rgblight_effect_rgbtest
 .text.rgblight_sethsv_eeprom_helper
                0x00002578      0x124 .build/obj_lily58_rev1_default/quantum/rgblight.o
                0x00002578                rgblight_sethsv_eeprom_helper
 .text.rgblight_increase_hue_helper
                0x0000269c       0x14 .build/obj_lily58_rev1_default/quantum/rgblight.o
                0x0000269c                rgblight_increase_hue_helper
 .text.rgblight_increase_hue
                0x000026b0        0x6 .build/obj_lily58_rev1_default/quantum/rgblight.o
                0x000026b0                rgblight_increase_hue
 .text.rgblight_decrease_hue_helper
                0x000026b6       0x14 .build/obj_lily58_rev1_default/quantum/rgblight.o
                0x000026b6                rgblight_decrease_hue_helper
 .text.rgblight_decrease_hue
                0x000026ca        0x6 .build/obj_lily58_rev1_default/quantum/rgblight.o
                0x000026ca                rgblight_decrease_hue
 .text.rgblight_increase_sat_helper
                0x000026d0       0x18 .build/obj_lily58_rev1_default/quantum/rgblight.o
                0x000026d0                rgblight_increase_sat_helper
 .text.rgblight_increase_sat
                0x000026e8        0x6 .build/obj_lily58_rev1_default/quantum/rgblight.o
                0x000026e8                rgblight_increase_sat
 .text.rgblight_decrease_sat_helper
                0x000026ee       0x18 .build/obj_lily58_rev1_default/quantum/rgblight.o
                0x000026ee                rgblight_decrease_sat_helper
 .text.rgblight_decrease_sat
                0x00002706        0x6 .build/obj_lily58_rev1_default/quantum/rgblight.o
                0x00002706                rgblight_decrease_sat
 .text.rgblight_increase_val_helper
                0x0000270c       0x18 .build/obj_lily58_rev1_default/quantum/rgblight.o
                0x0000270c                rgblight_increase_val_helper
 .text.rgblight_increase_val
                0x00002724        0x6 .build/obj_lily58_rev1_default/quantum/rgblight.o
                0x00002724                rgblight_increase_val
 .text.rgblight_decrease_val_helper
                0x0000272a       0x18 .build/obj_lily58_rev1_default/quantum/rgblight.o
                0x0000272a                rgblight_decrease_val_helper
 .text.rgblight_decrease_val
                0x00002742        0x6 .build/obj_lily58_rev1_default/quantum/rgblight.o
                0x00002742                rgblight_decrease_val
 .text.rgblight_sethsv_noeeprom
                0x00002748        0x6 .build/obj_lily58_rev1_default/quantum/rgblight.o
                0x00002748                rgblight_sethsv_noeeprom
 .text.rgblight_effect_rainbow_swirl
                0x0000274e       0x7a .build/obj_lily58_rev1_default/quantum/rgblight.o
                0x0000274e                rgblight_effect_rainbow_swirl
 .text.rgblight_effect_snake
                0x000027c8       0xf4 .build/obj_lily58_rev1_default/quantum/rgblight.o
                0x000027c8                rgblight_effect_snake
 .text.rgblight_effect_knight
                0x000028bc       0xe6 .build/obj_lily58_rev1_default/quantum/rgblight.o
                0x000028bc                rgblight_effect_knight
 .text.rgblight_effect_christmas
                0x000029a2       0x76 .build/obj_lily58_rev1_default/quantum/rgblight.o
                0x000029a2                rgblight_effect_christmas
 .text.rgblight_effect_alternating
                0x00002a18       0x7a .build/obj_lily58_rev1_default/quantum/rgblight.o
                0x00002a18                rgblight_effect_alternating
 .text.rgblight_disable
                0x00002a92       0x30 .build/obj_lily58_rev1_default/quantum/rgblight.o
                0x00002a92                rgblight_disable
 .text.rgblight_timer_enable
                0x00002ac2       0x2c .build/obj_lily58_rev1_default/quantum/rgblight.o
                0x00002ac2                rgblight_timer_enable
 .text.rgblight_mode_eeprom_helper
                0x00002aee       0x74 .build/obj_lily58_rev1_default/quantum/rgblight.o
                0x00002aee                rgblight_mode_eeprom_helper
 .text.rgblight_step_helper
                0x00002b62       0x16 .build/obj_lily58_rev1_default/quantum/rgblight.o
                0x00002b62                rgblight_step_helper
 .text.rgblight_step
                0x00002b78        0x6 .build/obj_lily58_rev1_default/quantum/rgblight.o
                0x00002b78                rgblight_step
 .text.rgblight_step_reverse_helper
                0x00002b7e       0x14 .build/obj_lily58_rev1_default/quantum/rgblight.o
                0x00002b7e                rgblight_step_reverse_helper
 .text.rgblight_step_reverse
                0x00002b92        0x6 .build/obj_lily58_rev1_default/quantum/rgblight.o
                0x00002b92                rgblight_step_reverse
 .text.rgblight_mode
                0x00002b98        0x6 .build/obj_lily58_rev1_default/quantum/rgblight.o
                0x00002b98                rgblight_mode
 .text.rgblight_enable
                0x00002b9e       0x10 .build/obj_lily58_rev1_default/quantum/rgblight.o
                0x00002b9e                rgblight_enable
 .text.rgblight_toggle
                0x00002bae        0xe .build/obj_lily58_rev1_default/quantum/rgblight.o
                0x00002bae                rgblight_toggle
 .text.rgblight_mode_noeeprom
                0x00002bbc        0x6 .build/obj_lily58_rev1_default/quantum/rgblight.o
                0x00002bbc                rgblight_mode_noeeprom
 .text.rgblight_init
                0x00002bc2       0x66 .build/obj_lily58_rev1_default/quantum/rgblight.o
                0x00002bc2                rgblight_init
 .text.rgblight_task
                0x00002c28      0x136 .build/obj_lily58_rev1_default/quantum/rgblight.o
                0x00002c28                rgblight_task
 .text.handleKeycodeRGB
                0x00002d5e        0xa .build/obj_lily58_rev1_default/quantum/process_keycode/process_rgb.o
 .text.handleKeycodeRGBMode
                0x00002d68       0x2a .build/obj_lily58_rev1_default/quantum/process_keycode/process_rgb.o
 .text.process_rgb
                0x00002d92       0xe0 .build/obj_lily58_rev1_default/quantum/process_keycode/process_rgb.o
                0x00002d92                process_rgb
 .text.ws2812_setleds_pin
                0x00002e72       0x78 .build/obj_lily58_rev1_default/ws2812.o
                0x00002e72                ws2812_setleds_pin
 .text.ws2812_setleds
                0x00002eea        0x6 .build/obj_lily58_rev1_default/ws2812.o
                0x00002eea                ws2812_setleds
 .text.encoder_update_kb
                0x00002ef0        0x4 .build/obj_lily58_rev1_default/quantum/encoder.o
                0x00002ef0                encoder_update_kb
 .text.encoder_init
                0x00002ef4       0x20 .build/obj_lily58_rev1_default/quantum/encoder.o
                0x00002ef4                encoder_init
 .text.encoder_read
                0x00002f14       0x86 .build/obj_lily58_rev1_default/quantum/encoder.o
                0x00002f14                encoder_read
 .text.perform_space_cadet
                0x00002f9a       0xda .build/obj_lily58_rev1_default/quantum/process_keycode/process_space_cadet.o
                0x00002f9a                perform_space_cadet
 .text.process_space_cadet
                0x00003074       0x82 .build/obj_lily58_rev1_default/quantum/process_keycode/process_space_cadet.o
                0x00003074                process_space_cadet
 .text.process_magic
                0x000030f6      0x246 .build/obj_lily58_rev1_default/quantum/process_keycode/process_magic.o
                0x000030f6                process_magic
 .text.process_grave_esc
                0x0000333c       0x54 .build/obj_lily58_rev1_default/quantum/process_keycode/process_grave_esc.o
                0x0000333c                process_grave_esc
 .text.host_set_driver
                0x00003390        0xa .build/obj_lily58_rev1_default/common/host.o
                0x00003390                host_set_driver
 .text.host_keyboard_leds
                0x0000339a       0x18 .build/obj_lily58_rev1_default/common/host.o
                0x0000339a                host_keyboard_leds
 .text.host_keyboard_send
                0x000033b2       0x16 .build/obj_lily58_rev1_default/common/host.o
                0x000033b2                host_keyboard_send
 .text.host_system_send
                0x000033c8       0x2c .build/obj_lily58_rev1_default/common/host.o
                0x000033c8                host_system_send
 .text.host_consumer_send
                0x000033f4       0x2c .build/obj_lily58_rev1_default/common/host.o
                0x000033f4                host_consumer_send
 .text.disable_jtag
                0x00003420        0xe .build/obj_lily58_rev1_default/common/keyboard.o
                0x00003420                disable_jtag
 .text.keyboard_pre_init_user
                0x0000342e        0x2 .build/obj_lily58_rev1_default/common/keyboard.o
                0x0000342e                keyboard_pre_init_user
 .text.matrix_setup
                0x00003430        0x2 .build/obj_lily58_rev1_default/common/keyboard.o
                0x00003430                matrix_setup
 .text.keyboard_pre_init_kb
                0x00003432        0x4 .build/obj_lily58_rev1_default/common/keyboard.o
                0x00003432                keyboard_pre_init_kb
 .text.keyboard_post_init_user
                0x00003436        0x2 .build/obj_lily58_rev1_default/common/keyboard.o
                0x00003436                keyboard_post_init_user
 .text.keyboard_post_init_kb
                0x00003438        0x4 .build/obj_lily58_rev1_default/common/keyboard.o
                0x00003438                keyboard_post_init_kb
 .text.keyboard_setup
                0x0000343c        0xc .build/obj_lily58_rev1_default/common/keyboard.o
                0x0000343c                keyboard_setup
 .text.is_keyboard_master
                0x00003448        0x4 .build/obj_lily58_rev1_default/common/keyboard.o
                0x00003448                is_keyboard_master
 .text.keyboard_init
                0x0000344c       0x14 .build/obj_lily58_rev1_default/common/keyboard.o
                0x0000344c                keyboard_init
 .text.keyboard_task
                0x00003460      0x134 .build/obj_lily58_rev1_default/common/keyboard.o
                0x00003460                keyboard_task
 .text.action_exec
                0x00003594       0x54 .build/obj_lily58_rev1_default/common/action.o
                0x00003594                action_exec
 .text.process_record_tap_hint
                0x000035e8        0xa .build/obj_lily58_rev1_default/common/action.o
                0x000035e8                process_record_tap_hint
 .text.register_code
                0x000035f2       0x8c .build/obj_lily58_rev1_default/common/action.o
                0x000035f2                register_code
 .text.unregister_code
                0x0000367e       0x50 .build/obj_lily58_rev1_default/common/action.o
                0x0000367e                unregister_code
 .text.tap_code
                0x000036ce       0x26 .build/obj_lily58_rev1_default/common/action.o
                0x000036ce                tap_code
 .text.register_mods
                0x000036f4        0xe .build/obj_lily58_rev1_default/common/action.o
                0x000036f4                register_mods
 .text.unregister_mods
                0x00003702        0xe .build/obj_lily58_rev1_default/common/action.o
                0x00003702                unregister_mods
 .text.process_action
                0x00003710      0x3fa .build/obj_lily58_rev1_default/common/action.o
                0x00003710                process_action
 .text.process_record_handler
                0x00003b0a       0x2e .build/obj_lily58_rev1_default/common/action.o
                0x00003b0a                process_record_handler
 .text.process_record
                0x00003b38       0x38 .build/obj_lily58_rev1_default/common/action.o
                0x00003b38                process_record
 .text.clear_keyboard_but_mods_and_keys
                0x00003b70       0x1c .build/obj_lily58_rev1_default/common/action.o
                0x00003b70                clear_keyboard_but_mods_and_keys
 .text.clear_keyboard_but_mods
                0x00003b8c        0x8 .build/obj_lily58_rev1_default/common/action.o
                0x00003b8c                clear_keyboard_but_mods
 .text.clear_keyboard
                0x00003b94        0x8 .build/obj_lily58_rev1_default/common/action.o
                0x00003b94                clear_keyboard
 .text.is_tap_action
                0x00003b9c       0x3e .build/obj_lily58_rev1_default/common/action.o
                0x00003b9c                is_tap_action
 .text.is_tap_key
                0x00003bda        0x8 .build/obj_lily58_rev1_default/common/action.o
                0x00003bda                is_tap_key
 .text.debug_event
                0x00003be2       0x1e .build/obj_lily58_rev1_default/common/action.o
                0x00003be2                debug_event
 .text.debug_record
                0x00003c00       0x20 .build/obj_lily58_rev1_default/common/action.o
                0x00003c00                debug_record
 .text.debug_waiting_buffer
                0x00003c20       0x42 .build/obj_lily58_rev1_default/common/action_tapping.o
 .text.debug_tapping_key
                0x00003c62       0x1c .build/obj_lily58_rev1_default/common/action_tapping.o
 .text.waiting_buffer_scan_tap
                0x00003c7e       0xac .build/obj_lily58_rev1_default/common/action_tapping.o
 .text.process_tapping
                0x00003d2a      0x332 .build/obj_lily58_rev1_default/common/action_tapping.o
 .text.action_tapping_process
                0x0000405c      0x134 .build/obj_lily58_rev1_default/common/action_tapping.o
                0x0000405c                action_tapping_process
 .text.default_layer_state_set_user
                0x00004190        0x2 .build/obj_lily58_rev1_default/common/action_layer.o
                0x00004190                default_layer_state_set_user
 .text.default_layer_state_set_kb
                0x00004192        0x4 .build/obj_lily58_rev1_default/common/action_layer.o
                0x00004192                default_layer_state_set_kb
 .text.default_layer_state_set
                0x00004196       0x18 .build/obj_lily58_rev1_default/common/action_layer.o
 .text.default_layer_debug
                0x000041ae        0x2 .build/obj_lily58_rev1_default/common/action_layer.o
                0x000041ae                default_layer_debug
 .text.default_layer_set
                0x000041b0        0x4 .build/obj_lily58_rev1_default/common/action_layer.o
                0x000041b0                default_layer_set
 .text.default_layer_or
                0x000041b4       0x24 .build/obj_lily58_rev1_default/common/action_layer.o
                0x000041b4                default_layer_or
 .text.default_layer_and
                0x000041d8       0x24 .build/obj_lily58_rev1_default/common/action_layer.o
                0x000041d8                default_layer_and
 .text.default_layer_xor
                0x000041fc       0x24 .build/obj_lily58_rev1_default/common/action_layer.o
                0x000041fc                default_layer_xor
 .text.layer_state_set_user
                0x00004220        0x4 .build/obj_lily58_rev1_default/common/action_layer.o
                0x00004220                layer_state_set_user
 .text.layer_state_set_kb
                0x00004224        0x4 .build/obj_lily58_rev1_default/common/action_layer.o
                0x00004224                layer_state_set_kb
 .text.layer_state_set
                0x00004228       0x18 .build/obj_lily58_rev1_default/common/action_layer.o
                0x00004228                layer_state_set
 .text.layer_clear
                0x00004240        0xa .build/obj_lily58_rev1_default/common/action_layer.o
                0x00004240                layer_clear
 .text.layer_move
                0x0000424a       0x2a .build/obj_lily58_rev1_default/common/action_layer.o
                0x0000424a                layer_move
 .text.layer_on
                0x00004274       0x42 .build/obj_lily58_rev1_default/common/action_layer.o
                0x00004274                layer_on
 .text.layer_off
                0x000042b6       0x46 .build/obj_lily58_rev1_default/common/action_layer.o
                0x000042b6                layer_off
 .text.layer_invert
                0x000042fc       0x42 .build/obj_lily58_rev1_default/common/action_layer.o
                0x000042fc                layer_invert
 .text.layer_or
                0x0000433e       0x24 .build/obj_lily58_rev1_default/common/action_layer.o
                0x0000433e                layer_or
 .text.layer_and
                0x00004362       0x24 .build/obj_lily58_rev1_default/common/action_layer.o
                0x00004362                layer_and
 .text.layer_xor
                0x00004386       0x24 .build/obj_lily58_rev1_default/common/action_layer.o
                0x00004386                layer_xor
 .text.layer_debug
                0x000043aa        0x2 .build/obj_lily58_rev1_default/common/action_layer.o
                0x000043aa                layer_debug
 .text.update_source_layers_cache
                0x000043ac       0x5c .build/obj_lily58_rev1_default/common/action_layer.o
                0x000043ac                update_source_layers_cache
 .text.read_source_layers_cache
                0x00004408       0x52 .build/obj_lily58_rev1_default/common/action_layer.o
                0x00004408                read_source_layers_cache
 .text.layer_switch_get_layer
                0x0000445a       0x84 .build/obj_lily58_rev1_default/common/action_layer.o
                0x0000445a                layer_switch_get_layer
 .text.layer_switch_get_action
                0x000044de       0x14 .build/obj_lily58_rev1_default/common/action_layer.o
                0x000044de                layer_switch_get_action
 .text.store_or_get_action
                0x000044f2       0x48 .build/obj_lily58_rev1_default/common/action_layer.o
                0x000044f2                store_or_get_action
 .text.add_key  0x0000453a        0xe .build/obj_lily58_rev1_default/common/action_util.o
                0x0000453a                add_key
 .text.del_key  0x00004548        0xe .build/obj_lily58_rev1_default/common/action_util.o
                0x00004548                del_key
 .text.clear_keys
                0x00004556        0xc .build/obj_lily58_rev1_default/common/action_util.o
                0x00004556                clear_keys
 .text.get_oneshot_layer
                0x00004562        0xc .build/obj_lily58_rev1_default/common/action_util.o
                0x00004562                get_oneshot_layer
 .text.get_oneshot_layer_state
                0x0000456e        0x8 .build/obj_lily58_rev1_default/common/action_util.o
                0x0000456e                get_oneshot_layer_state
 .text.is_oneshot_layer_active
                0x00004576        0xe .build/obj_lily58_rev1_default/common/action_util.o
                0x00004576                is_oneshot_layer_active
 .text.get_mods
                0x00004584        0x6 .build/obj_lily58_rev1_default/common/action_util.o
                0x00004584                get_mods
 .text.add_mods
                0x0000458a        0xc .build/obj_lily58_rev1_default/common/action_util.o
                0x0000458a                add_mods
 .text.del_mods
                0x00004596        0xe .build/obj_lily58_rev1_default/common/action_util.o
                0x00004596                del_mods
 .text.clear_mods
                0x000045a4        0x6 .build/obj_lily58_rev1_default/common/action_util.o
                0x000045a4                clear_mods
 .text.add_weak_mods
                0x000045aa        0xc .build/obj_lily58_rev1_default/common/action_util.o
                0x000045aa                add_weak_mods
 .text.del_weak_mods
                0x000045b6        0xe .build/obj_lily58_rev1_default/common/action_util.o
                0x000045b6                del_weak_mods
 .text.clear_weak_mods
                0x000045c4        0x6 .build/obj_lily58_rev1_default/common/action_util.o
                0x000045c4                clear_weak_mods
 .text.clear_macro_mods
                0x000045ca        0x6 .build/obj_lily58_rev1_default/common/action_util.o
                0x000045ca                clear_macro_mods
 .text.get_oneshot_mods
                0x000045d0        0x6 .build/obj_lily58_rev1_default/common/action_util.o
                0x000045d0                get_oneshot_mods
 .text.oneshot_mods_changed_user
                0x000045d6        0x2 .build/obj_lily58_rev1_default/common/action_util.o
                0x000045d6                oneshot_mods_changed_user
 .text.oneshot_mods_changed_kb
                0x000045d8        0x4 .build/obj_lily58_rev1_default/common/action_util.o
                0x000045d8                oneshot_mods_changed_kb
 .text.set_oneshot_mods
                0x000045dc       0x12 .build/obj_lily58_rev1_default/common/action_util.o
                0x000045dc                set_oneshot_mods
 .text.clear_oneshot_mods
                0x000045ee       0x14 .build/obj_lily58_rev1_default/common/action_util.o
                0x000045ee                clear_oneshot_mods
 .text.send_keyboard_report
                0x00004602       0x66 .build/obj_lily58_rev1_default/common/action_util.o
                0x00004602                send_keyboard_report
 .text.oneshot_layer_changed_user
                0x00004668        0x2 .build/obj_lily58_rev1_default/common/action_util.o
                0x00004668                oneshot_layer_changed_user
 .text.oneshot_layer_changed_kb
                0x0000466a        0x4 .build/obj_lily58_rev1_default/common/action_util.o
                0x0000466a                oneshot_layer_changed_kb
 .text.set_oneshot_layer
                0x0000466e       0x20 .build/obj_lily58_rev1_default/common/action_util.o
                0x0000466e                set_oneshot_layer
 .text.reset_oneshot_layer
                0x0000468e        0xa .build/obj_lily58_rev1_default/common/action_util.o
                0x0000468e                reset_oneshot_layer
 .text.clear_oneshot_layer_state
                0x00004698       0x30 .build/obj_lily58_rev1_default/common/action_util.o
                0x00004698                clear_oneshot_layer_state
 .text.eeconfig_is_enabled
                0x000046c8       0x16 .build/obj_lily58_rev1_default/common/eeconfig.o
                0x000046c8                eeconfig_is_enabled
 .text.eeconfig_read_debug
                0x000046de        0x8 .build/obj_lily58_rev1_default/common/eeconfig.o
                0x000046de                eeconfig_read_debug
 .text.eeconfig_read_default_layer
                0x000046e6        0x8 .build/obj_lily58_rev1_default/common/eeconfig.o
                0x000046e6                eeconfig_read_default_layer
 .text.eeconfig_update_default_layer
                0x000046ee        0xa .build/obj_lily58_rev1_default/common/eeconfig.o
                0x000046ee                eeconfig_update_default_layer
 .text.eeconfig_read_keymap
                0x000046f8       0x1c .build/obj_lily58_rev1_default/common/eeconfig.o
                0x000046f8                eeconfig_read_keymap
 .text.eeconfig_update_keymap
                0x00004714       0x1a .build/obj_lily58_rev1_default/common/eeconfig.o
                0x00004714                eeconfig_update_keymap
 .text.eeconfig_update_kb
                0x0000472e        0xc .build/obj_lily58_rev1_default/common/eeconfig.o
                0x0000472e                eeconfig_update_kb
 .text.eeconfig_update_user
                0x0000473a        0xc .build/obj_lily58_rev1_default/common/eeconfig.o
                0x0000473a                eeconfig_update_user
 .text.eeconfig_init_user
                0x00004746        0xa .build/obj_lily58_rev1_default/common/eeconfig.o
                0x00004746                eeconfig_init_user
 .text.eeconfig_init_kb
                0x00004750        0xe .build/obj_lily58_rev1_default/common/eeconfig.o
                0x00004750                eeconfig_init_kb
 .text.eeconfig_init_quantum
                0x0000475e       0xae .build/obj_lily58_rev1_default/common/eeconfig.o
                0x0000475e                eeconfig_init_quantum
 .text.eeconfig_init
                0x0000480c        0x4 .build/obj_lily58_rev1_default/common/eeconfig.o
                0x0000480c                eeconfig_init
 .text.eeconfig_update_handedness
                0x00004810        0xa .build/obj_lily58_rev1_default/common/eeconfig.o
                0x00004810                eeconfig_update_handedness
 .text.has_anykey
                0x0000481a       0x24 .build/obj_lily58_rev1_default/common/report.o
                0x0000481a                has_anykey
 .text.is_key_pressed
                0x0000483e       0x1e .build/obj_lily58_rev1_default/common/report.o
                0x0000483e                is_key_pressed
 .text.add_key_byte
                0x0000485c       0x34 .build/obj_lily58_rev1_default/common/report.o
                0x0000485c                add_key_byte
 .text.del_key_byte
                0x00004890       0x1a .build/obj_lily58_rev1_default/common/report.o
                0x00004890                del_key_byte
 .text.add_key_to_report
                0x000048aa        0x4 .build/obj_lily58_rev1_default/common/report.o
                0x000048aa                add_key_to_report
 .text.del_key_from_report
                0x000048ae        0x4 .build/obj_lily58_rev1_default/common/report.o
                0x000048ae                del_key_from_report
 .text.clear_keys_from_report
                0x000048b2        0xe .build/obj_lily58_rev1_default/common/report.o
                0x000048b2                clear_keys_from_report
 .text.matrix_power_up
                0x000048c0        0x2 .build/obj_lily58_rev1_default/common/avr/suspend.o
                0x000048c0                matrix_power_up
 .text.suspend_power_down_user
                0x000048c2        0x2 .build/obj_lily58_rev1_default/common/avr/suspend.o
                0x000048c2                suspend_power_down_user
 .text.suspend_power_down_kb
                0x000048c4        0x4 .build/obj_lily58_rev1_default/common/avr/suspend.o
                0x000048c4                suspend_power_down_kb
 .text.suspend_power_down
                0x000048c8       0x60 .build/obj_lily58_rev1_default/common/avr/suspend.o
                0x000048c8                suspend_power_down
 .text.matrix_power_down
                0x00004928        0x2 .build/obj_lily58_rev1_default/common/avr/suspend.o
                0x00004928                matrix_power_down
 .text.suspend_wakeup_condition
                0x0000492a       0x28 .build/obj_lily58_rev1_default/common/avr/suspend.o
                0x0000492a                suspend_wakeup_condition
 .text.suspend_wakeup_init_user
                0x00004952        0x2 .build/obj_lily58_rev1_default/common/avr/suspend.o
                0x00004952                suspend_wakeup_init_user
 .text.suspend_wakeup_init_kb
                0x00004954        0x4 .build/obj_lily58_rev1_default/common/avr/suspend.o
                0x00004954                suspend_wakeup_init_kb
 .text.suspend_wakeup_init
                0x00004958       0x10 .build/obj_lily58_rev1_default/common/avr/suspend.o
                0x00004958                suspend_wakeup_init
 .text.__vector_12
                0x00004968       0x4e .build/obj_lily58_rev1_default/common/avr/suspend.o
                0x00004968                __vector_12
 .text.timer_init
                0x000049b6       0x12 .build/obj_lily58_rev1_default/common/avr/timer.o
                0x000049b6                timer_init
 .text.timer_read
                0x000049c8       0x18 .build/obj_lily58_rev1_default/common/avr/timer.o
                0x000049c8                timer_read
 .text.timer_elapsed
                0x000049e0       0x1e .build/obj_lily58_rev1_default/common/avr/timer.o
                0x000049e0                timer_elapsed
 .text.__vector_21
                0x000049fe       0x48 .build/obj_lily58_rev1_default/common/avr/timer.o
                0x000049fe                __vector_21
 .text.bootloader_jump
                0x00004a46       0x48 .build/obj_lily58_rev1_default/common/avr/bootloader.o
                0x00004a46                bootloader_jump
 .text.magic    0x00004a8e       0x30 .build/obj_lily58_rev1_default/common/magic.o
                0x00004a8e                magic
 .text.keyboard_leds
                0x00004abe        0x6 .build/obj_lily58_rev1_default/lufa.o
 .text.send_mouse
                0x00004ac4        0x2 .build/obj_lily58_rev1_default/lufa.o
 .text.send_extra
                0x00004ac6       0x66 .build/obj_lily58_rev1_default/lufa.o
 .text.send_consumer
                0x00004b2c       0x24 .build/obj_lily58_rev1_default/lufa.o
 .text.send_system
                0x00004b50        0x8 .build/obj_lily58_rev1_default/lufa.o
 .text.send_keyboard
                0x00004b58       0x66 .build/obj_lily58_rev1_default/lufa.o
 .text.EVENT_USB_Device_Connect
                0x00004bbe       0x1c .build/obj_lily58_rev1_default/lufa.o
                0x00004bbe                EVENT_USB_Device_Connect
 .text.EVENT_USB_Device_Disconnect
                0x00004bda        0x6 .build/obj_lily58_rev1_default/lufa.o
                0x00004bda                EVENT_USB_Device_Disconnect
 .text.EVENT_USB_Device_Reset
                0x00004be0        0x2 .build/obj_lily58_rev1_default/lufa.o
                0x00004be0                EVENT_USB_Device_Reset
 .text.EVENT_USB_Device_Suspend
                0x00004be2        0x2 .build/obj_lily58_rev1_default/lufa.o
                0x00004be2                EVENT_USB_Device_Suspend
 .text.EVENT_USB_Device_WakeUp
                0x00004be4        0x4 .build/obj_lily58_rev1_default/lufa.o
                0x00004be4                EVENT_USB_Device_WakeUp
 .text.EVENT_USB_Device_ConfigurationChanged
                0x00004be8       0x14 .build/obj_lily58_rev1_default/lufa.o
                0x00004be8                EVENT_USB_Device_ConfigurationChanged
 .text.EVENT_USB_Device_ControlRequest
                0x00004bfc      0x16e .build/obj_lily58_rev1_default/lufa.o
                0x00004bfc                EVENT_USB_Device_ControlRequest
 .text.startup.main
                0x00004d6a       0x7e .build/obj_lily58_rev1_default/lufa.o
                0x00004d6a                main
 .text.CALLBACK_USB_GetDescriptor
                0x00004de8        0x4 .build/obj_lily58_rev1_default/lufa.o
                0x00004de8                CALLBACK_USB_GetDescriptor
 .text.get_usb_descriptor
                0x00004dec       0xbc .build/obj_lily58_rev1_default/usb_descriptor.o
                0x00004dec                get_usb_descriptor
 .text.auto_detect_output
                0x00004ea8       0x10 .build/obj_lily58_rev1_default/outputselect.o
                0x00004ea8                auto_detect_output
 .text.where_to_send
                0x00004eb8        0xe .build/obj_lily58_rev1_default/outputselect.o
                0x00004eb8                where_to_send
 .text.USB_Device_SendRemoteWakeup
                0x00004ec6       0x2c .build/obj_lily58_rev1_default/lib/lufa/LUFA/Drivers/USB/Core/AVR8/Device_AVR8.o
                0x00004ec6                USB_Device_SendRemoteWakeup
 .text.Endpoint_Write_Stream_LE
                0x00004ef2       0x9e .build/obj_lily58_rev1_default/lib/lufa/LUFA/Drivers/USB/Core/AVR8/EndpointStream_AVR8.o
                0x00004ef2                Endpoint_Write_Stream_LE
 .text.Endpoint_Write_Control_Stream_LE
                0x00004f90       0xbc .build/obj_lily58_rev1_default/lib/lufa/LUFA/Drivers/USB/Core/AVR8/EndpointStream_AVR8.o
                0x00004f90                Endpoint_Write_Control_Stream_LE
 .text.Endpoint_Write_Control_PStream_LE
                0x0000504c       0xbe .build/obj_lily58_rev1_default/lib/lufa/LUFA/Drivers/USB/Core/AVR8/EndpointStream_AVR8.o
                0x0000504c                Endpoint_Write_Control_PStream_LE
 .text.Endpoint_ConfigureEndpoint_Prv
                0x0000510a       0x68 .build/obj_lily58_rev1_default/lib/lufa/LUFA/Drivers/USB/Core/AVR8/Endpoint_AVR8.o
                0x0000510a                Endpoint_ConfigureEndpoint_Prv
 .text.Endpoint_ClearStatusStage
                0x00005172       0x3e .build/obj_lily58_rev1_default/lib/lufa/LUFA/Drivers/USB/Core/AVR8/Endpoint_AVR8.o
                0x00005172                Endpoint_ClearStatusStage
 .text.Endpoint_WaitUntilReady
                0x000051b0       0x62 .build/obj_lily58_rev1_default/lib/lufa/LUFA/Drivers/USB/Core/AVR8/Endpoint_AVR8.o
                0x000051b0                Endpoint_WaitUntilReady
 .text.USB_Disable
                0x00005212       0x34 .build/obj_lily58_rev1_default/lib/lufa/LUFA/Drivers/USB/Core/AVR8/USBController_AVR8.o
                0x00005212                USB_Disable
 .text.USB_ResetInterface
                0x00005246       0x86 .build/obj_lily58_rev1_default/lib/lufa/LUFA/Drivers/USB/Core/AVR8/USBController_AVR8.o
                0x00005246                USB_ResetInterface
 .text.USB_Init
                0x000052cc       0x22 .build/obj_lily58_rev1_default/lib/lufa/LUFA/Drivers/USB/Core/AVR8/USBController_AVR8.o
                0x000052cc                USB_Init
 .text.USB_INT_DisableAllInterrupts
                0x000052ee       0x10 .build/obj_lily58_rev1_default/lib/lufa/LUFA/Drivers/USB/Core/AVR8/USBInterrupt_AVR8.o
                0x000052ee                USB_INT_DisableAllInterrupts
 .text.USB_INT_ClearAllInterrupts
                0x000052fe        0xa .build/obj_lily58_rev1_default/lib/lufa/LUFA/Drivers/USB/Core/AVR8/USBInterrupt_AVR8.o
                0x000052fe                USB_INT_ClearAllInterrupts
 .text.__vector_10
                0x00005308      0x1a8 .build/obj_lily58_rev1_default/lib/lufa/LUFA/Drivers/USB/Core/AVR8/USBInterrupt_AVR8.o
                0x00005308                __vector_10
 .text.__vector_11
                0x000054b0       0x88 .build/obj_lily58_rev1_default/lib/lufa/LUFA/Drivers/USB/Core/AVR8/USBInterrupt_AVR8.o
                0x000054b0                __vector_11
 .text.USB_Device_ProcessControlRequest
                0x00005538      0x2a4 .build/obj_lily58_rev1_default/lib/lufa/LUFA/Drivers/USB/Core/DeviceStandardReq.o
                0x00005538                USB_Device_ProcessControlRequest
 .text.USB_Event_Stub
                0x000057dc        0x2 .build/obj_lily58_rev1_default/lib/lufa/LUFA/Drivers/USB/Core/Events.o
                0x000057dc                EVENT_USB_Device_StartOfFrame
                0x000057dc                USB_Event_Stub
 .text.USB_USBTask
                0x000057de       0x36 .build/obj_lily58_rev1_default/lib/lufa/LUFA/Drivers/USB/Core/USBTask.o
                0x000057de                USB_USBTask
 .text.libgcc.div
                0x00005814       0x1c c:/msys64/home/kyleo/qmk_utils/avr8-gnu-toolchain/bin/../lib/gcc/avr/8.3.0/avr5\libgcc.a(_divmodqi4.o)
                0x00005814                __divmodqi4
 .text.libgcc.div
                0x00005830       0x28 c:/msys64/home/kyleo/qmk_utils/avr8-gnu-toolchain/bin/../lib/gcc/avr/8.3.0/avr5\libgcc.a(_udivmodhi4.o)
                0x00005830                __udivmodhi4
 .text.libgcc.div
                0x00005858       0x28 c:/msys64/home/kyleo/qmk_utils/avr8-gnu-toolchain/bin/../lib/gcc/avr/8.3.0/avr5\libgcc.a(_divmodhi4.o)
                0x00005858                _div
                0x00005858                __divmodhi4
 .text.libgcc   0x00005880        0xc c:/msys64/home/kyleo/qmk_utils/avr8-gnu-toolchain/bin/../lib/gcc/avr/8.3.0/avr5\libgcc.a(_tablejump2.o)
                0x00005880                __tablejump2__
 .text.libgcc.div
                0x0000588c       0x18 c:/msys64/home/kyleo/qmk_utils/avr8-gnu-toolchain/bin/../lib/gcc/avr/8.3.0/avr5\libgcc.a(_udivmodqi4.o)
                0x0000588c                __udivmodqi4
 .text.avr-libc
                0x000058a4       0x1a c:/msys64/home/kyleo/qmk_utils/avr8-gnu-toolchain/bin/../lib/gcc/avr/8.3.0/../../../../avr/lib/avr5\libc.a(memchr.o)
                0x000058a4                memchr
 .text.avr-libc
                0x000058be       0x1a c:/msys64/home/kyleo/qmk_utils/avr8-gnu-toolchain/bin/../lib/gcc/avr/8.3.0/../../../../avr/lib/avr5\libc.a(memcmp.o)
                0x000058be                memcmp
 .text.avr-libc
                0x000058d8       0x24 c:/msys64/home/kyleo/qmk_utils/avr8-gnu-toolchain/bin/../lib/gcc/avr/8.3.0/../../../../avr/lib/avr5\libc.a(memmove.o)
                0x000058d8                memmove
 .text.avr-libc
                0x000058fc        0xe c:/msys64/home/kyleo/qmk_utils/avr8-gnu-toolchain/bin/../lib/gcc/avr/8.3.0/../../../../avr/lib/avr5\libc.a(memset.o)
                0x000058fc                memset
 .text.avr-libc
                0x0000590a        0xe c:/msys64/home/kyleo/qmk_utils/avr8-gnu-toolchain/bin/../lib/gcc/avr/8.3.0/../../../../avr/lib/avr5\libc.a(strcpy.o)
                0x0000590a                strcpy
 .text.avr-libc
                0x00005918       0x60 c:/msys64/home/kyleo/qmk_utils/avr8-gnu-toolchain/bin/../lib/gcc/avr/8.3.0/../../../../avr/lib/avr5\libc.a(snprintf.o)
                0x00005918                snprintf
 .text.avr-libc
                0x00005978      0x396 c:/msys64/home/kyleo/qmk_utils/avr8-gnu-toolchain/bin/../lib/gcc/avr/8.3.0/../../../../avr/lib/avr5\libc.a(vfprintf_std.o)
                0x00005978                vfprintf
 .text.avr-libc
                0x00005d0e       0x16 c:/msys64/home/kyleo/qmk_utils/avr8-gnu-toolchain/bin/../lib/gcc/avr/8.3.0/../../../../avr/lib/avr5\libc.a(strnlen_P.o)
                0x00005d0e                strnlen_P
 .text.avr-libc
                0x00005d24       0x12 c:/msys64/home/kyleo/qmk_utils/avr8-gnu-toolchain/bin/../lib/gcc/avr/8.3.0/../../../../avr/lib/avr5\libc.a(memcpy.o)
                0x00005d24                memcpy
 .text.avr-libc
                0x00005d36       0x16 c:/msys64/home/kyleo/qmk_utils/avr8-gnu-toolchain/bin/../lib/gcc/avr/8.3.0/../../../../avr/lib/avr5\libc.a(strnlen.o)
                0x00005d36                strnlen
 .text.avr-libc
                0x00005d4c       0x60 c:/msys64/home/kyleo/qmk_utils/avr8-gnu-toolchain/bin/../lib/gcc/avr/8.3.0/../../../../avr/lib/avr5\libc.a(fputc.o)
                0x00005d4c                fputc
 .text.avr-libc
                0x00005dac       0xbc c:/msys64/home/kyleo/qmk_utils/avr8-gnu-toolchain/bin/../lib/gcc/avr/8.3.0/../../../../avr/lib/avr5\libc.a(ultoa_invert.o)
                0x00005dac                __ultoa_invert
 .text.avr-libc
                0x00005e68       0x10 c:/msys64/home/kyleo/qmk_utils/avr8-gnu-toolchain/bin/../lib/gcc/avr/8.3.0/../../../../avr/lib/avr5\libatmega32u4.a(eerd_byte.o)
                0x00005e68                eeprom_read_byte
 .text.avr-libc
                0x00005e78        0xc c:/msys64/home/kyleo/qmk_utils/avr8-gnu-toolchain/bin/../lib/gcc/avr/8.3.0/../../../../avr/lib/avr5\libatmega32u4.a(eerd_dword.o)
                0x00005e78                eeprom_read_float
                0x00005e78                eeprom_read_dword
 .text.avr-libc
                0x00005e84        0xc c:/msys64/home/kyleo/qmk_utils/avr8-gnu-toolchain/bin/../lib/gcc/avr/8.3.0/../../../../avr/lib/avr5\libatmega32u4.a(eerd_word.o)
                0x00005e84                eeprom_read_word
 .text.avr-libc
                0x00005e90       0x24 c:/msys64/home/kyleo/qmk_utils/avr8-gnu-toolchain/bin/../lib/gcc/avr/8.3.0/../../../../avr/lib/avr5\libatmega32u4.a(eeupd_byte.o)
                0x00005e90                eeprom_update_byte
                0x00005e92                eeprom_update_r18
 .text.avr-libc
                0x00005eb4       0x18 c:/msys64/home/kyleo/qmk_utils/avr8-gnu-toolchain/bin/../lib/gcc/avr/8.3.0/../../../../avr/lib/avr5\libatmega32u4.a(eeupd_dword.o)
                0x00005eb4                eeprom_update_float
                0x00005eb4                eeprom_update_dword
 .text.avr-libc
                0x00005ecc        0xc c:/msys64/home/kyleo/qmk_utils/avr8-gnu-toolchain/bin/../lib/gcc/avr/8.3.0/../../../../avr/lib/avr5\libatmega32u4.a(eeupd_word.o)
                0x00005ecc                eeprom_update_word
 .text.avr-libc
                0x00005ed8       0x20 c:/msys64/home/kyleo/qmk_utils/avr8-gnu-toolchain/bin/../lib/gcc/avr/8.3.0/../../../../avr/lib/avr5\libatmega32u4.a(eerd_block.o)
                0x00005ed8                eeprom_read_block
                0x00005edc                eeprom_read_blraw
 .text.libgcc.prologue
                0x00005ef8       0x38 c:/msys64/home/kyleo/qmk_utils/avr8-gnu-toolchain/bin/../lib/gcc/avr/8.3.0/avr5\libgcc.a(_prologue.o)
                0x00005ef8                __prologue_saves__
 .text.libgcc.prologue
                0x00005f30       0x36 c:/msys64/home/kyleo/qmk_utils/avr8-gnu-toolchain/bin/../lib/gcc/avr/8.3.0/avr5\libgcc.a(_epilogue.o)
                0x00005f30                __epilogue_restores__
                0x00005f66                . = ALIGN (0x2)
 *(.fini9)
 .fini9         0x00005f66        0x0 c:/msys64/home/kyleo/qmk_utils/avr8-gnu-toolchain/bin/../lib/gcc/avr/8.3.0/avr5\libgcc.a(_exit.o)
                0x00005f66                _exit
                0x00005f66                exit
 *(.fini9)
 *(.fini8)
 *(.fini8)
 *(.fini7)
 *(.fini7)
 *(.fini6)
 *(.fini6)
 *(.fini5)
 *(.fini5)
 *(.fini4)
 *(.fini4)
 *(.fini3)
 *(.fini3)
 *(.fini2)
 *(.fini2)
 *(.fini1)
 *(.fini1)
 *(.fini0)
 .fini0         0x00005f66        0x4 c:/msys64/home/kyleo/qmk_utils/avr8-gnu-toolchain/bin/../lib/gcc/avr/8.3.0/avr5\libgcc.a(_exit.o)
 *(.fini0)
 *(.hightext)
 *(.hightext*)
 *(.progmemx.*)
                0x00005f6a                . = ALIGN (0x2)
 *(.jumptables)
 *(.jumptables*)
 .jumptables.gcc.process_rgb
                0x00005f6a       0x28 .build/obj_lily58_rev1_default/quantum/process_keycode/process_rgb.o
 .jumptables.gcc.process_action
                0x00005f92       0x18 .build/obj_lily58_rev1_default/common/action.o
 .jumptables.gcc.is_tap_action
                0x00005faa       0x1c .build/obj_lily58_rev1_default/common/action.o
 .jumptables.gcc.USB_Device_ProcessControlRequest
                0x00005fc6       0x14 .build/obj_lily58_rev1_default/lib/lufa/LUFA/Drivers/USB/Core/DeviceStandardReq.o
                0x00005fda                _etext = .

.data           0x00800100      0x1ba load address 0x00005fda
                0x00800100                PROVIDE (__data_start = .)
 *(.data)
 *(.data*)
 .data.force_dirty
                0x00800100        0x1 .build/obj_lily58_rev1_default/ssd1306.o
 .data.debouncing
                0x00800101        0x1 .build/obj_lily58_rev1_default/rev1/matrix.o
 .data.isLeftHand
                0x00800102        0x1 .build/obj_lily58_rev1_default/rev1/split_util.o
                0x00800102                isLeftHand
 .data.transactions
                0x00800103       0x18 .build/obj_lily58_rev1_default/rev1/split_scomm.o
                0x00800103                transactions
 .data.s_change_new
                0x0080011b        0x1 .build/obj_lily58_rev1_default/rev1/split_scomm.o
                0x0080011b                s_change_new
 .data.s_change_old
                0x0080011c        0x1 .build/obj_lily58_rev1_default/rev1/split_scomm.o
                0x0080011c                s_change_old
 .data.logo.3712
                0x0080011d       0x40 .build/obj_lily58_rev1_default/./lib/logo_reader.o
 .data.increment.3221
                0x0080015d        0x1 .build/obj_lily58_rev1_default/quantum/rgblight.o
 .data.high_bound.3220
                0x0080015e        0x1 .build/obj_lily58_rev1_default/quantum/rgblight.o
 .data.effect_num_leds
                0x0080015f        0x1 .build/obj_lily58_rev1_default/quantum/rgblight.o
 .data.effect_end_pos
                0x00800160        0x1 .build/obj_lily58_rev1_default/quantum/rgblight.o
 .data.clipping_num_leds
                0x00800161        0x1 .build/obj_lily58_rev1_default/quantum/rgblight.o
 .data.static_effect_table
                0x00800162        0xb .build/obj_lily58_rev1_default/quantum/rgblight.o
 .data.keyboard_report
                0x0080016d        0x2 .build/obj_lily58_rev1_default/common/action_util.o
                0x0080016d                keyboard_report
 .data.lufa_driver
                0x0080016f        0xa .build/obj_lily58_rev1_default/lufa.o
                0x0080016f                lufa_driver
 .data.keyboard_protocol
                0x00800179        0x1 .build/obj_lily58_rev1_default/lufa.o
                0x00800179                keyboard_protocol
 *(.gnu.linkonce.d*)
 *(.rodata)
 *(.rodata*)
 .rodata.matrix_write_ln.str1.1
                0x0080017a        0x4 .build/obj_lily58_rev1_default/ssd1306.o
 .rodata.col_pins
                0x0080017e        0x6 .build/obj_lily58_rev1_default/rev1/matrix.o
 .rodata.row_pins
                0x00800184        0xa .build/obj_lily58_rev1_default/rev1/matrix.o
 .rodata.read_layer_state.str1.1
                0x0080018e       0x48 .build/obj_lily58_rev1_default/./lib/layer_state_reader.o
 .rodata.set_keylog.str1.1
                0x008001d6       0x11 .build/obj_lily58_rev1_default/./lib/keylogger.o
 .rodata.code_to_name
                0x008001e7       0x3c .build/obj_lily58_rev1_default/./lib/keylogger.o
                0x008001e7                code_to_name
 .rodata.CSWTCH.1
                0x00800223       0x2e .build/obj_lily58_rev1_default/quantum/keymap_common.o
 .rodata.CSWTCH.0
                0x00800251        0x3 .build/obj_lily58_rev1_default/quantum/keymap_common.o
 .rodata.mode_base_table
                0x00800254       0x25 .build/obj_lily58_rev1_default/quantum/rgblight.o
 .rodata.encoder_LUT
                0x00800279       0x10 .build/obj_lily58_rev1_default/quantum/encoder.o
 .rodata.CSWTCH.11
                0x00800289       0x2e .build/obj_lily58_rev1_default/common/action.o
 .rodata.CSWTCH.10
                0x008002b7        0x3 .build/obj_lily58_rev1_default/common/action.o
 *(.gnu.linkonce.r*)
                0x008002ba                . = ALIGN (0x2)
                0x008002ba                _edata = .
                0x008002ba                PROVIDE (__data_end = .)

.bss            0x008002ba      0x1ef
                0x008002ba                PROVIDE (__bss_start = .)
 *(.bss)
 *(.bss*)
 .bss.slave_has_register_set
                0x008002ba        0x1 .build/obj_lily58_rev1_default/i2c.o
 .bss.slave_buffer_pos
                0x008002bb        0x1 .build/obj_lily58_rev1_default/i2c.o
 .bss.Transaction_table_size
                0x008002bc        0x1 .build/obj_lily58_rev1_default/serial.o
 .bss.Transaction_table
                0x008002bd        0x2 .build/obj_lily58_rev1_default/serial.o
 .bss.last_flush
                0x008002bf        0x2 .build/obj_lily58_rev1_default/ssd1306.o
 .bss.matrix_debouncing
                0x008002c1        0xa .build/obj_lily58_rev1_default/rev1/matrix.o
 .bss.matrix    0x008002cb        0xa .build/obj_lily58_rev1_default/rev1/matrix.o
 .bss.is_master
                0x008002d5        0x1 .build/obj_lily58_rev1_default/rev1/matrix.o
                0x008002d5                is_master
 .bss.error_count
                0x008002d6        0x1 .build/obj_lily58_rev1_default/rev1/matrix.o
 .bss.usbstate.1898
                0x008002d7        0x1 .build/obj_lily58_rev1_default/rev1/split_util.o
 .bss.need_retry.1591
                0x008002d8        0x2 .build/obj_lily58_rev1_default/rev1/split_scomm.o
 .bss.slave_buffer_change_count
                0x008002da        0x1 .build/obj_lily58_rev1_default/rev1/split_scomm.o
                0x008002da                slave_buffer_change_count
 .bss.status1   0x008002db        0x1 .build/obj_lily58_rev1_default/rev1/split_scomm.o
                0x008002db                status1
 .bss.status_com
                0x008002dc        0x1 .build/obj_lily58_rev1_default/rev1/split_scomm.o
                0x008002dc                status_com
 .bss.serial_master_buffer
                0x008002dd        0x5 .build/obj_lily58_rev1_default/rev1/split_scomm.o
                0x008002dd                serial_master_buffer
 .bss.serial_slave_buffer
                0x008002e2        0x5 .build/obj_lily58_rev1_default/rev1/split_scomm.o
                0x008002e2                serial_slave_buffer
 .bss.keylogs_str_idx
                0x008002e7        0x2 .build/obj_lily58_rev1_default/./lib/keylogger.o
                0x008002e7                keylogs_str_idx
 .bss.keylogs_str
                0x008002e9       0x15 .build/obj_lily58_rev1_default/./lib/keylogger.o
                0x008002e9                keylogs_str
 .bss.keylog_str
                0x008002fe       0x18 .build/obj_lily58_rev1_default/./lib/keylogger.o
                0x008002fe                keylog_str
 .bss.maxval.3242
                0x00800316        0x1 .build/obj_lily58_rev1_default/quantum/rgblight.o
 .bss.low_bound.3219
                0x00800317        0x1 .build/obj_lily58_rev1_default/quantum/rgblight.o
 .bss.pos.3203  0x00800318        0x1 .build/obj_lily58_rev1_default/quantum/rgblight.o
 .bss.effect_start_pos
                0x00800319        0x1 .build/obj_lily58_rev1_default/quantum/rgblight.o
 .bss.clipping_start_pos
                0x0080031a        0x1 .build/obj_lily58_rev1_default/quantum/rgblight.o
 .bss.animation_status
                0x0080031b        0x6 .build/obj_lily58_rev1_default/quantum/rgblight.o
                0x0080031b                animation_status
 .bss.is_rgblight_initialized
                0x00800321        0x1 .build/obj_lily58_rev1_default/quantum/rgblight.o
                0x00800321                is_rgblight_initialized
 .bss.rgblight_status
                0x00800322        0x2 .build/obj_lily58_rev1_default/quantum/rgblight.o
                0x00800322                rgblight_status
 .bss.encoder_value
                0x00800324        0x1 .build/obj_lily58_rev1_default/quantum/encoder.o
 .bss.encoder_pulses
                0x00800325        0x1 .build/obj_lily58_rev1_default/quantum/encoder.o
 .bss.encoder_state
                0x00800326        0x1 .build/obj_lily58_rev1_default/quantum/encoder.o
 .bss.sc_timer  0x00800327        0x2 .build/obj_lily58_rev1_default/quantum/process_keycode/process_space_cadet.o
 .bss.sc_last   0x00800329        0x1 .build/obj_lily58_rev1_default/quantum/process_keycode/process_space_cadet.o
 .bss.grave_esc_was_shifted
                0x0080032a        0x1 .build/obj_lily58_rev1_default/quantum/process_keycode/process_grave_esc.o
 .bss.last_consumer_report
                0x0080032b        0x2 .build/obj_lily58_rev1_default/common/host.o
 .bss.last_system_report
                0x0080032d        0x2 .build/obj_lily58_rev1_default/common/host.o
 .bss.driver    0x0080032f        0x2 .build/obj_lily58_rev1_default/common/host.o
 .bss.led_status.3243
                0x00800331        0x1 .build/obj_lily58_rev1_default/common/keyboard.o
 .bss.matrix_prev.3242
                0x00800332        0xa .build/obj_lily58_rev1_default/common/keyboard.o
 .bss.disable_action_cache
                0x0080033c        0x1 .build/obj_lily58_rev1_default/common/action.o
                0x0080033c                disable_action_cache
 .bss.waiting_buffer_tail
                0x0080033d        0x1 .build/obj_lily58_rev1_default/common/action_tapping.o
 .bss.waiting_buffer_head
                0x0080033e        0x1 .build/obj_lily58_rev1_default/common/action_tapping.o
 .bss.waiting_buffer
                0x0080033f       0x30 .build/obj_lily58_rev1_default/common/action_tapping.o
 .bss.tapping_key
                0x0080036f        0x6 .build/obj_lily58_rev1_default/common/action_tapping.o
 .bss.source_layers_cache
                0x00800375       0x28 .build/obj_lily58_rev1_default/common/action_layer.o
                0x00800375                source_layers_cache
 .bss.layer_state
                0x0080039d        0x4 .build/obj_lily58_rev1_default/common/action_layer.o
                0x0080039d                layer_state
 .bss.default_layer_state
                0x008003a1        0x4 .build/obj_lily58_rev1_default/common/action_layer.o
                0x008003a1                default_layer_state
 .bss.oneshot_layer_data
                0x008003a5        0x1 .build/obj_lily58_rev1_default/common/action_util.o
 .bss.oneshot_mods
                0x008003a6        0x1 .build/obj_lily58_rev1_default/common/action_util.o
 .bss.__compound_literal.0
                0x008003a7        0x8 .build/obj_lily58_rev1_default/common/action_util.o
 .bss.macro_mods
                0x008003af        0x1 .build/obj_lily58_rev1_default/common/action_util.o
 .bss.weak_mods
                0x008003b0        0x1 .build/obj_lily58_rev1_default/common/action_util.o
 .bss.real_mods
                0x008003b1        0x1 .build/obj_lily58_rev1_default/common/action_util.o
 .bss.debug_config
                0x008003b2        0x1 .build/obj_lily58_rev1_default/common/debug.o
                0x008003b2                debug_config
 .bss.wdt_timeout
                0x008003b3        0x1 .build/obj_lily58_rev1_default/common/avr/suspend.o
 .bss.keyboard_report_sent
                0x008003b4        0x8 .build/obj_lily58_rev1_default/lufa.o
 .bss.keyboard_led_stats
                0x008003bc        0x1 .build/obj_lily58_rev1_default/lufa.o
 .bss.keyboard_idle
                0x008003bd        0x1 .build/obj_lily58_rev1_default/lufa.o
                0x008003bd                keyboard_idle
 .bss.desired_output
                0x008003be        0x1 .build/obj_lily58_rev1_default/outputselect.o
                0x008003be                desired_output
 *(COMMON)
 COMMON         0x008003bf       0x10 .build/obj_lily58_rev1_default/i2c.o
                0x008003bf                i2c_slave_buffer
 COMMON         0x008003cf       0x57 .build/obj_lily58_rev1_default/ssd1306.o
                0x008003cf                display
 COMMON         0x00800426       0x18 .build/obj_lily58_rev1_default/./lib/layer_state_reader.o
                0x00800426                layer_state_str
 COMMON         0x0080043e        0x2 .build/obj_lily58_rev1_default/keyboards/lily58/keymaps/default/keymap.o
                0x0080043e                RGB_current_mode
 COMMON         0x00800440       0x56 .build/obj_lily58_rev1_default/quantum/rgblight.o
                0x00800440                rgblight_config
                0x00800445                led
 COMMON         0x00800496        0x4 .build/obj_lily58_rev1_default/common/avr/timer.o
                0x00800496                timer_count
 COMMON         0x0080049a        0x2 .build/obj_lily58_rev1_default/common/magic.o
                0x0080049a                keymap_config
 COMMON         0x0080049c        0x3 .build/obj_lily58_rev1_default/lib/lufa/LUFA/Drivers/USB/Core/DeviceStandardReq.o
                0x0080049c                USB_Device_ConfigurationNumber
                0x0080049d                USB_Device_CurrentlySelfPowered
                0x0080049e                USB_Device_RemoteWakeupEnabled
 COMMON         0x0080049f        0xa .build/obj_lily58_rev1_default/lib/lufa/LUFA/Drivers/USB/Core/USBTask.o
                0x0080049f                USB_IsInitialized
                0x008004a0                USB_DeviceState
                0x008004a1                USB_ControlRequest
                0x008004a9                PROVIDE (__bss_end = .)
                0x00005fda                __data_load_start = LOADADDR (.data)
                0x00006194                __data_load_end = (__data_load_start + SIZEOF (.data))

.noinit         0x008004a9        0x4
                [!provide]                PROVIDE (__noinit_start = .)
 *(.noinit*)
 .noinit        0x008004a9        0x4 .build/obj_lily58_rev1_default/common/avr/bootloader.o
                0x008004a9                reset_key
                [!provide]                PROVIDE (__noinit_end = .)
                0x008004ad                _end = .
                [!provide]                PROVIDE (__heap_start = .)

.eeprom         0x00810000        0x0
 *(.eeprom*)
                0x00810000                __eeprom_end = .

.fuse
 *(.fuse)
 *(.lfuse)
 *(.hfuse)
 *(.efuse)

.lock
 *(.lock*)

.signature
 *(.signature*)

.stab
 *(.stab)

.stabstr        0x00000000       0x8a
 *(.stabstr)
 .stabstr       0x00000000       0x8a .build/obj_lily58_rev1_default/common/avr/xprintf.o

.stab.excl
 *(.stab.excl)

.stab.exclstr
 *(.stab.exclstr)

.stab.index
 *(.stab.index)

.stab.indexstr
 *(.stab.indexstr)

.comment        0x00000000       0x11
 *(.comment)
 .comment       0x00000000       0x11 .build/obj_lily58_rev1_default/i2c.o
                                 0x12 (size before relaxing)
 .comment       0x00000011       0x12 .build/obj_lily58_rev1_default/serial.o
 .comment       0x00000011       0x12 .build/obj_lily58_rev1_default/ssd1306.o
 .comment       0x00000011       0x12 .build/obj_lily58_rev1_default/rev1/matrix.o
 .comment       0x00000011       0x12 .build/obj_lily58_rev1_default/rev1/split_util.o
 .comment       0x00000011       0x12 .build/obj_lily58_rev1_default/rev1/split_scomm.o
 .comment       0x00000011       0x12 .build/obj_lily58_rev1_default/./lib/glcdfont.o
 .comment       0x00000011       0x12 .build/obj_lily58_rev1_default/./lib/layer_state_reader.o
 .comment       0x00000011       0x12 .build/obj_lily58_rev1_default/./lib/logo_reader.o
 .comment       0x00000011       0x12 .build/obj_lily58_rev1_default/./lib/keylogger.o
 .comment       0x00000011       0x12 .build/obj_lily58_rev1_default/keyboards/lily58/lily58.o
 .comment       0x00000011       0x12 .build/obj_lily58_rev1_default/keyboards/lily58/rev1/rev1.o
 .comment       0x00000011       0x12 .build/obj_lily58_rev1_default/keyboards/lily58/keymaps/default/keymap.o
 .comment       0x00000011       0x12 .build/obj_lily58_rev1_default/quantum/quantum.o
 .comment       0x00000011       0x12 .build/obj_lily58_rev1_default/quantum/keymap_common.o
 .comment       0x00000011       0x12 .build/obj_lily58_rev1_default/quantum/keycode_config.o
 .comment       0x00000011       0x12 .build/obj_lily58_rev1_default/quantum/color.o
 .comment       0x00000011       0x12 .build/obj_lily58_rev1_default/quantum/rgblight.o
 .comment       0x00000011       0x12 .build/obj_lily58_rev1_default/quantum/process_keycode/process_rgb.o
 .comment       0x00000011       0x12 .build/obj_lily58_rev1_default/ws2812.o
 .comment       0x00000011       0x12 .build/obj_lily58_rev1_default/quantum/led_tables.o
 .comment       0x00000011       0x12 .build/obj_lily58_rev1_default/quantum/encoder.o
 .comment       0x00000011       0x12 .build/obj_lily58_rev1_default/quantum/process_keycode/process_space_cadet.o
 .comment       0x00000011       0x12 .build/obj_lily58_rev1_default/quantum/process_keycode/process_magic.o
 .comment       0x00000011       0x12 .build/obj_lily58_rev1_default/quantum/process_keycode/process_grave_esc.o
 .comment       0x00000011       0x12 .build/obj_lily58_rev1_default/common/host.o
 .comment       0x00000011       0x12 .build/obj_lily58_rev1_default/common/keyboard.o
 .comment       0x00000011       0x12 .build/obj_lily58_rev1_default/common/action.o
 .comment       0x00000011       0x12 .build/obj_lily58_rev1_default/common/action_tapping.o
 .comment       0x00000011       0x12 .build/obj_lily58_rev1_default/common/action_layer.o
 .comment       0x00000011       0x12 .build/obj_lily58_rev1_default/common/action_util.o
 .comment       0x00000011       0x12 .build/obj_lily58_rev1_default/common/debug.o
 .comment       0x00000011       0x12 .build/obj_lily58_rev1_default/common/eeconfig.o
 .comment       0x00000011       0x12 .build/obj_lily58_rev1_default/common/report.o
 .comment       0x00000011       0x12 .build/obj_lily58_rev1_default/common/avr/suspend.o
 .comment       0x00000011       0x12 .build/obj_lily58_rev1_default/common/avr/timer.o
 .comment       0x00000011       0x12 .build/obj_lily58_rev1_default/common/avr/bootloader.o
 .comment       0x00000011       0x12 .build/obj_lily58_rev1_default/common/magic.o
 .comment       0x00000011       0x12 .build/obj_lily58_rev1_default/lufa.o
 .comment       0x00000011       0x12 .build/obj_lily58_rev1_default/usb_descriptor.o
 .comment       0x00000011       0x12 .build/obj_lily58_rev1_default/outputselect.o
 .comment       0x00000011       0x12 .build/obj_lily58_rev1_default/lib/lufa/LUFA/Drivers/USB/Core/AVR8/Device_AVR8.o
 .comment       0x00000011       0x12 .build/obj_lily58_rev1_default/lib/lufa/LUFA/Drivers/USB/Core/AVR8/EndpointStream_AVR8.o
 .comment       0x00000011       0x12 .build/obj_lily58_rev1_default/lib/lufa/LUFA/Drivers/USB/Core/AVR8/Endpoint_AVR8.o
 .comment       0x00000011       0x12 .build/obj_lily58_rev1_default/lib/lufa/LUFA/Drivers/USB/Core/AVR8/USBController_AVR8.o
 .comment       0x00000011       0x12 .build/obj_lily58_rev1_default/lib/lufa/LUFA/Drivers/USB/Core/AVR8/USBInterrupt_AVR8.o
 .comment       0x00000011       0x12 .build/obj_lily58_rev1_default/lib/lufa/LUFA/Drivers/USB/Core/DeviceStandardReq.o
 .comment       0x00000011       0x12 .build/obj_lily58_rev1_default/lib/lufa/LUFA/Drivers/USB/Core/Events.o
 .comment       0x00000011       0x12 .build/obj_lily58_rev1_default/lib/lufa/LUFA/Drivers/USB/Core/USBTask.o
 .comment       0x00000011       0x12 c:/msys64/home/kyleo/qmk_utils/avr8-gnu-toolchain/bin/../lib/gcc/avr/8.3.0/../../../../avr/lib/avr5\libc.a(snprintf.o)
 .comment       0x00000011       0x12 c:/msys64/home/kyleo/qmk_utils/avr8-gnu-toolchain/bin/../lib/gcc/avr/8.3.0/../../../../avr/lib/avr5\libc.a(vfprintf_std.o)
 .comment       0x00000011       0x12 c:/msys64/home/kyleo/qmk_utils/avr8-gnu-toolchain/bin/../lib/gcc/avr/8.3.0/../../../../avr/lib/avr5\libc.a(fputc.o)

.note.gnu.avr.deviceinfo
                0x00000000       0x40
 .note.gnu.avr.deviceinfo
                0x00000000       0x40 c:/msys64/home/kyleo/qmk_utils/avr8-gnu-toolchain/bin/../lib/gcc/avr/8.3.0/../../../../avr/lib/avr5/crtatmega32u4.o

.note.gnu.build-id
 *(.note.gnu.build-id)

.debug
 *(.debug)

.line
 *(.line)

.debug_srcinfo
 *(.debug_srcinfo)

.debug_sfnames
 *(.debug_sfnames)

.debug_aranges  0x00000000     0x13d0
 *(.debug_aranges)
 .debug_aranges
                0x00000000       0x60 .build/obj_lily58_rev1_default/i2c.o
 .debug_aranges
                0x00000060       0x70 .build/obj_lily58_rev1_default/serial.o
 .debug_aranges
                0x000000d0       0xc0 .build/obj_lily58_rev1_default/ssd1306.o
 .debug_aranges
                0x00000190       0x98 .build/obj_lily58_rev1_default/rev1/matrix.o
 .debug_aranges
                0x00000228       0x38 .build/obj_lily58_rev1_default/rev1/split_util.o
 .debug_aranges
                0x00000260       0x30 .build/obj_lily58_rev1_default/rev1/split_scomm.o
 .debug_aranges
                0x00000290       0x18 .build/obj_lily58_rev1_default/./lib/glcdfont.o
 .debug_aranges
                0x000002a8       0x20 .build/obj_lily58_rev1_default/./lib/layer_state_reader.o
 .debug_aranges