Archive member included to satisfy reference by file (symbol)

c:/msys64/home/kyleo/qmk_utils/gcc-arm-none-eabi/bin/../lib/gcc/arm-none-eabi/8.3.1/thumb/v6-m/nofp\libgcc.a(_thumb1_case_uqi.o)
                              .build/obj_projectkb_alice_Standard-1/quantum/quantum.o (__gnu_thumb1_case_uqi)
c:/msys64/home/kyleo/qmk_utils/gcc-arm-none-eabi/bin/../lib/gcc/arm-none-eabi/8.3.1/thumb/v6-m/nofp\libgcc.a(_thumb1_case_shi.o)
                              .build/obj_projectkb_alice_Standard-1/common/action_tapping.o (__gnu_thumb1_case_shi)
c:/msys64/home/kyleo/qmk_utils/gcc-arm-none-eabi/bin/../lib/gcc/arm-none-eabi/8.3.1/thumb/v6-m/nofp\libgcc.a(_thumb1_case_uhi.o)
                              .build/obj_projectkb_alice_Standard-1/common/action.o (__gnu_thumb1_case_uhi)
c:/msys64/home/kyleo/qmk_utils/gcc-arm-none-eabi/bin/../lib/gcc/arm-none-eabi/8.3.1/thumb/v6-m/nofp\libgcc.a(_udivsi3.o)
                              .build/obj_projectkb_alice_Standard-1/quantum/color.o (__aeabi_uidiv)
c:/msys64/home/kyleo/qmk_utils/gcc-arm-none-eabi/bin/../lib/gcc/arm-none-eabi/8.3.1/thumb/v6-m/nofp\libgcc.a(_divsi3.o)
                              .build/obj_projectkb_alice_Standard-1/quantum/color.o (__aeabi_idiv)
c:/msys64/home/kyleo/qmk_utils/gcc-arm-none-eabi/bin/../lib/gcc/arm-none-eabi/8.3.1/thumb/v6-m/nofp\libgcc.a(_dvmd_tls.o)
                              c:/msys64/home/kyleo/qmk_utils/gcc-arm-none-eabi/bin/../lib/gcc/arm-none-eabi/8.3.1/thumb/v6-m/nofp\libgcc.a(_udivsi3.o) (__aeabi_idiv0)
c:/msys64/home/kyleo/qmk_utils/gcc-arm-none-eabi/bin/../lib/gcc/arm-none-eabi/8.3.1/thumb/v6-m/nofp\libgcc.a(_aeabi_ldivmod.o)
                              .build/obj_projectkb_alice_Standard-1/common/chibios/suspend.o (__aeabi_ldivmod)
c:/msys64/home/kyleo/qmk_utils/gcc-arm-none-eabi/bin/../lib/gcc/arm-none-eabi/8.3.1/thumb/v6-m/nofp\libgcc.a(_aeabi_uldivmod.o)
                              .build/obj_projectkb_alice_Standard-1/common/chibios/suspend.o (__aeabi_uldivmod)
c:/msys64/home/kyleo/qmk_utils/gcc-arm-none-eabi/bin/../lib/gcc/arm-none-eabi/8.3.1/thumb/v6-m/nofp\libgcc.a(_muldi3.o)
                              .build/obj_projectkb_alice_Standard-1/common/chibios/suspend.o (__aeabi_lmul)
c:/msys64/home/kyleo/qmk_utils/gcc-arm-none-eabi/bin/../lib/gcc/arm-none-eabi/8.3.1/thumb/v6-m/nofp\libgcc.a(_udivmoddi4.o)
                              c:/msys64/home/kyleo/qmk_utils/gcc-arm-none-eabi/bin/../lib/gcc/arm-none-eabi/8.3.1/thumb/v6-m/nofp\libgcc.a(_aeabi_uldivmod.o) (__udivmoddi4)
c:/msys64/home/kyleo/qmk_utils/gcc-arm-none-eabi/bin/../lib/gcc/arm-none-eabi/8.3.1/thumb/v6-m/nofp\libgcc.a(bpabi.o)
                              c:/msys64/home/kyleo/qmk_utils/gcc-arm-none-eabi/bin/../lib/gcc/arm-none-eabi/8.3.1/thumb/v6-m/nofp\libgcc.a(_aeabi_ldivmod.o) (__gnu_ldivmod_helper)
c:/msys64/home/kyleo/qmk_utils/gcc-arm-none-eabi/bin/../lib/gcc/arm-none-eabi/8.3.1/thumb/v6-m/nofp\libgcc.a(_clzdi2.o)
                              c:/msys64/home/kyleo/qmk_utils/gcc-arm-none-eabi/bin/../lib/gcc/arm-none-eabi/8.3.1/thumb/v6-m/nofp\libgcc.a(_udivmoddi4.o) (__clzdi2)
c:/msys64/home/kyleo/qmk_utils/gcc-arm-none-eabi/bin/../lib/gcc/arm-none-eabi/8.3.1/thumb/v6-m/nofp\libgcc.a(_divdi3.o)
                              c:/msys64/home/kyleo/qmk_utils/gcc-arm-none-eabi/bin/../lib/gcc/arm-none-eabi/8.3.1/thumb/v6-m/nofp\libgcc.a(bpabi.o) (__divdi3)
c:/msys64/home/kyleo/qmk_utils/gcc-arm-none-eabi/bin/../lib/gcc/arm-none-eabi/8.3.1/thumb/v6-m/nofp\libgcc.a(_clzsi2.o)
                              c:/msys64/home/kyleo/qmk_utils/gcc-arm-none-eabi/bin/../lib/gcc/arm-none-eabi/8.3.1/thumb/v6-m/nofp\libgcc.a(_clzdi2.o) (__clzsi2)
c:/msys64/home/kyleo/qmk_utils/gcc-arm-none-eabi/bin/../lib/gcc/arm-none-eabi/8.3.1/../../../../arm-none-eabi/lib/thumb/v6-m/nofp\libg_nano.a(lib_a-ctype_.o)
                              .build/obj_projectkb_alice_Standard-1/quantum/quantum.o (_ctype_)
c:/msys64/home/kyleo/qmk_utils/gcc-arm-none-eabi/bin/../lib/gcc/arm-none-eabi/8.3.1/../../../../arm-none-eabi/lib/thumb/v6-m/nofp\libg_nano.a(lib_a-exit.o)
                              c:/msys64/home/kyleo/qmk_utils/gcc-arm-none-eabi/bin/../lib/gcc/arm-none-eabi/8.3.1/../../../../arm-none-eabi/lib/thumb/v6-m/nofp/crt0.o (exit)
c:/msys64/home/kyleo/qmk_utils/gcc-arm-none-eabi/bin/../lib/gcc/arm-none-eabi/8.3.1/../../../../arm-none-eabi/lib/thumb/v6-m/nofp\libg_nano.a(lib_a-impure.o)
                              c:/msys64/home/kyleo/qmk_utils/gcc-arm-none-eabi/bin/../lib/gcc/arm-none-eabi/8.3.1/../../../../arm-none-eabi/lib/thumb/v6-m/nofp\libg_nano.a(lib_a-exit.o) (_global_impure_ptr)
c:/msys64/home/kyleo/qmk_utils/gcc-arm-none-eabi/bin/../lib/gcc/arm-none-eabi/8.3.1/../../../../arm-none-eabi/lib/thumb/v6-m/nofp\libg_nano.a(lib_a-init.o)
                              c:/msys64/home/kyleo/qmk_utils/gcc-arm-none-eabi/bin/../lib/gcc/arm-none-eabi/8.3.1/../../../../arm-none-eabi/lib/thumb/v6-m/nofp/crt0.o (__libc_init_array)
[...]
Memory Configuration

Name             Origin             Length             Attributes
flash0           0x08000000         0x00020000
flash1           0x00000000         0x00000000
flash2           0x00000000         0x00000000
flash3           0x00000000         0x00000000
flash4           0x00000000         0x00000000
flash5           0x00000000         0x00000000
flash6           0x00000000         0x00000000
flash7           0x00000000         0x00000000
ram0             0x20000000         0x00004000
ram1             0x00000000         0x00000000
ram2             0x00000000         0x00000000
ram3             0x00000000         0x00000000
ram4             0x00000000         0x00000000
ram5             0x00000000         0x00000000
ram6             0x00000000         0x00000000
ram7             0x00000000         0x00000000
*default*        0x00000000         0xffffffff

Linker script and memory map

LOAD c:/msys64/home/kyleo/qmk_utils/gcc-arm-none-eabi/bin/../lib/gcc/arm-none-eabi/8.3.1/thumb/v6-m/nofp/crti.o
LOAD c:/msys64/home/kyleo/qmk_utils/gcc-arm-none-eabi/bin/../lib/gcc/arm-none-eabi/8.3.1/thumb/v6-m/nofp/crtbegin.o
LOAD c:/msys64/home/kyleo/qmk_utils/gcc-arm-none-eabi/bin/../lib/gcc/arm-none-eabi/8.3.1/../../../../arm-none-eabi/lib/thumb/v6-m/nofp/crt0.o
LOAD .build/obj_projectkb_alice_Standard-1/keyboards/projectkb/alice/alice.o
LOAD .build/obj_projectkb_alice_Standard-1/keyboards/projectkb/alice/keymaps/Standard-1/keymap.o
LOAD .build/obj_projectkb_alice_Standard-1/quantum/quantum.o
LOAD .build/obj_projectkb_alice_Standard-1/quantum/keymap_common.o
LOAD .build/obj_projectkb_alice_Standard-1/quantum/keycode_config.o
LOAD .build/obj_projectkb_alice_Standard-1/quantum/matrix_common.o
LOAD .build/obj_projectkb_alice_Standard-1/quantum/matrix.o
LOAD .build/obj_projectkb_alice_Standard-1/quantum/debounce/sym_g.o
LOAD .build/obj_projectkb_alice_Standard-1/common/chibios/eeprom_stm32.o
LOAD .build/obj_projectkb_alice_Standard-1/common/chibios/flash_stm32.o
LOAD .build/obj_projectkb_alice_Standard-1/quantum/color.o
LOAD .build/obj_projectkb_alice_Standard-1/quantum/rgblight.o
LOAD .build/obj_projectkb_alice_Standard-1/quantum/process_keycode/process_rgb.o
LOAD .build/obj_projectkb_alice_Standard-1/quantum/backlight/backlight.o
LOAD .build/obj_projectkb_alice_Standard-1/quantum/process_keycode/process_backlight.o
LOAD .build/obj_projectkb_alice_Standard-1/quantum/backlight/backlight_driver_common.o
LOAD .build/obj_projectkb_alice_Standard-1/quantum/backlight/backlight_chibios.o
LOAD .build/obj_projectkb_alice_Standard-1/ws2812_spi.o
LOAD .build/obj_projectkb_alice_Standard-1/quantum/led_tables.o
LOAD .build/obj_projectkb_alice_Standard-1/quantum/process_keycode/process_space_cadet.o
LOAD .build/obj_projectkb_alice_Standard-1/quantum/process_keycode/process_magic.o
LOAD .build/obj_projectkb_alice_Standard-1/quantum/process_keycode/process_grave_esc.o
LOAD .build/obj_projectkb_alice_Standard-1/./lib/chibios/os/common/startup/ARMCMx/compilers/GCC/crt0_v6m.o
LOAD .build/obj_projectkb_alice_Standard-1/./lib/chibios/os/common/startup/ARMCMx/compilers/GCC/vectors.o
LOAD .build/obj_projectkb_alice_Standard-1/./lib/chibios/os/common/ports/ARMCMx/compilers/GCC/chcoreasm_v6m.o
LOAD .build/obj_projectkb_alice_Standard-1/common/host.o
LOAD .build/obj_projectkb_alice_Standard-1/common/keyboard.o
LOAD .build/obj_projectkb_alice_Standard-1/common/action.o
LOAD .build/obj_projectkb_alice_Standard-1/common/action_tapping.o
LOAD .build/obj_projectkb_alice_Standard-1/common/action_macro.o
LOAD .build/obj_projectkb_alice_Standard-1/common/action_layer.o
LOAD .build/obj_projectkb_alice_Standard-1/common/action_util.o
LOAD .build/obj_projectkb_alice_Standard-1/common/print.o
LOAD .build/obj_projectkb_alice_Standard-1/common/debug.o
LOAD .build/obj_projectkb_alice_Standard-1/common/util.o
LOAD .build/obj_projectkb_alice_Standard-1/common/eeconfig.o
LOAD .build/obj_projectkb_alice_Standard-1/common/report.o
LOAD .build/obj_projectkb_alice_Standard-1/common/chibios/suspend.o
LOAD .build/obj_projectkb_alice_Standard-1/common/chibios/timer.o
LOAD .build/obj_projectkb_alice_Standard-1/common/chibios/bootloader.o
LOAD .build/obj_projectkb_alice_Standard-1/common/chibios/printf.o
LOAD .build/obj_projectkb_alice_Standard-1/common/bootmagic_lite.o
LOAD .build/obj_projectkb_alice_Standard-1/common/magic.o
LOAD .build/obj_projectkb_alice_Standard-1/common/mousekey.o
LOAD .build/obj_projectkb_alice_Standard-1/common/command.o
LOAD .build/obj_projectkb_alice_Standard-1/common/chibios/sleep_led.o
LOAD .build/obj_projectkb_alice_Standard-1/protocol/chibios/usb_main.o
LOAD .build/obj_projectkb_alice_Standard-1/protocol/chibios/main.o
LOAD .build/obj_projectkb_alice_Standard-1/usb_descriptor.o
LOAD .build/obj_projectkb_alice_Standard-1/protocol/chibios/usb_driver.o
LOAD .build/obj_projectkb_alice_Standard-1/./lib/chibios/os/oslib/src/chmboxes.o
LOAD .build/obj_projectkb_alice_Standard-1/./lib/chibios/os/oslib/src/chmemcore.o
LOAD .build/obj_projectkb_alice_Standard-1/./lib/chibios/os/oslib/src/chmemheaps.o
LOAD .build/obj_projectkb_alice_Standard-1/./lib/chibios/os/oslib/src/chmempools.o
LOAD .build/obj_projectkb_alice_Standard-1/./lib/chibios/os/oslib/src/chpipes.o
LOAD .build/obj_projectkb_alice_Standard-1/./lib/chibios/os/oslib/src/chfactory.o
LOAD .build/obj_projectkb_alice/lib/chibios/os/common/startup/ARMCMx/compilers/GCC/crt1.o
LOAD .build/obj_projectkb_alice/lib/chibios/os/rt/src/chsys.o
LOAD .build/obj_projectkb_alice/lib/chibios/os/rt/src/chdebug.o
LOAD .build/obj_projectkb_alice/lib/chibios/os/rt/src/chtrace.o
LOAD .build/obj_projectkb_alice/lib/chibios/os/rt/src/chvt.o
LOAD .build/obj_projectkb_alice/lib/chibios/os/rt/src/chschd.o
LOAD .build/obj_projectkb_alice/lib/chibios/os/rt/src/chthreads.o
LOAD .build/obj_projectkb_alice/lib/chibios/os/rt/src/chtm.o
LOAD .build/obj_projectkb_alice/lib/chibios/os/rt/src/chstats.o
LOAD .build/obj_projectkb_alice/lib/chibios/os/rt/src/chregistry.o
LOAD .build/obj_projectkb_alice/lib/chibios/os/rt/src/chsem.o
LOAD .build/obj_projectkb_alice/lib/chibios/os/rt/src/chmtx.o
LOAD .build/obj_projectkb_alice/lib/chibios/os/rt/src/chcond.o
LOAD .build/obj_projectkb_alice/lib/chibios/os/rt/src/chevents.o
LOAD .build/obj_projectkb_alice/lib/chibios/os/rt/src/chmsg.o
LOAD .build/obj_projectkb_alice/lib/chibios/os/rt/src/chdynamic.o
LOAD .build/obj_projectkb_alice/lib/chibios/os/common/ports/ARMCMx/chcore.o
LOAD .build/obj_projectkb_alice/lib/chibios/os/common/ports/ARMCMx/chcore_v6m.o
LOAD .build/obj_projectkb_alice/lib/chibios/os/hal/osal/rt/osal.o
LOAD .build/obj_projectkb_alice/lib/chibios/os/hal/src/hal.o
LOAD .build/obj_projectkb_alice/lib/chibios/os/hal/src/hal_buffers.o
LOAD .build/obj_projectkb_alice/lib/chibios/os/hal/src/hal_queues.o
LOAD .build/obj_projectkb_alice/lib/chibios/os/hal/src/hal_mmcsd.o
LOAD .build/obj_projectkb_alice/lib/chibios/os/hal/src/hal_adc.o
LOAD .build/obj_projectkb_alice/lib/chibios/os/hal/src/hal_can.o
LOAD .build/obj_projectkb_alice/lib/chibios/os/hal/src/hal_crypto.o
LOAD .build/obj_projectkb_alice/lib/chibios/os/hal/src/hal_dac.o
LOAD .build/obj_projectkb_alice/lib/chibios/os/hal/src/hal_gpt.o
LOAD .build/obj_projectkb_alice/lib/chibios/os/hal/src/hal_i2c.o
LOAD .build/obj_projectkb_alice/lib/chibios/os/hal/src/hal_i2s.o
LOAD .build/obj_projectkb_alice/lib/chibios/os/hal/src/hal_icu.o
LOAD .build/obj_projectkb_alice/lib/chibios/os/hal/src/hal_mac.o
LOAD .build/obj_projectkb_alice/lib/chibios/os/hal/src/hal_mmc_spi.o
LOAD .build/obj_projectkb_alice/lib/chibios/os/hal/src/hal_pal.o
LOAD .build/obj_projectkb_alice/lib/chibios/os/hal/src/hal_pwm.o
LOAD .build/obj_projectkb_alice/lib/chibios/os/hal/src/hal_rtc.o
LOAD .build/obj_projectkb_alice/lib/chibios/os/hal/src/hal_sdc.o
LOAD .build/obj_projectkb_alice/lib/chibios/os/hal/src/hal_serial.o
LOAD .build/obj_projectkb_alice/lib/chibios/os/hal/src/hal_serial_usb.o
LOAD .build/obj_projectkb_alice/lib/chibios/os/hal/src/hal_sio.o
LOAD .build/obj_projectkb_alice/lib/chibios/os/hal/src/hal_spi.o
LOAD .build/obj_projectkb_alice/lib/chibios/os/hal/src/hal_st.o
LOAD .build/obj_projectkb_alice/lib/chibios/os/hal/src/hal_trng.o
LOAD .build/obj_projectkb_alice/lib/chibios/os/hal/src/hal_uart.o
LOAD .build/obj_projectkb_alice/lib/chibios/os/hal/src/hal_usb.o
LOAD .build/obj_projectkb_alice/lib/chibios/os/hal/src/hal_wdg.o
LOAD .build/obj_projectkb_alice/lib/chibios/os/hal/src/hal_wspi.o
LOAD .build/obj_projectkb_alice/lib/chibios/os/hal/ports/common/ARMCMx/nvic.o
LOAD .build/obj_projectkb_alice/lib/chibios/os/hal/ports/STM32/STM32F0xx/stm32_isr.o
LOAD .build/obj_projectkb_alice/lib/chibios/os/hal/ports/STM32/STM32F0xx/hal_lld.o
LOAD .build/obj_projectkb_alice/lib/chibios/os/hal/ports/STM32/LLD/ADCv1/hal_adc_lld.o
LOAD .build/obj_projectkb_alice/lib/chibios/os/hal/ports/STM32/LLD/CANv1/hal_can_lld.o
LOAD .build/obj_projectkb_alice/lib/chibios/os/hal/ports/STM32/LLD/DACv1/hal_dac_lld.o
LOAD .build/obj_projectkb_alice/lib/chibios/os/hal/ports/STM32/LLD/DMAv1/stm32_dma.o
LOAD .build/obj_projectkb_alice/lib/chibios/os/hal/ports/STM32/LLD/EXTIv1/stm32_exti.o
LOAD .build/obj_projectkb_alice/lib/chibios/os/hal/ports/STM32/LLD/GPIOv2/hal_pal_lld.o
LOAD .build/obj_projectkb_alice/lib/chibios/os/hal/ports/STM32/LLD/I2Cv2/hal_i2c_lld.o
LOAD .build/obj_projectkb_alice/lib/chibios/os/hal/ports/STM32/LLD/RTCv2/hal_rtc_lld.o
LOAD .build/obj_projectkb_alice/lib/chibios/os/hal/ports/STM32/LLD/SPIv2/hal_i2s_lld.o
LOAD .build/obj_projectkb_alice/lib/chibios/os/hal/ports/STM32/LLD/SPIv2/hal_spi_lld.o
LOAD .build/obj_projectkb_alice/lib/chibios/os/hal/ports/STM32/LLD/TIMv1/hal_st_lld.o
LOAD .build/obj_projectkb_alice/lib/chibios/os/hal/ports/STM32/LLD/TIMv1/hal_gpt_lld.o
LOAD .build/obj_projectkb_alice/lib/chibios/os/hal/ports/STM32/LLD/TIMv1/hal_icu_lld.o
LOAD .build/obj_projectkb_alice/lib/chibios/os/hal/ports/STM32/LLD/TIMv1/hal_pwm_lld.o
LOAD .build/obj_projectkb_alice/lib/chibios/os/hal/ports/STM32/LLD/USARTv2/hal_serial_lld.o
LOAD .build/obj_projectkb_alice/lib/chibios/os/hal/ports/STM32/LLD/USARTv2/hal_uart_lld.o
LOAD .build/obj_projectkb_alice/lib/chibios/os/hal/ports/STM32/LLD/USBv1/hal_usb_lld.o
LOAD .build/obj_projectkb_alice/lib/chibios/os/hal/ports/STM32/LLD/xWDGv1/hal_wdg_lld.o
LOAD .build/obj_projectkb_alice/drivers/boards/GENERIC_STM32_F072XB/board.o
LOAD .build/obj_projectkb_alice/lib/chibios/os/hal/lib/streams/chprintf.o
LOAD .build/obj_projectkb_alice/lib/chibios/os/hal/lib/streams/memstreams.o
LOAD .build/obj_projectkb_alice/lib/chibios/os/hal/lib/streams/nullstreams.o
LOAD .build/obj_projectkb_alice/lib/chibios/os/various/syscalls.o

.mstack         0x20000000      0x400
                0x20000000                . = ALIGN (0x8)
                0x20000000                __main_stack_base__ = .
                0x20000400                . = (. + __main_stack_size__)
 *fill*         0x20000000      0x400 
                0x20000400                . = ALIGN (0x8)
                0x20000400                __main_stack_end__ = .

.pstack         0x20000400      0x800
                0x20000400                . = ALIGN (0x8)
                0x20000400                __process_stack_base__ = .
                0x20000400                __main_thread_stack_base__ = .
                0x20000c00                . = (. + __process_stack_size__)
 *fill*         0x20000400      0x800 
                0x20000c00                . = ALIGN (0x8)
                0x20000c00                __process_stack_end__ = .
                0x20000c00                __main_thread_stack_end__ = .

.vectors        0x08000000       0xc0
 *(.vectors)
 .vectors       0x08000000       0xc0 .build/obj_projectkb_alice_Standard-1/./lib/chibios/os/common/startup/ARMCMx/compilers/GCC/vectors.o
                0x08000000                _vectors

.xtors          0x080000c0        0x8
                0x080000c0                __init_array_start = .
 *(SORT_BY_NAME(.init_array.*))
 *(.init_array)
 .init_array    0x080000c0        0x4 c:/msys64/home/kyleo/qmk_utils/gcc-arm-none-eabi/bin/../lib/gcc/arm-none-eabi/8.3.1/thumb/v6-m/nofp/crtbegin.o
                0x080000c4                __init_array_end = .
                0x080000c4                __fini_array_start = .
 *(.fini_array)
 .fini_array    0x080000c4        0x4 c:/msys64/home/kyleo/qmk_utils/gcc-arm-none-eabi/bin/../lib/gcc/arm-none-eabi/8.3.1/thumb/v6-m/nofp/crtbegin.o
 *(SORT_BY_NAME(.fini_array.*))
                0x080000c8                __fini_array_end = .

.text           0x080000c8     0x7faa
                0x080000c8                __text_base = .
 *(.text)
 .text          0x080000c8       0x48 c:/msys64/home/kyleo/qmk_utils/gcc-arm-none-eabi/bin/../lib/gcc/arm-none-eabi/8.3.1/thumb/v6-m/nofp/crtbegin.o
 .text          0x08000110       0xd0 .build/obj_projectkb_alice_Standard-1/./lib/chibios/os/common/startup/ARMCMx/compilers/GCC/crt0_v6m.o
                0x08000110                _crt0_entry
 .text          0x080001e0        0x8 .build/obj_projectkb_alice_Standard-1/./lib/chibios/os/common/startup/ARMCMx/compilers/GCC/vectors.o
                0x080001e0                Reset_Handler
                0x080001e2                VectorAC
                0x080001e2                DebugMon_Handler
                0x080001e2                Vector5C
                0x080001e2                HardFault_Handler
                0x080001e2                SysTick_Handler
                0x080001e2                PendSV_Handler
                0x080001e2                Vector94
                0x080001e2                VectorA8
                0x080001e2                VectorB4
                0x080001e2                Vector74
                0x080001e2                UsageFault_Handler
                0x080001e2                Vector40
                0x080001e2                Vector58
                0x080001e2                Vector54
                0x080001e2                Vector98
                0x080001e2                Vector24
                0x080001e2                Vector84
                0x080001e2                MemManage_Handler
                0x080001e2                VectorA0
                0x080001e2                SVC_Handler
                0x080001e2                VectorB0
                0x080001e2                Vector90
                0x080001e2                Vector60
                0x080001e2                Vector1C
                0x080001e2                Vector48
                0x080001e2                Vector70
                0x080001e2                Vector4C
                0x080001e2                Vector78
                0x080001e2                VectorA4
                0x080001e2                Vector88
                0x080001e2                BusFault_Handler
                0x080001e2                Vector50
                0x080001e2                Vector44
                0x080001e2                Vector28
                0x080001e2                VectorB8
                0x080001e2                Vector34
                0x080001e2                Vector20
                0x080001e6                _unhandled_exception
 .text          0x080001e8       0x40 .build/obj_projectkb_alice_Standard-1/./lib/chibios/os/common/ports/ARMCMx/compilers/GCC/chcoreasm_v6m.o
                0x080001e8                _port_switch
                0x08000208                _port_thread_start
                0x08000214                _port_switch_from_isr
                0x08000218                _port_exit_from_isr
 .text          0x08000228       0x14 c:/msys64/home/kyleo/qmk_utils/gcc-arm-none-eabi/bin/../lib/gcc/arm-none-eabi/8.3.1/thumb/v6-m/nofp\libgcc.a(_thumb1_case_uqi.o)
                0x08000228                __gnu_thumb1_case_uqi
 .text          0x0800023c       0x14 c:/msys64/home/kyleo/qmk_utils/gcc-arm-none-eabi/bin/../lib/gcc/arm-none-eabi/8.3.1/thumb/v6-m/nofp\libgcc.a(_thumb1_case_shi.o)
                0x0800023c                __gnu_thumb1_case_shi
 .text          0x08000250       0x14 c:/msys64/home/kyleo/qmk_utils/gcc-arm-none-eabi/bin/../lib/gcc/arm-none-eabi/8.3.1/thumb/v6-m/nofp\libgcc.a(_thumb1_case_uhi.o)
                0x08000250                __gnu_thumb1_case_uhi
 .text          0x08000264      0x114 c:/msys64/home/kyleo/qmk_utils/gcc-arm-none-eabi/bin/../lib/gcc/arm-none-eabi/8.3.1/thumb/v6-m/nofp\libgcc.a(_udivsi3.o)
                0x08000264                __aeabi_uidiv
                0x08000264                __udivsi3
                0x08000370                __aeabi_uidivmod
 .text          0x08000378      0x1d4 c:/msys64/home/kyleo/qmk_utils/gcc-arm-none-eabi/bin/../lib/gcc/arm-none-eabi/8.3.1/thumb/v6-m/nofp\libgcc.a(_divsi3.o)
                0x08000378                __divsi3
                0x08000378                __aeabi_idiv
                0x08000544                __aeabi_idivmod
 .text          0x0800054c        0x4 c:/msys64/home/kyleo/qmk_utils/gcc-arm-none-eabi/bin/../lib/gcc/arm-none-eabi/8.3.1/thumb/v6-m/nofp\libgcc.a(_dvmd_tls.o)
                0x0800054c                __aeabi_idiv0
                0x0800054c                __aeabi_ldiv0
 .text          0x08000550       0x40 c:/msys64/home/kyleo/qmk_utils/gcc-arm-none-eabi/bin/../lib/gcc/arm-none-eabi/8.3.1/thumb/v6-m/nofp\libgcc.a(_aeabi_uldivmod.o)
                0x08000550                __aeabi_uldivmod
 .text          0x08000590       0x54 c:/msys64/home/kyleo/qmk_utils/gcc-arm-none-eabi/bin/../lib/gcc/arm-none-eabi/8.3.1/thumb/v6-m/nofp\libgcc.a(_muldi3.o)
                0x08000590                __muldi3
                0x08000590                __aeabi_lmul
 .text          0x080005e4      0x1a4 c:/msys64/home/kyleo/qmk_utils/gcc-arm-none-eabi/bin/../lib/gcc/arm-none-eabi/8.3.1/thumb/v6-m/nofp\libgcc.a(_udivmoddi4.o)
                0x080005e4                __udivmoddi4
 .text          0x08000788       0x18 c:/msys64/home/kyleo/qmk_utils/gcc-arm-none-eabi/bin/../lib/gcc/arm-none-eabi/8.3.1/thumb/v6-m/nofp\libgcc.a(_clzdi2.o)
                0x08000788                __clzdi2
 .text          0x080007a0       0x3c c:/msys64/home/kyleo/qmk_utils/gcc-arm-none-eabi/bin/../lib/gcc/arm-none-eabi/8.3.1/thumb/v6-m/nofp\libgcc.a(_clzsi2.o)
                0x080007a0                __clzsi2
 *(.text.*)
 .text.led_update_kb
                0x080007dc       0x3a .build/obj_projectkb_alice_Standard-1/keyboards/projectkb/alice/alice.o
                0x080007dc                led_update_kb
 .text.process_action_kb
                0x08000816        0x4 .build/obj_projectkb_alice_Standard-1/quantum/quantum.o
                0x08000816                process_action_kb
 .text.process_record_user
                0x0800081a        0x4 .build/obj_projectkb_alice_Standard-1/quantum/quantum.o
                0x0800081a                process_record_user
 .text.process_record_kb
                0x0800081e        0x8 .build/obj_projectkb_alice_Standard-1/quantum/quantum.o
                0x0800081e                process_record_kb
 .text.post_process_record_user
                0x08000826        0x2 .build/obj_projectkb_alice_Standard-1/quantum/quantum.o
                0x08000826                post_process_record_user
 .text.post_process_record_kb
                0x08000828        0x8 .build/obj_projectkb_alice_Standard-1/quantum/quantum.o
                0x08000828                post_process_record_kb
 .text.get_event_keycode
                0x08000830       0x44 .build/obj_projectkb_alice_Standard-1/quantum/quantum.o
                0x08000830                get_event_keycode
 .text.get_record_keycode
                0x08000874       0x14 .build/obj_projectkb_alice_Standard-1/quantum/quantum.o
                0x08000874                get_record_keycode
 .text.post_process_record_quantum
                0x08000888       0x10 .build/obj_projectkb_alice_Standard-1/quantum/quantum.o
                0x08000888                post_process_record_quantum
 .text.matrix_init_quantum
                0x08000898       0x1c .build/obj_projectkb_alice_Standard-1/quantum/quantum.o
                0x08000898                matrix_init_quantum
 .text.matrix_scan_quantum
                0x080008b4        0x8 .build/obj_projectkb_alice_Standard-1/quantum/quantum.o
                0x080008b4                matrix_scan_quantum
 .text.led_set_user
                0x080008bc        0x2 .build/obj_projectkb_alice_Standard-1/quantum/quantum.o
                0x080008bc                led_set_user
 .text.led_set_kb
                0x080008be        0x8 .build/obj_projectkb_alice_Standard-1/quantum/quantum.o
                0x080008be                led_set_kb
 .text.led_update_user
                0x080008c6        0x4 .build/obj_projectkb_alice_Standard-1/quantum/quantum.o
                0x080008c6                led_update_user
 .text.led_set  0x080008ca       0x10 .build/obj_projectkb_alice_Standard-1/quantum/quantum.o
                0x080008ca                led_set
 .text.shutdown_user
                0x080008da        0x2 .build/obj_projectkb_alice_Standard-1/quantum/quantum.o
                0x080008da                shutdown_user
 .text.reset_keyboard
                0x080008dc       0x1c .build/obj_projectkb_alice_Standard-1/quantum/quantum.o
                0x080008dc                reset_keyboard
 .text.process_record_quantum
                0x080008f8       0xb4 .build/obj_projectkb_alice_Standard-1/quantum/quantum.o
                0x080008f8                process_record_quantum
 .text.action_get_macro
                0x080009ac        0x4 .build/obj_projectkb_alice_Standard-1/quantum/keymap_common.o
                0x080009ac                action_get_macro
 .text.action_function
                0x080009b0        0x2 .build/obj_projectkb_alice_Standard-1/quantum/keymap_common.o
                0x080009b0                action_function
 *fill*         0x080009b2        0x2 
 .text.keymap_key_to_keycode
                0x080009b4       0x20 .build/obj_projectkb_alice_Standard-1/quantum/keymap_common.o
                0x080009b4                keymap_key_to_keycode
 .text.keymap_function_id_to_action
                0x080009d4        0xc .build/obj_projectkb_alice_Standard-1/quantum/keymap_common.o
                0x080009d4                keymap_function_id_to_action
 .text.action_for_key
                0x080009e0      0x1e8 .build/obj_projectkb_alice_Standard-1/quantum/keymap_common.o
                0x080009e0                action_for_key
 .text.keycode_config
                0x08000bc8       0xf8 .build/obj_projectkb_alice_Standard-1/quantum/keycode_config.o
                0x08000bc8                keycode_config
 .text.mod_config
                0x08000cc0       0xa8 .build/obj_projectkb_alice_Standard-1/quantum/keycode_config.o
                0x08000cc0                mod_config
 .text.matrix_init_user
                0x08000d68        0x2 .build/obj_projectkb_alice_Standard-1/quantum/matrix_common.o
                0x08000d68                matrix_init_user
 .text.matrix_init_kb
                0x08000d6a        0x8 .build/obj_projectkb_alice_Standard-1/quantum/matrix_common.o
                0x08000d6a                matrix_init_kb
 .text.matrix_scan_user
                0x08000d72        0x2 .build/obj_projectkb_alice_Standard-1/quantum/matrix_common.o
                0x08000d72                matrix_scan_user
 .text.matrix_scan_kb
                0x08000d74        0x8 .build/obj_projectkb_alice_Standard-1/quantum/matrix_common.o
                0x08000d74                matrix_scan_kb
 .text.matrix_get_row
                0x08000d7c        0xc .build/obj_projectkb_alice_Standard-1/quantum/matrix_common.o
                0x08000d7c                matrix_get_row
 .text.matrix_print
                0x08000d88       0x50 .build/obj_projectkb_alice_Standard-1/quantum/matrix_common.o
                0x08000d88                matrix_print
 .text.matrix_io_delay
                0x08000dd8        0xa .build/obj_projectkb_alice_Standard-1/quantum/matrix_common.o
                0x08000dd8                matrix_io_delay
 *fill*         0x08000de2        0x2 
 .text.matrix_init
                0x08000de4       0x78 .build/obj_projectkb_alice_Standard-1/quantum/matrix.o
                0x08000de4                matrix_init
 .text.matrix_scan
                0x08000e5c       0xb8 .build/obj_projectkb_alice_Standard-1/quantum/matrix.o
                0x08000e5c                matrix_scan
 .text.debounce_init
                0x08000f14        0x2 .build/obj_projectkb_alice_Standard-1/quantum/debounce/sym_g.o
                0x08000f14                debounce_init
 *fill*         0x08000f16        0x2 
 .text.debounce
                0x08000f18       0x4c .build/obj_projectkb_alice_Standard-1/quantum/debounce/sym_g.o
                0x08000f18                debounce
 .text.EEPROM_Init
                0x08000f64       0x10 .build/obj_projectkb_alice_Standard-1/common/chibios/eeprom_stm32.o
                0x08000f64                EEPROM_Init
 .text.EEPROM_Erase
                0x08000f74       0x2c .build/obj_projectkb_alice_Standard-1/common/chibios/eeprom_stm32.o
                0x08000f74                EEPROM_Erase
 .text.EEPROM_WriteDataByte
                0x08000fa0       0x8c .build/obj_projectkb_alice_Standard-1/common/chibios/eeprom_stm32.o
                0x08000fa0                EEPROM_WriteDataByte
 .text.eeprom_read_byte
                0x0800102c       0x14 .build/obj_projectkb_alice_Standard-1/common/chibios/eeprom_stm32.o
                0x0800102c                eeprom_read_byte
 .text.eeprom_update_byte
                0x08001040        0xa .build/obj_projectkb_alice_Standard-1/common/chibios/eeprom_stm32.o
                0x08001040                eeprom_update_byte
 *fill*         0x0800104a        0x2 
 .text.eeprom_read_word
                0x0800104c       0x20 .build/obj_projectkb_alice_Standard-1/common/chibios/eeprom_stm32.o
                0x0800104c                eeprom_read_word
 .text.eeprom_write_word
                0x0800106c       0x1a .build/obj_projectkb_alice_Standard-1/common/chibios/eeprom_stm32.o
                0x0800106c                eeprom_write_word
 .text.eeprom_update_word
                0x08001086        0x8 .build/obj_projectkb_alice_Standard-1/common/chibios/eeprom_stm32.o
                0x08001086                eeprom_update_word
 *fill*         0x0800108e        0x2 
 .text.eeprom_read_dword
                0x08001090       0x3c .build/obj_projectkb_alice_Standard-1/common/chibios/eeprom_stm32.o
                0x08001090                eeprom_read_dword
 .text.eeprom_update_dword
                0x080010cc       0x70 .build/obj_projectkb_alice_Standard-1/common/chibios/eeprom_stm32.o
                0x080010cc                eeprom_update_dword
 .text.FLASH_GetStatus
                0x0800113c       0x2c .build/obj_projectkb_alice_Standard-1/common/chibios/flash_stm32.o
                0x0800113c                FLASH_GetStatus
 .text.FLASH_WaitForLastOperation
                0x08001168       0x3a .build/obj_projectkb_alice_Standard-1/common/chibios/flash_stm32.o
                0x08001168                FLASH_WaitForLastOperation
 *fill*         0x080011a2        0x2 
 .text.FLASH_ErasePage
                0x080011a4       0x40 .build/obj_projectkb_alice_Standard-1/common/chibios/flash_stm32.o
                0x080011a4                FLASH_ErasePage
 .text.FLASH_ProgramHalfWord
                0x080011e4       0x48 .build/obj_projectkb_alice_Standard-1/common/chibios/flash_stm32.o
                0x080011e4                FLASH_ProgramHalfWord
 .text.FLASH_Unlock
                0x0800122c       0x18 .build/obj_projectkb_alice_Standard-1/common/chibios/flash_stm32.o
                0x0800122c                FLASH_Unlock
 .text.hsv_to_rgb
                0x08001244       0xb8 .build/obj_projectkb_alice_Standard-1/quantum/color.o
                0x08001244                hsv_to_rgb
 .text.rgblight_effect_dummy
                0x080012fc        0x2 .build/obj_projectkb_alice_Standard-1/quantum/rgblight.o
 .text.sethsv_raw
                0x080012fe       0x22 .build/obj_projectkb_alice_Standard-1/quantum/rgblight.o
                0x080012fe                sethsv_raw
 .text.rgblight_check_config
                0x08001320       0x24 .build/obj_projectkb_alice_Standard-1/quantum/rgblight.o
                0x08001320                rgblight_check_config
 .text.eeconfig_read_rgblight
                0x08001344        0xa .build/obj_projectkb_alice_Standard-1/quantum/rgblight.o
                0x08001344                eeconfig_read_rgblight
 .text.eeconfig_update_rgblight
                0x0800134e       0x12 .build/obj_projectkb_alice_Standard-1/quantum/rgblight.o
                0x0800134e                eeconfig_update_rgblight
 .text.eeconfig_update_rgblight_default
                0x08001360       0x1c .build/obj_projectkb_alice_Standard-1/quantum/rgblight.o
                0x08001360                eeconfig_update_rgblight_default
 .text.eeconfig_debug_rgblight
                0x0800137c       0x94 .build/obj_projectkb_alice_Standard-1/quantum/rgblight.o
                0x0800137c                eeconfig_debug_rgblight
 .text.rgblight_get_mode
                0x08001410       0x14 .build/obj_projectkb_alice_Standard-1/quantum/rgblight.o
                0x08001410                rgblight_get_mode
 .text.rgblight_increase_speed
                0x08001424       0x1c .build/obj_projectkb_alice_Standard-1/quantum/rgblight.o
                0x08001424                rgblight_increase_speed
 .text.rgblight_decrease_speed
                0x08001440       0x1c .build/obj_projectkb_alice_Standard-1/quantum/rgblight.o
                0x08001440                rgblight_decrease_speed
 .text.rgblight_set
                0x0800145c       0x5c .build/obj_projectkb_alice_Standard-1/quantum/rgblight.o
                0x0800145c                rgblight_set
 .text.rgblight_setrgb
                0x080014b8       0x44 .build/obj_projectkb_alice_Standard-1/quantum/rgblight.o
                0x080014b8                rgblight_setrgb
 .text.rgblight_sethsv_noeeprom_old
                0x080014fc       0x24 .build/obj_projectkb_alice_Standard-1/quantum/rgblight.o
                0x080014fc                rgblight_sethsv_noeeprom_old
 .text.rgblight_effect_breathing
                0x08001520       0x24 .build/obj_projectkb_alice_Standard-1/quantum/rgblight.o
                0x08001520                rgblight_effect_breathing
 .text.rgblight_effect_rainbow_mood
                0x08001544       0x1c .build/obj_projectkb_alice_Standard-1/quantum/rgblight.o
                0x08001544                rgblight_effect_rainbow_mood
 .text.rgblight_effect_rgbtest
                0x08001560       0x5c .build/obj_projectkb_alice_Standard-1/quantum/rgblight.o
                0x08001560                rgblight_effect_rgbtest
 .text.rgblight_sethsv_eeprom_helper
                0x080015bc      0x13c .build/obj_projectkb_alice_Standard-1/quantum/rgblight.o
                0x080015bc                rgblight_sethsv_eeprom_helper
 .text.rgblight_increase_hue_helper
                0x080016f8       0x1c .build/obj_projectkb_alice_Standard-1/quantum/rgblight.o
                0x080016f8                rgblight_increase_hue_helper
 .text.rgblight_increase_hue
                0x08001714        0xa .build/obj_projectkb_alice_Standard-1/quantum/rgblight.o
                0x08001714                rgblight_increase_hue
 *fill*         0x0800171e        0x2 
 .text.rgblight_decrease_hue_helper
                0x08001720       0x1c .build/obj_projectkb_alice_Standard-1/quantum/rgblight.o
                0x08001720                rgblight_decrease_hue_helper
 .text.rgblight_decrease_hue
                0x0800173c        0xa .build/obj_projectkb_alice_Standard-1/quantum/rgblight.o
                0x0800173c                rgblight_decrease_hue
 *fill*         0x08001746        0x2 
 .text.rgblight_increase_sat_helper
                0x08001748       0x24 .build/obj_projectkb_alice_Standard-1/quantum/rgblight.o
                0x08001748                rgblight_increase_sat_helper
 .text.rgblight_increase_sat
                0x0800176c        0xa .build/obj_projectkb_alice_Standard-1/quantum/rgblight.o
                0x0800176c                rgblight_increase_sat
 *fill*         0x08001776        0x2 
 .text.rgblight_decrease_sat_helper
                0x08001778       0x24 .build/obj_projectkb_alice_Standard-1/quantum/rgblight.o
                0x08001778                rgblight_decrease_sat_helper
 .text.rgblight_decrease_sat
                0x0800179c        0xa .build/obj_projectkb_alice_Standard-1/quantum/rgblight.o
                0x0800179c                rgblight_decrease_sat
 *fill*         0x080017a6        0x2 
 .text.rgblight_increase_val_helper
                0x080017a8       0x24 .build/obj_projectkb_alice_Standard-1/quantum/rgblight.o
                0x080017a8                rgblight_increase_val_helper
 .text.rgblight_increase_val
                0x080017cc        0xa .build/obj_projectkb_alice_Standard-1/quantum/rgblight.o
                0x080017cc                rgblight_increase_val
 *fill*         0x080017d6        0x2 
 .text.rgblight_decrease_val_helper
                0x080017d8       0x24 .build/obj_projectkb_alice_Standard-1/quantum/rgblight.o
                0x080017d8                rgblight_decrease_val_helper
 .text.rgblight_decrease_val
                0x080017fc        0xa .build/obj_projectkb_alice_Standard-1/quantum/rgblight.o
                0x080017fc                rgblight_decrease_val
 .text.rgblight_sethsv_noeeprom
                0x08001806        0xa .build/obj_projectkb_alice_Standard-1/quantum/rgblight.o
                0x08001806                rgblight_sethsv_noeeprom
 .text.rgblight_effect_rainbow_swirl
                0x08001810       0x6c .build/obj_projectkb_alice_Standard-1/quantum/rgblight.o
                0x08001810                rgblight_effect_rainbow_swirl
 .text.rgblight_effect_snake
                0x0800187c       0xc8 .build/obj_projectkb_alice_Standard-1/quantum/rgblight.o
                0x0800187c                rgblight_effect_snake
 .text.rgblight_effect_knight
                0x08001944       0xc4 .build/obj_projectkb_alice_Standard-1/quantum/rgblight.o
                0x08001944                rgblight_effect_knight
 .text.rgblight_effect_christmas
                0x08001a08       0x60 .build/obj_projectkb_alice_Standard-1/quantum/rgblight.o
                0x08001a08                rgblight_effect_christmas
 .text.rgblight_effect_alternating
                0x08001a68       0x68 .build/obj_projectkb_alice_Standard-1/quantum/rgblight.o
                0x08001a68                rgblight_effect_alternating
 .text.rgblight_timer_enable
                0x08001ad0       0x4c .build/obj_projectkb_alice_Standard-1/quantum/rgblight.o
                0x08001ad0                rgblight_timer_enable
 .text.rgblight_timer_disable
                0x08001b1c       0x24 .build/obj_projectkb_alice_Standard-1/quantum/rgblight.o
                0x08001b1c                rgblight_timer_disable
 .text.rgblight_mode_eeprom_helper
                0x08001b40       0x98 .build/obj_projectkb_alice_Standard-1/quantum/rgblight.o
                0x08001b40                rgblight_mode_eeprom_helper
 .text.rgblight_step_helper
                0x08001bd8       0x1c .build/obj_projectkb_alice_Standard-1/quantum/rgblight.o
                0x08001bd8                rgblight_step_helper
 .text.rgblight_step
                0x08001bf4        0xa .build/obj_projectkb_alice_Standard-1/quantum/rgblight.o
                0x08001bf4                rgblight_step
 *fill*         0x08001bfe        0x2 
 .text.rgblight_step_reverse_helper
                0x08001c00       0x20 .build/obj_projectkb_alice_Standard-1/quantum/rgblight.o
                0x08001c00                rgblight_step_reverse_helper
 .text.rgblight_step_reverse
                0x08001c20        0xa .build/obj_projectkb_alice_Standard-1/quantum/rgblight.o
                0x08001c20                rgblight_step_reverse
 .text.rgblight_mode
                0x08001c2a        0xa .build/obj_projectkb_alice_Standard-1/quantum/rgblight.o
                0x08001c2a                rgblight_mode
 .text.rgblight_enable
                0x08001c34       0x30 .build/obj_projectkb_alice_Standard-1/quantum/rgblight.o
                0x08001c34                rgblight_enable
 .text.rgblight_mode_noeeprom
                0x08001c64        0xa .build/obj_projectkb_alice_Standard-1/quantum/rgblight.o
                0x08001c64                rgblight_mode_noeeprom
 *fill*         0x08001c6e        0x2 
 .text.rgblight_init
                0x08001c70       0xac .build/obj_projectkb_alice_Standard-1/quantum/rgblight.o
                0x08001c70                rgblight_init
 .text.rgblight_disable
                0x08001d1c       0x44 .build/obj_projectkb_alice_Standard-1/quantum/rgblight.o
                0x08001d1c                rgblight_disable
 .text.rgblight_toggle
                0x08001d60       0x3c .build/obj_projectkb_alice_Standard-1/quantum/rgblight.o
                0x08001d60                rgblight_toggle
 .text.rgblight_task
                0x08001d9c       0xf8 .build/obj_projectkb_alice_Standard-1/quantum/rgblight.o
                0x08001d9c                rgblight_task
 .text.handleKeycodeRGB
                0x08001e94        0xe .build/obj_projectkb_alice_Standard-1/quantum/process_keycode/process_rgb.o
 .text.handleKeycodeRGBMode
                0x08001ea2       0x24 .build/obj_projectkb_alice_Standard-1/quantum/process_keycode/process_rgb.o
 *fill*         0x08001ec6        0x2 
 .text.process_rgb
                0x08001ec8       0xe8 .build/obj_projectkb_alice_Standard-1/quantum/process_keycode/process_rgb.o
                0x08001ec8                process_rgb
 .text.get_backlight_level
                0x08001fb0        0xc .build/obj_projectkb_alice_Standard-1/quantum/backlight/backlight.o
                0x08001fb0                get_backlight_level
 .text.backlight_enable_breathing
                0x08001fbc       0x34 .build/obj_projectkb_alice_Standard-1/quantum/backlight/backlight.o
                0x08001fbc                backlight_enable_breathing
 .text.backlight_disable_breathing
                0x08001ff0       0x34 .build/obj_projectkb_alice_Standard-1/quantum/backlight/backlight.o
                0x08001ff0                backlight_disable_breathing
 .text.backlight_toggle_breathing
                0x08002024       0x38 .build/obj_projectkb_alice_Standard-1/quantum/backlight/backlight.o
                0x08002024                backlight_toggle_breathing
 .text.is_backlight_breathing
                0x0800205c       0x10 .build/obj_projectkb_alice_Standard-1/quantum/backlight/backlight.o
                0x0800205c                is_backlight_breathing
 .text.get_breathing_period
                0x0800206c        0xc .build/obj_projectkb_alice_Standard-1/quantum/backlight/backlight.o
                0x0800206c                get_breathing_period
 .text.backlight_init
                0x08002078       0x38 .build/obj_projectkb_alice_Standard-1/quantum/backlight/backlight.o
                0x08002078                backlight_init
 .text.backlight_increase
                0x080020b0       0x50 .build/obj_projectkb_alice_Standard-1/quantum/backlight/backlight.o
                0x080020b0                backlight_increase
 .text.backlight_decrease
                0x08002100       0x54 .build/obj_projectkb_alice_Standard-1/quantum/backlight/backlight.o
                0x08002100                backlight_decrease
 .text.backlight_enable
                0x08002154       0x44 .build/obj_projectkb_alice_Standard-1/quantum/backlight/backlight.o
                0x08002154                backlight_enable
 .text.backlight_disable
                0x08002198       0x38 .build/obj_projectkb_alice_Standard-1/quantum/backlight/backlight.o
                0x08002198                backlight_disable
 .text.backlight_toggle
                0x080021d0       0x38 .build/obj_projectkb_alice_Standard-1/quantum/backlight/backlight.o
                0x080021d0                backlight_toggle
 .text.backlight_step
                0x08002208       0x64 .build/obj_projectkb_alice_Standard-1/quantum/backlight/backlight.o
                0x08002208                backlight_step
 .text.backlight_level_noeeprom
                0x0800226c       0x38 .build/obj_projectkb_alice_Standard-1/quantum/backlight/backlight.o
                0x0800226c                backlight_level_noeeprom
 .text.backlight_level
                0x080022a4       0x14 .build/obj_projectkb_alice_Standard-1/quantum/backlight/backlight.o
                0x080022a4                backlight_level
 .text.process_backlight
                0x080022b8       0x54 .build/obj_projectkb_alice_Standard-1/quantum/process_keycode/process_backlight.o
                0x080022b8                process_backlight
 .text.cie_lightness
                0x0800230c       0x44 .build/obj_projectkb_alice_Standard-1/quantum/backlight/backlight_chibios.o
 .text.backlight_set
                0x08002350       0x4c .build/obj_projectkb_alice_Standard-1/quantum/backlight/backlight_chibios.o
                0x08002350                backlight_set
 .text.backlight_task
                0x0800239c        0x2 .build/obj_projectkb_alice_Standard-1/quantum/backlight/backlight_chibios.o
                0x0800239c                backlight_task
 *fill*         0x0800239e        0x2 
 .text.breathing_interrupt_enable
                0x080023a0       0x48 .build/obj_projectkb_alice_Standard-1/quantum/backlight/backlight_chibios.o
                0x080023a0                breathing_interrupt_enable
 .text.breathing_interrupt_disable
                0x080023e8       0x1c .build/obj_projectkb_alice_Standard-1/quantum/backlight/backlight_chibios.o
                0x080023e8                breathing_interrupt_disable
 .text.breathing_callback
                0x08002404       0x90 .build/obj_projectkb_alice_Standard-1/quantum/backlight/backlight_chibios.o
 .text.breathing_enable
                0x08002494       0x1c .build/obj_projectkb_alice_Standard-1/quantum/backlight/backlight_chibios.o
                0x08002494                breathing_enable
 .text.backlight_init_ports
                0x080024b0       0x40 .build/obj_projectkb_alice_Standard-1/quantum/backlight/backlight_chibios.o
                0x080024b0                backlight_init_ports
 .text.breathing_disable
                0x080024f0       0x10 .build/obj_projectkb_alice_Standard-1/quantum/backlight/backlight_chibios.o
                0x080024f0                breathing_disable
 .text.get_protocol_eq
                0x08002500       0x2a .build/obj_projectkb_alice_Standard-1/ws2812_spi.o
 *fill*         0x0800252a        0x2 
 .text.ws2812_init
                0x0800252c       0x34 .build/obj_projectkb_alice_Standard-1/ws2812_spi.o
                0x0800252c                ws2812_init
 .text.ws2812_setleds
                0x08002560       0x9c .build/obj_projectkb_alice_Standard-1/ws2812_spi.o
                0x08002560                ws2812_setleds
 .text.perform_space_cadet
                0x080025fc       0xb4 .build/obj_projectkb_alice_Standard-1/quantum/process_keycode/process_space_cadet.o
                0x080025fc                perform_space_cadet
 .text.process_space_cadet
                0x080026b0       0x98 .build/obj_projectkb_alice_Standard-1/quantum/process_keycode/process_space_cadet.o
                0x080026b0                process_space_cadet
 .text.process_magic
                0x08002748      0x220 .build/obj_projectkb_alice_Standard-1/quantum/process_keycode/process_magic.o
                0x08002748                process_magic
 .text.process_grave_esc
                0x08002968       0x54 .build/obj_projectkb_alice_Standard-1/quantum/process_keycode/process_grave_esc.o
                0x08002968                process_grave_esc
 .text.host_set_driver
                0x080029bc        0xc .build/obj_projectkb_alice_Standard-1/common/host.o
                0x080029bc                host_set_driver
 .text.host_keyboard_leds
                0x080029c8       0x14 .build/obj_projectkb_alice_Standard-1/common/host.o
                0x080029c8                host_keyboard_leds
 .text.host_keyboard_send
                0x080029dc       0x80 .build/obj_projectkb_alice_Standard-1/common/host.o
                0x080029dc                host_keyboard_send
 .text.host_mouse_send
                0x08002a5c       0x18 .build/obj_projectkb_alice_Standard-1/common/host.o
                0x08002a5c                host_mouse_send
 .text.host_system_send
                0x08002a74       0x24 .build/obj_projectkb_alice_Standard-1/common/host.o
                0x08002a74                host_system_send
 .text.host_consumer_send
                0x08002a98       0x24 .build/obj_projectkb_alice_Standard-1/common/host.o
                0x08002a98                host_consumer_send
 .text.matrix_setup
                0x08002abc        0x2 .build/obj_projectkb_alice_Standard-1/common/keyboard.o
                0x08002abc                matrix_setup
 .text.keyboard_pre_init_user
                0x08002abe        0x2 .build/obj_projectkb_alice_Standard-1/common/keyboard.o
                0x08002abe                keyboard_pre_init_user
 .text.keyboard_pre_init_kb
                0x08002ac0        0x8 .build/obj_projectkb_alice_Standard-1/common/keyboard.o
                0x08002ac0                keyboard_pre_init_kb
 .text.keyboard_post_init_user
                0x08002ac8        0x2 .build/obj_projectkb_alice_Standard-1/common/keyboard.o
                0x08002ac8                keyboard_post_init_user
 .text.keyboard_post_init_kb
                0x08002aca        0x8 .build/obj_projectkb_alice_Standard-1/common/keyboard.o
                0x08002aca                keyboard_post_init_kb
 .text.keyboard_setup
                0x08002ad2        0xc .build/obj_projectkb_alice_Standard-1/common/keyboard.o
                0x08002ad2                keyboard_setup
 .text.is_keyboard_master
                0x08002ade        0x4 .build/obj_projectkb_alice_Standard-1/common/keyboard.o
                0x08002ade                is_keyboard_master
 .text.keyboard_init
                0x08002ae2       0x1c .build/obj_projectkb_alice_Standard-1/common/keyboard.o
                0x08002ae2                keyboard_init
 *fill*         0x08002afe        0x2 
 .text.keyboard_set_leds
                0x08002b00       0x4c .build/obj_projectkb_alice_Standard-1/common/keyboard.o
                0x08002b00                keyboard_set_leds
 .text.keyboard_task
                0x08002b4c       0xdc .build/obj_projectkb_alice_Standard-1/common/keyboard.o
                0x08002b4c                keyboard_task
 .text.action_exec
                0x08002c28       0x18 .build/obj_projectkb_alice_Standard-1/common/action.o
                0x08002c28                action_exec
 .text.process_record_tap_hint
                0x08002c40        0xa .build/obj_projectkb_alice_Standard-1/common/action.o
                0x08002c40                process_record_tap_hint
 *fill*         0x08002c4a        0x2 
 .text.register_code
                0x08002c4c      0x104 .build/obj_projectkb_alice_Standard-1/common/action.o
                0x08002c4c                register_code
 .text.unregister_code
                0x08002d50       0xb0 .build/obj_projectkb_alice_Standard-1/common/action.o
                0x08002d50                unregister_code
 .text.tap_code
                0x08002e00       0x1e .build/obj_projectkb_alice_Standard-1/common/action.o
                0x08002e00                tap_code
 .text.register_mods
                0x08002e1e       0x10 .build/obj_projectkb_alice_Standard-1/common/action.o
                0x08002e1e                register_mods
 .text.unregister_mods
                0x08002e2e       0x10 .build/obj_projectkb_alice_Standard-1/common/action.o
                0x08002e2e                unregister_mods
 *fill*         0x08002e3e        0x2 
 .text.process_action
                0x08002e40      0x3d8 .build/obj_projectkb_alice_Standard-1/common/action.o
                0x08002e40                process_action
 .text.process_record_handler
                0x08003218       0x20 .build/obj_projectkb_alice_Standard-1/common/action.o
                0x08003218                process_record_handler
 .text.process_record
                0x08003238       0x3c .build/obj_projectkb_alice_Standard-1/common/action.o
                0x08003238                process_record
 .text.clear_keyboard_but_mods_and_keys
                0x08003274       0x24 .build/obj_projectkb_alice_Standard-1/common/action.o
                0x08003274                clear_keyboard_but_mods_and_keys
 .text.clear_keyboard_but_mods
                0x08003298        0xc .build/obj_projectkb_alice_Standard-1/common/action.o
                0x08003298                clear_keyboard_but_mods
 .text.clear_keyboard
                0x080032a4        0xc .build/obj_projectkb_alice_Standard-1/common/action.o
                0x080032a4                clear_keyboard
 .text.is_tap_action
                0x080032b0       0x54 .build/obj_projectkb_alice_Standard-1/common/action.o
                0x080032b0                is_tap_action
 .text.is_tap_key
                0x08003304       0x12 .build/obj_projectkb_alice_Standard-1/common/action.o
                0x08003304                is_tap_key
 .text.debug_event
                0x08003316        0x6 .build/obj_projectkb_alice_Standard-1/common/action.o
                0x08003316                debug_event
 .text.debug_record
                0x0800331c        0x6 .build/obj_projectkb_alice_Standard-1/common/action.o
                0x0800331c                debug_record
 *fill*         0x08003322        0x2 
 .text.debug_waiting_buffer
                0x08003324       0x40 .build/obj_projectkb_alice_Standard-1/common/action_tapping.o
 .text.debug_tapping_key
                0x08003364       0x20 .build/obj_projectkb_alice_Standard-1/common/action_tapping.o
 .text.waiting_buffer_scan_tap
                0x08003384       0x98 .build/obj_projectkb_alice_Standard-1/common/action_tapping.o
 .text.process_tapping
                0x0800341c      0x3b8 .build/obj_projectkb_alice_Standard-1/common/action_tapping.o
 .text.action_tapping_process
                0x080037d4       0xe0 .build/obj_projectkb_alice_Standard-1/common/action_tapping.o
                0x080037d4                action_tapping_process
 .text.action_macro_play
                0x080038b4       0xaa .build/obj_projectkb_alice_Standard-1/common/action_macro.o
                0x080038b4                action_macro_play
 .text.default_layer_state_set_user
                0x0800395e        0x2 .build/obj_projectkb_alice_Standard-1/common/action_layer.o
                0x0800395e                default_layer_state_set_user
 .text.default_layer_state_set_kb
                0x08003960        0x8 .build/obj_projectkb_alice_Standard-1/common/action_layer.o
                0x08003960                default_layer_state_set_kb
 .text.default_layer_state_set
                0x08003968       0x14 .build/obj_projectkb_alice_Standard-1/common/action_layer.o
 .text.default_layer_debug
                0x0800397c        0x2 .build/obj_projectkb_alice_Standard-1/common/action_layer.o
                0x0800397c                default_layer_debug
 .text.default_layer_set
                0x0800397e        0x8 .build/obj_projectkb_alice_Standard-1/common/action_layer.o
                0x0800397e                default_layer_set
 *fill*         0x08003986        0x2 
 .text.default_layer_or
                0x08003988       0x14 .build/obj_projectkb_alice_Standard-1/common/action_layer.o
                0x08003988                default_layer_or
 .text.default_layer_and
                0x0800399c       0x14 .build/obj_projectkb_alice_Standard-1/common/action_layer.o
                0x0800399c                default_layer_and
 .text.default_layer_xor
                0x080039b0       0x14 .build/obj_projectkb_alice_Standard-1/common/action_layer.o
                0x080039b0                default_layer_xor
 .text.layer_state_set_user
                0x080039c4        0x2 .build/obj_projectkb_alice_Standard-1/common/action_layer.o
                0x080039c4                layer_state_set_user
 .text.layer_state_set_kb
                0x080039c6        0x8 .build/obj_projectkb_alice_Standard-1/common/action_layer.o
                0x080039c6                layer_state_set_kb
 *fill*         0x080039ce        0x2 
 .text.layer_state_set
                0x080039d0       0x14 .build/obj_projectkb_alice_Standard-1/common/action_layer.o
                0x080039d0                layer_state_set
 .text.layer_clear
                0x080039e4        0xa .build/obj_projectkb_alice_Standard-1/common/action_layer.o
                0x080039e4                layer_clear
 .text.layer_move
                0x080039ee        0xe .build/obj_projectkb_alice_Standard-1/common/action_layer.o
                0x080039ee                layer_move
 .text.layer_on
                0x080039fc       0x18 .build/obj_projectkb_alice_Standard-1/common/action_layer.o
                0x080039fc                layer_on
 .text.layer_off
                0x08003a14       0x18 .build/obj_projectkb_alice_Standard-1/common/action_layer.o
                0x08003a14                layer_off
 .text.layer_invert
                0x08003a2c       0x18 .build/obj_projectkb_alice_Standard-1/common/action_layer.o
                0x08003a2c                layer_invert
 .text.layer_or
                0x08003a44       0x14 .build/obj_projectkb_alice_Standard-1/common/action_layer.o
                0x08003a44                layer_or
 .text.layer_and
                0x08003a58       0x14 .build/obj_projectkb_alice_Standard-1/common/action_layer.o
                0x08003a58                layer_and
 .text.layer_xor
                0x08003a6c       0x14 .build/obj_projectkb_alice_Standard-1/common/action_layer.o
                0x08003a6c                layer_xor
 .text.layer_debug
                0x08003a80        0x2 .build/obj_projectkb_alice_Standard-1/common/action_layer.o
                0x08003a80                layer_debug
 *fill*         0x08003a82        0x2 
 .text.update_source_layers_cache
                0x08003a84       0x4c .build/obj_projectkb_alice_Standard-1/common/action_layer.o
                0x08003a84                update_source_layers_cache
 .text.read_source_layers_cache
                0x08003ad0       0x40 .build/obj_projectkb_alice_Standard-1/common/action_layer.o
                0x08003ad0                read_source_layers_cache
 .text.layer_switch_get_layer
                0x08003b10       0x44 .build/obj_projectkb_alice_Standard-1/common/action_layer.o
                0x08003b10                layer_switch_get_layer
 .text.layer_switch_get_action
                0x08003b54       0x14 .build/obj_projectkb_alice_Standard-1/common/action_layer.o
                0x08003b54                layer_switch_get_action
 .text.store_or_get_action
                0x08003b68       0x44 .build/obj_projectkb_alice_Standard-1/common/action_layer.o
                0x08003b68                store_or_get_action
 .text.add_key  0x08003bac       0x14 .build/obj_projectkb_alice_Standard-1/common/action_util.o
                0x08003bac                add_key
 .text.del_key  0x08003bc0       0x14 .build/obj_projectkb_alice_Standard-1/common/action_util.o
                0x08003bc0                del_key
 .text.clear_keys
                0x08003bd4       0x10 .build/obj_projectkb_alice_Standard-1/common/action_util.o
                0x08003bd4                clear_keys
 .text.get_oneshot_layer
                0x08003be4       0x10 .build/obj_projectkb_alice_Standard-1/common/action_util.o
                0x08003be4                get_oneshot_layer
 .text.get_oneshot_layer_state
                0x08003bf4       0x10 .build/obj_projectkb_alice_Standard-1/common/action_util.o
                0x08003bf4                get_oneshot_layer_state
 .text.is_oneshot_layer_active
                0x08003c04       0x14 .build/obj_projectkb_alice_Standard-1/common/action_util.o
                0x08003c04                is_oneshot_layer_active
 .text.get_mods
                0x08003c18        0xc .build/obj_projectkb_alice_Standard-1/common/action_util.o
                0x08003c18                get_mods
 .text.add_mods
                0x08003c24       0x10 .build/obj_projectkb_alice_Standard-1/common/action_util.o
                0x08003c24                add_mods
 .text.del_mods
                0x08003c34       0x10 .build/obj_projectkb_alice_Standard-1/common/action_util.o
                0x08003c34                del_mods
 .text.clear_mods
                0x08003c44        0xc .build/obj_projectkb_alice_Standard-1/common/action_util.o
                0x08003c44                clear_mods
 .text.add_weak_mods
                0x08003c50       0x10 .build/obj_projectkb_alice_Standard-1/common/action_util.o
                0x08003c50                add_weak_mods
 .text.del_weak_mods
                0x08003c60       0x10 .build/obj_projectkb_alice_Standard-1/common/action_util.o
                0x08003c60                del_weak_mods
 .text.clear_weak_mods
                0x08003c70        0xc .build/obj_projectkb_alice_Standard-1/common/action_util.o
                0x08003c70                clear_weak_mods
 .text.add_macro_mods
                0x08003c7c       0x10 .build/obj_projectkb_alice_Standard-1/common/action_util.o
                0x08003c7c                add_macro_mods
 .text.del_macro_mods
                0x08003c8c       0x10 .build/obj_projectkb_alice_Standard-1/common/action_util.o
                0x08003c8c                del_macro_mods
 .text.clear_macro_mods
                0x08003c9c        0xc .build/obj_projectkb_alice_Standard-1/common/action_util.o
                0x08003c9c                clear_macro_mods
 .text.get_oneshot_mods
                0x08003ca8        0xc .build/obj_projectkb_alice_Standard-1/common/action_util.o
                0x08003ca8                get_oneshot_mods
 .text.oneshot_mods_changed_user
                0x08003cb4        0x2 .build/obj_projectkb_alice_Standard-1/common/action_util.o
                0x08003cb4                oneshot_mods_changed_user
 .text.oneshot_mods_changed_kb
                0x08003cb6        0x8 .build/obj_projectkb_alice_Standard-1/common/action_util.o
                0x08003cb6                oneshot_mods_changed_kb
 *fill*         0x08003cbe        0x2 
 .text.set_oneshot_mods
                0x08003cc0       0x18 .build/obj_projectkb_alice_Standard-1/common/action_util.o
                0x08003cc0                set_oneshot_mods
 .text.clear_oneshot_mods
                0x08003cd8       0x18 .build/obj_projectkb_alice_Standard-1/common/action_util.o
                0x08003cd8                clear_oneshot_mods
 .text.send_keyboard_report
                0x08003cf0       0x4c .build/obj_projectkb_alice_Standard-1/common/action_util.o
                0x08003cf0                send_keyboard_report
 .text.oneshot_layer_changed_user
                0x08003d3c        0x2 .build/obj_projectkb_alice_Standard-1/common/action_util.o
                0x08003d3c                oneshot_layer_changed_user
 .text.oneshot_layer_changed_kb
                0x08003d3e        0x8 .build/obj_projectkb_alice_Standard-1/common/action_util.o
                0x08003d3e                oneshot_layer_changed_kb
 *fill*         0x08003d46        0x2 
 .text.set_oneshot_layer
                0x08003d48       0x20 .build/obj_projectkb_alice_Standard-1/common/action_util.o
                0x08003d48                set_oneshot_layer
 .text.reset_oneshot_layer
                0x08003d68       0x14 .build/obj_projectkb_alice_Standard-1/common/action_util.o
                0x08003d68                reset_oneshot_layer
 .text.clear_oneshot_layer_state
                0x08003d7c       0x2c .build/obj_projectkb_alice_Standard-1/common/action_util.o
                0x08003d7c                clear_oneshot_layer_state
 .text.bitrev   0x08003da8       0x26 .build/obj_projectkb_alice_Standard-1/common/util.o
                0x08003da8                bitrev
 .text.bitrev16
                0x08003dce       0x1a .build/obj_projectkb_alice_Standard-1/common/util.o
                0x08003dce                bitrev16
 .text.eeconfig_disable
                0x08003de8       0x14 .build/obj_projectkb_alice_Standard-1/common/eeconfig.o
                0x08003de8                eeconfig_disable
 .text.eeconfig_is_enabled
                0x08003dfc       0x18 .build/obj_projectkb_alice_Standard-1/common/eeconfig.o
                0x08003dfc                eeconfig_is_enabled
 .text.eeconfig_read_debug
                0x08003e14        0xa .build/obj_projectkb_alice_Standard-1/common/eeconfig.o
                0x08003e14                eeconfig_read_debug
 .text.eeconfig_read_default_layer
                0x08003e1e        0xa .build/obj_projectkb_alice_Standard-1/common/eeconfig.o
                0x08003e1e                eeconfig_read_default_layer
 .text.eeconfig_read_keymap
                0x08003e28       0x18 .build/obj_projectkb_alice_Standard-1/common/eeconfig.o
                0x08003e28                eeconfig_read_keymap
 .text.eeconfig_update_keymap
                0x08003e40       0x16 .build/obj_projectkb_alice_Standard-1/common/eeconfig.o
                0x08003e40                eeconfig_update_keymap
 .text.eeconfig_read_backlight
                0x08003e56        0xa .build/obj_projectkb_alice_Standard-1/common/eeconfig.o
                0x08003e56                eeconfig_read_backlight
 .text.eeconfig_update_backlight
                0x08003e60        0xc .build/obj_projectkb_alice_Standard-1/common/eeconfig.o
                0x08003e60                eeconfig_update_backlight
 .text.eeconfig_update_kb
                0x08003e6c        0xc .build/obj_projectkb_alice_Standard-1/common/eeconfig.o
                0x08003e6c                eeconfig_update_kb
 .text.eeconfig_update_user
                0x08003e78        0xc .build/obj_projectkb_alice_Standard-1/common/eeconfig.o
                0x08003e78                eeconfig_update_user
 .text.eeconfig_init_user
                0x08003e84        0xa .build/obj_projectkb_alice_Standard-1/common/eeconfig.o
                0x08003e84                eeconfig_init_user
 .text.eeconfig_init_kb
                0x08003e8e        0xe .build/obj_projectkb_alice_Standard-1/common/eeconfig.o
                0x08003e8e                eeconfig_init_kb
 .text.eeconfig_init_quantum
                0x08003e9c       0x8c .build/obj_projectkb_alice_Standard-1/common/eeconfig.o
                0x08003e9c                eeconfig_init_quantum
 .text.eeconfig_init
                0x08003f28        0x8 .build/obj_projectkb_alice_Standard-1/common/eeconfig.o
                0x08003f28                eeconfig_init
 .text.eeconfig_update_handedness
                0x08003f30        0xc .build/obj_projectkb_alice_Standard-1/common/eeconfig.o
                0x08003f30                eeconfig_update_handedness
 .text.has_anykey
                0x08003f3c       0x38 .build/obj_projectkb_alice_Standard-1/common/report.o
                0x08003f3c                has_anykey
 .text.is_key_pressed
                0x08003f74       0x58 .build/obj_projectkb_alice_Standard-1/common/report.o
                0x08003f74                is_key_pressed
 .text.add_key_byte
                0x08003fcc       0x2c .build/obj_projectkb_alice_Standard-1/common/report.o
                0x08003fcc                add_key_byte
 .text.del_key_byte
                0x08003ff8       0x18 .build/obj_projectkb_alice_Standard-1/common/report.o
                0x08003ff8                del_key_byte
 .text.add_key_bit
                0x08004010       0x34 .build/obj_projectkb_alice_Standard-1/common/report.o
                0x08004010                add_key_bit
 .text.del_key_bit
                0x08004044       0x34 .build/obj_projectkb_alice_Standard-1/common/report.o
                0x08004044                del_key_bit
 .text.add_key_to_report
                0x08004078       0x28 .build/obj_projectkb_alice_Standard-1/common/report.o
                0x08004078                add_key_to_report
 .text.del_key_from_report
                0x080040a0       0x28 .build/obj_projectkb_alice_Standard-1/common/report.o
                0x080040a0                del_key_from_report
 .text.clear_keys_from_report
                0x080040c8       0x28 .build/obj_projectkb_alice_Standard-1/common/report.o
                0x080040c8                clear_keys_from_report
 .text.suspend_power_down_user
                0x080040f0        0x2 .build/obj_projectkb_alice_Standard-1/common/chibios/suspend.o
                0x080040f0                suspend_power_down_user
 .text.suspend_power_down_kb
                0x080040f2        0x8 .build/obj_projectkb_alice_Standard-1/common/chibios/suspend.o
                0x080040f2                suspend_power_down_kb
 .text.suspend_power_down
                0x080040fa        0xe .build/obj_projectkb_alice_Standard-1/common/chibios/suspend.o
                0x080040fa                suspend_power_down
 .text.matrix_power_up
                0x08004108        0x2 .build/obj_projectkb_alice_Standard-1/common/chibios/suspend.o
                0x08004108                matrix_power_up
 .text.matrix_power_down
                0x0800410a        0x2 .build/obj_projectkb_alice_Standard-1/common/chibios/suspend.o
                0x0800410a                matrix_power_down
 .text.suspend_wakeup_condition
                0x0800410c       0x28 .build/obj_projectkb_alice_Standard-1/common/chibios/suspend.o
                0x0800410c                suspend_wakeup_condition
 .text.suspend_wakeup_init_user
                0x08004134        0x2 .build/obj_projectkb_alice_Standard-1/common/chibios/suspend.o
                0x08004134                suspend_wakeup_init_user
 .text.suspend_wakeup_init_kb
                0x08004136        0x8 .build/obj_projectkb_alice_Standard-1/common/chibios/suspend.o
                0x08004136                suspend_wakeup_init_kb
 .text.suspend_wakeup_init
                0x0800413e       0x28 .build/obj_projectkb_alice_Standard-1/common/chibios/suspend.o
                0x0800413e                suspend_wakeup_init
 *fill*         0x08004166        0x2 
 .text.timer_clear
                0x08004168       0x14 .build/obj_projectkb_alice_Standard-1/common/chibios/timer.o
                0x08004168                timer_clear
 .text.timer_init
                0x0800417c        0x8 .build/obj_projectkb_alice_Standard-1/common/chibios/timer.o
                0x0800417c                timer_init
 .text.timer_read32
                0x08004184       0x3c .build/obj_projectkb_alice_Standard-1/common/chibios/timer.o
                0x08004184                timer_read32
 .text.timer_read
                0x080041c0        0xa .build/obj_projectkb_alice_Standard-1/common/chibios/timer.o
                0x080041c0                timer_read
 .text.timer_elapsed
                0x080041ca        0xe .build/obj_projectkb_alice_Standard-1/common/chibios/timer.o
                0x080041ca                timer_elapsed
 .text.bootloader_jump
                0x080041d8       0x28 .build/obj_projectkb_alice_Standard-1/common/chibios/bootloader.o
                0x080041d8                bootloader_jump
 .text.enter_bootloader_mode_if_requested
                0x08004200       0x3c .build/obj_projectkb_alice_Standard-1/common/chibios/bootloader.o
                0x08004200                enter_bootloader_mode_if_requested
 .text.uli2a    0x0800423c       0x74 .build/obj_projectkb_alice_Standard-1/common/chibios/printf.o
 .text.ui2a     0x080042b0       0x74 .build/obj_projectkb_alice_Standard-1/common/chibios/printf.o
 .text.putchw   0x08004324       0x48 .build/obj_projectkb_alice_Standard-1/common/chibios/printf.o
 .text.tfp_format
                0x0800436c      0x176 .build/obj_projectkb_alice_Standard-1/common/chibios/printf.o
                0x0800436c                tfp_format
 *fill*         0x080044e2        0x2 
 .text.init_printf
                0x080044e4       0x14 .build/obj_projectkb_alice_Standard-1/common/chibios/printf.o
                0x080044e4                init_printf
 .text.tfp_printf
                0x080044f8       0x28 .build/obj_projectkb_alice_Standard-1/common/chibios/printf.o
                0x080044f8                tfp_printf
 .text.bootmagic_lite_reset_eeprom
                0x08004520        0x8 .build/obj_projectkb_alice_Standard-1/common/bootmagic_lite.o
                0x08004520                bootmagic_lite_reset_eeprom
 .text.bootmagic_lite
                0x08004528       0x24 .build/obj_projectkb_alice_Standard-1/common/bootmagic_lite.o
                0x08004528                bootmagic_lite
 .text.magic    0x0800454c       0x30 .build/obj_projectkb_alice_Standard-1/common/magic.o
                0x0800454c                magic
 .text.move_unit
                0x0800457c       0x74 .build/obj_projectkb_alice_Standard-1/common/mousekey.o
 .text.wheel_unit
                0x080045f0       0x68 .build/obj_projectkb_alice_Standard-1/common/mousekey.o
 .text.mousekey_on
                0x08004658       0xdc .build/obj_projectkb_alice_Standard-1/common/mousekey.o
                0x08004658                mousekey_on
 .text.mousekey_off
                0x08004734       0xf4 .build/obj_projectkb_alice_Standard-1/common/mousekey.o
                0x08004734                mousekey_off
 .text.mousekey_send
                0x08004828       0xd0 .build/obj_projectkb_alice_Standard-1/common/mousekey.o
                0x08004828                mousekey_send
 .text.mousekey_task
                0x080048f8      0x1d4 .build/obj_projectkb_alice_Standard-1/common/mousekey.o
                0x080048f8                mousekey_task
 .text.mousekey_clear
                0x08004acc       0x24 .build/obj_projectkb_alice_Standard-1/common/mousekey.o
                0x08004acc                mousekey_clear
 .text.mousekey_console_help
                0x08004af0       0x1c .build/obj_projectkb_alice_Standard-1/common/command.o
 .text.mousekey_param_inc
                0x08004b0c       0xc0 .build/obj_projectkb_alice_Standard-1/common/command.o
 .text.mousekey_param_dec
                0x08004bcc       0xc0 .build/obj_projectkb_alice_Standard-1/common/command.o
 .text.switch_default_layer
                0x08004c8c       0x20 .build/obj_projectkb_alice_Standard-1/common/command.o
 .text.command_common
                0x08004cac      0x4e8 .build/obj_projectkb_alice_Standard-1/common/command.o
 .text.command_extra
                0x08005194        0x4 .build/obj_projectkb_alice_Standard-1/common/command.o
                0x08005194                command_extra
 .text.command_console_extra
                0x08005198        0x4 .build/obj_projectkb_alice_Standard-1/common/command.o
                0x08005198                command_console_extra
 .text.numkey2num
                0x0800519c       0x14 .build/obj_projectkb_alice_Standard-1/common/command.o
                0x0800519c                numkey2num
 .text.command_proc
                0x080051b0      0x25c .build/obj_projectkb_alice_Standard-1/common/command.o
                0x080051b0                command_proc
 .text.Vector8C
                0x0800540c       0x4c .build/obj_projectkb_alice_Standard-1/common/chibios/sleep_led.o
                0x0800540c                Vector8C
 .text.sleep_led_init
                0x08005458       0x4c .build/obj_projectkb_alice_Standard-1/common/chibios/sleep_led.o
                0x08005458                sleep_led_init
 .text.sleep_led_enable
                0x080054a4        0xc .build/obj_projectkb_alice_Standard-1/common/chibios/sleep_led.o
                0x080054a4                sleep_led_enable
 .text.sleep_led_disable
                0x080054b0        0xc .build/obj_projectkb_alice_Standard-1/common/chibios/sleep_led.o
                0x080054b0                sleep_led_disable
 .text.sleep_led_toggle
                0x080054bc       0x10 .build/obj_projectkb_alice_Standard-1/common/chibios/sleep_led.o
                0x080054bc                sleep_led_toggle
 .text.kbd_in_cb
                0x080054cc        0x2 .build/obj_projectkb_alice_Standard-1/protocol/chibios/usb_main.o
                0x080054cc                kbd_in_cb
 *fill*         0x080054ce        0x2 
 .text.usb_get_descriptor_cb
                0x080054d0       0x2c .build/obj_projectkb_alice_Standard-1/protocol/chibios/usb_main.o
 .text.set_led_transfer_cb
                0x080054fc       0x2c .build/obj_projectkb_alice_Standard-1/protocol/chibios/usb_main.o
 .text.usb_event_cb
                0x08005528       0xa8 .build/obj_projectkb_alice_Standard-1/protocol/chibios/usb_main.o
 .text.usb_sof_cb
                0x080055d0       0x14 .build/obj_projectkb_alice_Standard-1/protocol/chibios/usb_main.o
 .text.chVTSetI.constprop.8
                0x080055e4       0x2c .build/obj_projectkb_alice_Standard-1/protocol/chibios/usb_main.o
 .text.keyboard_idle_timer_cb
                0x08005610       0x78 .build/obj_projectkb_alice_Standard-1/protocol/chibios/usb_main.o
 .text.usb_request_hook_cb
                0x08005688      0x18c .build/obj_projectkb_alice_Standard-1/protocol/chibios/usb_main.o
 .text.shared_in_cb
                0x08005814        0x2 .build/obj_projectkb_alice_Standard-1/protocol/chibios/usb_main.o
                0x08005814                shared_in_cb
 *fill*         0x08005816        0x2 
 .text.init_usb_driver
                0x08005818       0x80 .build/obj_projectkb_alice_Standard-1/protocol/chibios/usb_main.o
                0x08005818                init_usb_driver
 .text.keyboard_leds
                0x08005898        0xc .build/obj_projectkb_alice_Standard-1/protocol/chibios/usb_main.o
                0x08005898                keyboard_leds
 .text.send_keyboard
                0x080058a4       0x88 .build/obj_projectkb_alice_Standard-1/protocol/chibios/usb_main.o
                0x080058a4                send_keyboard
 .text.send_mouse
                0x0800592c       0x3c .build/obj_projectkb_alice_Standard-1/protocol/chibios/usb_main.o
                0x0800592c                send_mouse
 .text.send_system
                0x08005968       0x2c .build/obj_projectkb_alice_Standard-1/protocol/chibios/usb_main.o
                0x08005968                send_system
 .text.send_consumer
                0x08005994       0x2c .build/obj_projectkb_alice_Standard-1/protocol/chibios/usb_main.o
                0x08005994                send_consumer
 .text.sendchar
                0x080059c0       0x1c .build/obj_projectkb_alice_Standard-1/protocol/chibios/usb_main.o
                0x080059c0                sendchar
 .text.console_task
                0x080059dc       0x1c .build/obj_projectkb_alice_Standard-1/protocol/chibios/usb_main.o
                0x080059dc                console_task
 .text.sendchar_pf
                0x080059f8        0xa .build/obj_projectkb_alice_Standard-1/protocol/chibios/usb_main.o
                0x080059f8                sendchar_pf
 *fill*         0x08005a02        0x2 
 .text.startup.main
                0x08005a04       0x94 .build/obj_projectkb_alice_Standard-1/protocol/chibios/main.o
                0x08005a04                main
 .text.get_usb_descriptor
                0x08005a98       0x78 .build/obj_projectkb_alice_Standard-1/usb_descriptor.o
                0x08005a98                get_usb_descriptor
 .text.obnotify
                0x08005b10       0x3c .build/obj_projectkb_alice_Standard-1/protocol/chibios/usb_driver.o
 .text._readt   0x08005b4c        0xa .build/obj_projectkb_alice_Standard-1/protocol/chibios/usb_driver.o
 .text._read    0x08005b56        0xe .build/obj_projectkb_alice_Standard-1/protocol/chibios/usb_driver.o
 .text._writet  0x08005b64        0xa .build/obj_projectkb_alice_Standard-1/protocol/chibios/usb_driver.o
 .text._write   0x08005b6e        0xe .build/obj_projectkb_alice_Standard-1/protocol/chibios/usb_driver.o
 .text._gett    0x08005b7c        0xa .build/obj_projectkb_alice_Standard-1/protocol/chibios/usb_driver.o
 .text._get     0x08005b86        0xe .build/obj_projectkb_alice_Standard-1/protocol/chibios/usb_driver.o
 .text._putt    0x08005b94        0xa .build/obj_projectkb_alice_Standard-1/protocol/chibios/usb_driver.o
 .text._put     0x08005b9e        0xe .build/obj_projectkb_alice_Standard-1/protocol/chibios/usb_driver.o
 .text.qmkusb_start_receive
                0x08005bac       0x42 .build/obj_projectkb_alice_Standard-1/protocol/chibios/usb_driver.o
 .text.ibnotify
                0x08005bee        0xa .build/obj_projectkb_alice_Standard-1/protocol/chibios/usb_driver.o
 .text.qmkusbObjectInit
                0x08005bf8       0x50 .build/obj_projectkb_alice_Standard-1/protocol/chibios/usb_driver.o
                0x08005bf8                qmkusbObjectInit
 .text.qmkusbStart
                0x08005c48       0x2e .build/obj_projectkb_alice_Standard-1/protocol/chibios/usb_driver.o
                0x08005c48                qmkusbStart
 .text.qmkusbSuspendHookI
                0x08005c76       0x30 .build/obj_projectkb_alice_Standard-1/protocol/chibios/usb_driver.o
                0x08005c76                qmkusbSuspendHookI
 .text.qmkusbWakeupHookI
                0x08005ca6       0x16 .build/obj_projectkb_alice_Standard-1/protocol/chibios/usb_driver.o
                0x08005ca6                qmkusbWakeupHookI
 .text.qmkusbConfigureHookI
                0x08005cbc       0x2c .build/obj_projectkb_alice_Standard-1/protocol/chibios/usb_driver.o
                0x08005cbc                qmkusbConfigureHookI
 .text.qmkusbRequestsHook
                0x08005ce8       0x40 .build/obj_projectkb_alice_Standard-1/protocol/chibios/usb_driver.o
                0x08005ce8                qmkusbRequestsHook
 .text.qmkusbSOFHookI
                0x08005d28       0x64 .build/obj_projectkb_alice_Standard-1/protocol/chibios/usb_driver.o
                0x08005d28                qmkusbSOFHookI
 .text.qmkusbDataTransmitted
                0x08005d8c       0x74 .build/obj_projectkb_alice_Standard-1/protocol/chibios/usb_driver.o
                0x08005d8c                qmkusbDataTransmitted
 .text.qmkusbDataReceived
                0x08005e00       0x3a .build/obj_projectkb_alice_Standard-1/protocol/chibios/usb_driver.o
                0x08005e00                qmkusbDataReceived
 .text.qmkusbInterruptTransmitted
                0x08005e3a        0x2 .build/obj_projectkb_alice_Standard-1/protocol/chibios/usb_driver.o
                0x08005e3a                qmkusbInterruptTransmitted
 .text._core_init
                0x08005e3c       0x18 .build/obj_projectkb_alice_Standard-1/./lib/chibios/os/oslib/src/chmemcore.o
                0x08005e3c                _core_init
 .text.__core_init
                0x08005e54        0x2 .build/obj_projectkb_alice/lib/chibios/os/common/startup/ARMCMx/compilers/GCC/crt1.o
                0x08005e54                __core_init
 .text.__late_init
                0x08005e56        0x2 .build/obj_projectkb_alice/lib/chibios/os/common/startup/ARMCMx/compilers/GCC/crt1.o
                0x08005e56                __late_init
 .text.__default_exit
                0x08005e58        0x2 .build/obj_projectkb_alice/lib/chibios/os/common/startup/ARMCMx/compilers/GCC/crt1.o
                0x08005e58                __default_exit
 *fill*         0x08005e5a        0x2 
 .text.__init_ram_areas
                0x08005e5c       0x30 .build/obj_projectkb_alice/lib/chibios/os/common/startup/ARMCMx/compilers/GCC/crt1.o
                0x08005e5c                __init_ram_areas
 .text._idle_thread
                0x08005e8c        0x4 .build/obj_projectkb_alice/lib/chibios/os/rt/src/chsys.o
 .text.chSysInit
                0x08005e90       0x4c .build/obj_projectkb_alice/lib/chibios/os/rt/src/chsys.o
                0x08005e90                chSysInit
 .text.chSysHalt
                0x08005edc        0xc .build/obj_projectkb_alice/lib/chibios/os/rt/src/chsys.o
                0x08005edc                chSysHalt
 .text.chSysTimerHandlerI
                0x08005ee8       0x74 .build/obj_projectkb_alice/lib/chibios/os/rt/src/chsys.o
                0x08005ee8                chSysTimerHandlerI
 .text._vt_init
                0x08005f5c       0x1c .build/obj_projectkb_alice/lib/chibios/os/rt/src/chvt.o
                0x08005f5c                _vt_init
 .text.chVTDoSetI
                0x08005f78       0x78 .build/obj_projectkb_alice/lib/chibios/os/rt/src/chvt.o
                0x08005f78                chVTDoSetI
 .text.chVTDoResetI
                0x08005ff0       0x6c .build/obj_projectkb_alice/lib/chibios/os/rt/src/chvt.o
                0x08005ff0                chVTDoResetI
 .text._scheduler_init
                0x0800605c       0x14 .build/obj_projectkb_alice/lib/chibios/os/rt/src/chschd.o
                0x0800605c                _scheduler_init
 .text.queue_prio_insert
                0x08006070       0x1e .build/obj_projectkb_alice/lib/chibios/os/rt/src/chschd.o
                0x08006070                queue_prio_insert
 .text.queue_insert
                0x0800608e        0xc .build/obj_projectkb_alice/lib/chibios/os/rt/src/chschd.o
                0x0800608e                queue_insert
 .text.queue_fifo_remove
                0x0800609a        0xc .build/obj_projectkb_alice/lib/chibios/os/rt/src/chschd.o
                0x0800609a                queue_fifo_remove
 .text.queue_dequeue
                0x080060a6        0xa .build/obj_projectkb_alice/lib/chibios/os/rt/src/chschd.o
                0x080060a6                queue_dequeue
 .text.list_remove
                0x080060b0        0xa .build/obj_projectkb_alice/lib/chibios/os/rt/src/chschd.o
                0x080060b0                list_remove
 *fill*         0x080060ba        0x2 
 .text.chSchReadyI
                0x080060bc       0x20 .build/obj_projectkb_alice/lib/chibios/os/rt/src/chschd.o
                0x080060bc                chSchReadyI
 .text.wakeup   0x080060dc       0x3c .build/obj_projectkb_alice/lib/chibios/os/rt/src/chschd.o
 .text.chSchReadyAheadI
                0x08006118       0x20 .build/obj_projectkb_alice/lib/chibios/os/rt/src/chschd.o
                0x08006118                chSchReadyAheadI
 .text.chSchGoSleepS
                0x08006138       0x20 .build/obj_projectkb_alice/lib/chibios/os/rt/src/chschd.o
                0x08006138                chSchGoSleepS
 .text.chSchGoSleepTimeoutS
                0x08006158       0x40 .build/obj_projectkb_alice/lib/chibios/os/rt/src/chschd.o
                0x08006158                chSchGoSleepTimeoutS
 .text.chSchWakeupS
                0x08006198       0x34 .build/obj_projectkb_alice/lib/chibios/os/rt/src/chschd.o
                0x08006198                chSchWakeupS
 .text.chSchIsPreemptionRequired
                0x080061cc       0x18 .build/obj_projectkb_alice/lib/chibios/os/rt/src/chschd.o
                0x080061cc                chSchIsPreemptionRequired
 .text.chSchDoRescheduleAhead
                0x080061e4       0x28 .build/obj_projectkb_alice/lib/chibios/os/rt/src/chschd.o
                0x080061e4                chSchDoRescheduleAhead
 .text.chSchDoReschedule
                0x0800620c        0x8 .build/obj_projectkb_alice/lib/chibios/os/rt/src/chschd.o
                0x0800620c                chSchDoReschedule
 .text._thread_init
                0x08006214       0x34 .build/obj_projectkb_alice/lib/chibios/os/rt/src/chthreads.o
                0x08006214                _thread_init
 .text.chThdCreateSuspendedI
                0x08006248       0x28 .build/obj_projectkb_alice/lib/chibios/os/rt/src/chthreads.o
                0x08006248                chThdCreateSuspendedI
 .text.chThdCreate
                0x08006270       0x16 .build/obj_projectkb_alice/lib/chibios/os/rt/src/chthreads.o
                0x08006270                chThdCreate
 *fill*         0x08006286        0x2 
 .text.chThdExitS
                0x08006288       0x38 .build/obj_projectkb_alice/lib/chibios/os/rt/src/chthreads.o
                0x08006288                chThdExitS
 .text.chThdExit
                0x080062c0        0xa .build/obj_projectkb_alice/lib/chibios/os/rt/src/chthreads.o
                0x080062c0                chThdExit
 .text.chThdSleep
                0x080062ca       0x10 .build/obj_projectkb_alice/lib/chibios/os/rt/src/chthreads.o
                0x080062ca                chThdSleep
 *fill*         0x080062da        0x2 
 .text.chThdSuspendTimeoutS
                0x080062dc       0x20 .build/obj_projectkb_alice/lib/chibios/os/rt/src/chthreads.o
                0x080062dc                chThdSuspendTimeoutS
 .text.chThdResumeI
                0x080062fc       0x16 .build/obj_projectkb_alice/lib/chibios/os/rt/src/chthreads.o
                0x080062fc                chThdResumeI
 *fill*         0x08006312        0x2 
 .text.chThdEnqueueTimeoutS
                0x08006314       0x24 .build/obj_projectkb_alice/lib/chibios/os/rt/src/chthreads.o
                0x08006314                chThdEnqueueTimeoutS
 .text.chThdDequeueNextI
                0x08006338       0x16 .build/obj_projectkb_alice/lib/chibios/os/rt/src/chthreads.o
                0x08006338                chThdDequeueNextI
 .text.chThdDequeueAllI
                0x0800634e       0x1c .build/obj_projectkb_alice/lib/chibios/os/rt/src/chthreads.o
                0x0800634e                chThdDequeueAllI
 .text.chMtxObjectInit
                0x0800636a        0xa .build/obj_projectkb_alice/lib/chibios/os/rt/src/chmtx.o
                0x0800636a                chMtxObjectInit
 .text.chMtxLockS
                0x08006374       0x70 .build/obj_projectkb_alice/lib/chibios/os/rt/src/chmtx.o
                0x08006374                chMtxLockS
 .text.chMtxLock
                0x080063e4        0xc .build/obj_projectkb_alice/lib/chibios/os/rt/src/chmtx.o
                0x080063e4                chMtxLock
 .text.chEvtSignalI
                0x080063f0       0x2c .build/obj_projectkb_alice/lib/chibios/os/rt/src/chevents.o
                0x080063f0                chEvtSignalI
 .text.chEvtBroadcastFlagsI
                0x0800641c       0x2a .build/obj_projectkb_alice/lib/chibios/os/rt/src/chevents.o
                0x0800641c                chEvtBroadcastFlagsI
 .text.NMI_Handler
                0x08006446        0xe .build/obj_projectkb_alice/lib/chibios/os/common/ports/ARMCMx/chcore_v6m.o
                0x08006446                NMI_Handler
 .text._port_irq_epilogue
                0x08006454       0x30 .build/obj_projectkb_alice/lib/chibios/os/common/ports/ARMCMx/chcore_v6m.o
                0x08006454                _port_irq_epilogue
 .text.halInit  0x08006484       0x24 .build/obj_projectkb_alice/lib/chibios/os/hal/src/hal.o
                0x08006484                halInit
 .text.ibqObjectInit
                0x080064a8       0x30 .build/obj_projectkb_alice/lib/chibios/os/hal/src/hal_buffers.o
                0x080064a8                ibqObjectInit
 .text.ibqResetI
                0x080064d8       0x1a .build/obj_projectkb_alice/lib/chibios/os/hal/src/hal_buffers.o
                0x080064d8                ibqResetI
 .text.ibqGetEmptyBufferI
                0x080064f2       0x14 .build/obj_projectkb_alice/lib/chibios/os/hal/src/hal_buffers.o
                0x080064f2                ibqGetEmptyBufferI
 .text.ibqPostFullBufferI
                0x08006506       0x24 .build/obj_projectkb_alice/lib/chibios/os/hal/src/hal_buffers.o
                0x08006506                ibqPostFullBufferI
 .text.ibqGetFullBufferTimeoutS
                0x0800652a       0x36 .build/obj_projectkb_alice/lib/chibios/os/hal/src/hal_buffers.o
                0x0800652a                ibqGetFullBufferTimeoutS
 .text.ibqReleaseEmptyBufferS
                0x08006560       0x28 .build/obj_projectkb_alice/lib/chibios/os/hal/src/hal_buffers.o
                0x08006560                ibqReleaseEmptyBufferS
 .text.ibqGetTimeout
                0x08006588       0x30 .build/obj_projectkb_alice/lib/chibios/os/hal/src/hal_buffers.o
                0x08006588                ibqGetTimeout
 .text.ibqReadTimeout
                0x080065b8       0x7a .build/obj_projectkb_alice/lib/chibios/os/hal/src/hal_buffers.o
                0x080065b8                ibqReadTimeout
 .text.obqObjectInit
                0x08006632       0x30 .build/obj_projectkb_alice/lib/chibios/os/hal/src/hal_buffers.o
                0x08006632                obqObjectInit
 .text.obqResetI
                0x08006662       0x1c .build/obj_projectkb_alice/lib/chibios/os/hal/src/hal_buffers.o
                0x08006662                obqResetI
 .text.obqGetFullBufferI
                0x0800667e       0x18 .build/obj_projectkb_alice/lib/chibios/os/hal/src/hal_buffers.o
                0x0800667e                obqGetFullBufferI
 .text.obqReleaseEmptyBufferI
                0x08006696       0x22 .build/obj_projectkb_alice/lib/chibios/os/hal/src/hal_buffers.o
                0x08006696                obqReleaseEmptyBufferI
 .text.obqGetEmptyBufferTimeoutS
                0x080066b8       0x36 .build/obj_projectkb_alice/lib/chibios/os/hal/src/hal_buffers.o
                0x080066b8                obqGetEmptyBufferTimeoutS
 .text.obqPostFullBufferS
                0x080066ee       0x2a .build/obj_projectkb_alice/lib/chibios/os/hal/src/hal_buffers.o
                0x080066ee                obqPostFullBufferS
 .text.obqPutTimeout
                0x08006718       0x3c .build/obj_projectkb_alice/lib/chibios/os/hal/src/hal_buffers.o
                0x08006718                obqPutTimeout
 .text.obqWriteTimeout
                0x08006754       0x7e .build/obj_projectkb_alice/lib/chibios/os/hal/src/hal_buffers.o
                0x08006754                obqWriteTimeout
 .text.obqTryFlushI
                0x080067d2       0x40 .build/obj_projectkb_alice/lib/chibios/os/hal/src/hal_buffers.o
                0x080067d2                obqTryFlushI
 .text.i2cInit  0x08006812        0x8 .build/obj_projectkb_alice/lib/chibios/os/hal/src/hal_i2c.o
                0x08006812                i2cInit
 .text.i2cObjectInit
                0x0800681a       0x12 .build/obj_projectkb_alice/lib/chibios/os/hal/src/hal_i2c.o
                0x0800681a                i2cObjectInit
 .text.pwmInit  0x0800682c        0x8 .build/obj_projectkb_alice/lib/chibios/os/hal/src/hal_pwm.o
                0x0800682c                pwmInit
 .text.pwmObjectInit
                0x08006834        0xe .build/obj_projectkb_alice/lib/chibios/os/hal/src/hal_pwm.o
                0x08006834                pwmObjectInit
 .text.pwmStart
                0x08006842       0x1c .build/obj_projectkb_alice/lib/chibios/os/hal/src/hal_pwm.o
                0x08006842                pwmStart
 .text.pwmStop  0x0800685e       0x18 .build/obj_projectkb_alice/lib/chibios/os/hal/src/hal_pwm.o
                0x0800685e                pwmStop
 .text.pwmEnableChannel
                0x08006876       0x16 .build/obj_projectkb_alice/lib/chibios/os/hal/src/hal_pwm.o
                0x08006876                pwmEnableChannel
 .text.pwmDisableChannel
                0x0800688c       0x16 .build/obj_projectkb_alice/lib/chibios/os/hal/src/hal_pwm.o
                0x0800688c                pwmDisableChannel
 .text.pwmEnablePeriodicNotification
                0x080068a2        0xc .build/obj_projectkb_alice/lib/chibios/os/hal/src/hal_pwm.o
                0x080068a2                pwmEnablePeriodicNotification
 .text.spiInit  0x080068ae        0x8 .build/obj_projectkb_alice/lib/chibios/os/hal/src/hal_spi.o
                0x080068ae                spiInit
 .text.spiObjectInit
                0x080068b6       0x14 .build/obj_projectkb_alice/lib/chibios/os/hal/src/hal_spi.o
                0x080068b6                spiObjectInit
 .text.spiStart
                0x080068ca       0x14 .build/obj_projectkb_alice/lib/chibios/os/hal/src/hal_spi.o
                0x080068ca                spiStart
 .text.spiSelect
                0x080068de       0x14 .build/obj_projectkb_alice/lib/chibios/os/hal/src/hal_spi.o
                0x080068de                spiSelect
 .text.spiStartSend
                0x080068f2       0x10 .build/obj_projectkb_alice/lib/chibios/os/hal/src/hal_spi.o
                0x080068f2                spiStartSend
 .text.spiAcquireBus
                0x08006902        0xa .build/obj_projectkb_alice/lib/chibios/os/hal/src/hal_spi.o
                0x08006902                spiAcquireBus
 .text.stInit   0x0800690c        0x8 .build/obj_projectkb_alice/lib/chibios/os/hal/src/hal_st.o
                0x0800690c                stInit
 .text.stStartAlarm
                0x08006914       0x10 .build/obj_projectkb_alice/lib/chibios/os/hal/src/hal_st.o
                0x08006914                stStartAlarm
 .text.stStopAlarm
                0x08006924        0xa .build/obj_projectkb_alice/lib/chibios/os/hal/src/hal_st.o
                0x08006924                stStopAlarm
 .text.stSetAlarm
                0x0800692e        0x8 .build/obj_projectkb_alice/lib/chibios/os/hal/src/hal_st.o
                0x0800692e                stSetAlarm
 .text.set_address
                0x08006936       0x28 .build/obj_projectkb_alice/lib/chibios/os/hal/src/hal_usb.o
 .text.usbInit  0x0800695e        0x8 .build/obj_projectkb_alice/lib/chibios/os/hal/src/hal_usb.o
                0x0800695e                usbInit
 .text.usbObjectInit
                0x08006966       0x1e .build/obj_projectkb_alice/lib/chibios/os/hal/src/hal_usb.o
                0x08006966                usbObjectInit
 .text.usbStart
                0x08006984       0x26 .build/obj_projectkb_alice/lib/chibios/os/hal/src/hal_usb.o
                0x08006984                usbStart
 .text.usbInitEndpointI
                0x080069aa       0x36 .build/obj_projectkb_alice/lib/chibios/os/hal/src/hal_usb.o
                0x080069aa                usbInitEndpointI
 .text.usbDisableEndpointsI
                0x080069e0       0x50 .build/obj_projectkb_alice/lib/chibios/os/hal/src/hal_usb.o
                0x080069e0                usbDisableEndpointsI
 .text.usbStartReceiveI